<html>
<body>
<pre>
<h1>µVision Build Log</h1>
<h2>Tool Versions:</h2>
IDE-Version: ¦ÌVision V5.35.0.0
Copyright (C) 2021 ARM Ltd and ARM Germany GmbH. All rights reserved.
License Information: gfghf 2867042418@qq.com, gf, LIC=HF82M-X5WHB-D3UM3-AU9T5-CJLCT-Q7632
 
Tool Versions:
Toolchain:       MDK-ARM Professional  Version: 5.35.0.2
Toolchain Path:  D:\Program\Keil\ARM\ARMCC\Bin
C Compiler:      Armcc.exe V5.06 update 7 (build 960)
Assembler:       Armasm.exe V5.06 update 7 (build 960)
Linker/Locator:  ArmLink.exe V5.06 update 7 (build 960)
Library Manager: ArmAr.exe V5.06 update 7 (build 960)
Hex Converter:   FromElf.exe V5.06 update 7 (build 960)
CPU DLL:         SARMCM3.DLL V5.35.0.2
Dialog DLL:      DCM.DLL V1.17.3.0
Target DLL:      CMSIS_AGDI.dll V1.33.0.0
Dialog DLL:      TCM.DLL V1.53.0.0
 
<h2>Project:</h2>
D:\QianRuShiDoc\STMProject\F407_Template\MDK-ARM\F407_Template.uvprojx
Project File Date:  05/11/2024

<h2>Output:</h2>
*** Using Compiler 'V5.06 update 7 (build 960)', folder: 'D:\Program\Keil\ARM\ARMCC\Bin'
Build target 'F407_Template'
compiling gpio.c...
compiling stm32f4xx_hal_msp.c...
compiling rtc.c...
compiling bsp_driver_sd.c...
compiling freertos.c...
compiling fatfs_platform.c...
compiling dma.c...
compiling usart.c...
compiling spi.c...
compiling sdio.c...
compiling stm32f4xx_hal_timebase_tim.c...
compiling stm32f4xx_it.c...
compiling adc.c...
compiling sd_diskio.c...
compiling tim.c...
compiling fatfs.c...
compiling stm32f4xx_hal_pcd.c...
compiling stm32f4xx_hal_pcd_ex.c...
compiling stm32f4xx_hal_dma_ex.c...
compiling stm32f4xx_hal_dma.c...
compiling stm32f4xx_hal_flash_ramfunc.c...
compiling stm32f4xx_ll_adc.c...
compiling stm32f4xx_hal_rcc.c...
compiling stm32f4xx_hal.c...
compiling stm32f4xx_hal_cortex.c...
compiling stm32f4xx_hal_flash.c...
compiling stm32f4xx_hal_gpio.c...
compiling stm32f4xx_hal_flash_ex.c...
compiling stm32f4xx_hal_pwr.c...
compiling stm32f4xx_ll_usb.c...
compiling stm32f4xx_hal_pwr_ex.c...
compiling stm32f4xx_hal_exti.c...
compiling stm32f4xx_hal_rcc_ex.c...
compiling stm32f4xx_hal_adc.c...
compiling stm32f4xx_hal_adc_ex.c...
compiling stm32f4xx_hal_rtc.c...
compiling stm32f4xx_hal_spi.c...
compiling stm32f4xx_hal_uart.c...
compiling stm32f4xx_hal_tim.c...
compiling syscall.c...
compiling stm32f4xx_hal_rtc_ex.c...
compiling stm32f4xx_hal_tim_ex.c...
compiling stm32f4xx_ll_sdmmc.c...
compiling system_stm32f4xx.c...
compiling croutine.c...
compiling event_groups.c...
compiling list.c...
compiling queue.c...
compiling stream_buffer.c...
compiling ff.c...
compiling ccsbcs.c...
compiling tasks.c...
compiling timers.c...
compiling stm32f4xx_hal_sd.c...
compiling heap_4.c...
compiling diskio.c...
compiling port.c...
compiling OLED_Data.c...
compiling ff_gen_drv.c...
compiling usb_device.c...
compiling usbd_core.c...
compiling HC_SR04.c...
compiling cmsis_os2.c...
compiling DUOJI.c...
compiling usbd_ioreq.c...
compiling usbd_conf.c...
compiling usbd_cdc_if.c...
compiling usbd_ctlreq.c...
compiling usbd_desc.c...
compiling wifi.c...
compiling usbd_cdc.c...
compiling OLED.c...
linking...
Program Size: Code=35736 RO-data=672 RW-data=212 ZI-data=22268  
FromELF: creating hex file...
"F407_Template\F407_Template.axf" - 0 Error(s), 0 Warning(s).

<h2>Software Packages used:</h2>

Package Vendor: ARM
                http://www.keil.com/pack/ARM.CMSIS.5.9.0.pack
                ARM.CMSIS.5.9.0
                CMSIS (Common Microcontroller Software Interface Standard)
   * Component: CORE Version: 5.6.0

Package Vendor: Keil
                https://www.keil.com/pack/Keil.STM32F4xx_DFP.2.17.1.pack
                Keil.STM32F4xx_DFP.2.17.1
                STMicroelectronics STM32F4 Series Device Support, Drivers and Examples

<h2>Collection of Component include folders:</h2>
  .\RTE\_F407_Template
  D:\Program\Keil\ARM\CMSIS\5.9.0\CMSIS\Core\Include
  D:\Program\Keil\Keil\STM32F4xx_DFP\2.17.1\Drivers\CMSIS\Device\ST\STM32F4xx\Include

<h2>Collection of Component Files used:</h2>

   * Component: ARM::CMSIS:CORE:5.6.0
      Include file:  CMSIS\Core\Include\tz_context.h
Build Time Elapsed:  00:00:32
</pre>
</body>
</html>
