Component: ARM Compiler 5.06 update 7 (build 960) Tool: armlink [4d3601]

==============================================================================

Section Cross References

    startup_stm32f407xx.o(RESET) refers to startup_stm32f407xx.o(STACK) for __initial_sp
    startup_stm32f407xx.o(RESET) refers to startup_stm32f407xx.o(.text) for Reset_Handler
    startup_stm32f407xx.o(RESET) refers to stm32f4xx_it.o(i.NMI_Handler) for NMI_Handler
    startup_stm32f407xx.o(RESET) refers to stm32f4xx_it.o(i.HardFault_Handler) for HardFault_Handler
    startup_stm32f407xx.o(RESET) refers to stm32f4xx_it.o(i.MemManage_Handler) for MemManage_Handler
    startup_stm32f407xx.o(RESET) refers to stm32f4xx_it.o(i.BusFault_Handler) for BusFault_Handler
    startup_stm32f407xx.o(RESET) refers to stm32f4xx_it.o(i.UsageFault_Handler) for UsageFault_Handler
    startup_stm32f407xx.o(RESET) refers to port.o(.emb_text) for SVC_Handler
    startup_stm32f407xx.o(RESET) refers to stm32f4xx_it.o(i.DebugMon_Handler) for DebugMon_Handler
    startup_stm32f407xx.o(RESET) refers to cmsis_os2.o(i.SysTick_Handler) for SysTick_Handler
    startup_stm32f407xx.o(RESET) refers to stm32f4xx_it.o(i.RCC_IRQHandler) for RCC_IRQHandler
    startup_stm32f407xx.o(RESET) refers to stm32f4xx_it.o(i.DMA1_Stream5_IRQHandler) for DMA1_Stream5_IRQHandler
    startup_stm32f407xx.o(RESET) refers to stm32f4xx_it.o(i.DMA1_Stream6_IRQHandler) for DMA1_Stream6_IRQHandler
    startup_stm32f407xx.o(RESET) refers to stm32f4xx_it.o(i.ADC_IRQHandler) for ADC_IRQHandler
    startup_stm32f407xx.o(RESET) refers to stm32f4xx_it.o(i.USART1_IRQHandler) for USART1_IRQHandler
    startup_stm32f407xx.o(RESET) refers to stm32f4xx_it.o(i.USART2_IRQHandler) for USART2_IRQHandler
    startup_stm32f407xx.o(RESET) refers to stm32f4xx_it.o(i.RTC_Alarm_IRQHandler) for RTC_Alarm_IRQHandler
    startup_stm32f407xx.o(RESET) refers to stm32f4xx_it.o(i.SDIO_IRQHandler) for SDIO_IRQHandler
    startup_stm32f407xx.o(RESET) refers to stm32f4xx_it.o(i.TIM6_DAC_IRQHandler) for TIM6_DAC_IRQHandler
    startup_stm32f407xx.o(RESET) refers to stm32f4xx_it.o(i.DMA2_Stream0_IRQHandler) for DMA2_Stream0_IRQHandler
    startup_stm32f407xx.o(RESET) refers to stm32f4xx_it.o(i.DMA2_Stream2_IRQHandler) for DMA2_Stream2_IRQHandler
    startup_stm32f407xx.o(RESET) refers to stm32f4xx_it.o(i.DMA2_Stream3_IRQHandler) for DMA2_Stream3_IRQHandler
    startup_stm32f407xx.o(RESET) refers to stm32f4xx_it.o(i.OTG_FS_IRQHandler) for OTG_FS_IRQHandler
    startup_stm32f407xx.o(RESET) refers to stm32f4xx_it.o(i.DMA2_Stream5_IRQHandler) for DMA2_Stream5_IRQHandler
    startup_stm32f407xx.o(RESET) refers to stm32f4xx_it.o(i.DMA2_Stream6_IRQHandler) for DMA2_Stream6_IRQHandler
    startup_stm32f407xx.o(RESET) refers to stm32f4xx_it.o(i.DMA2_Stream7_IRQHandler) for DMA2_Stream7_IRQHandler
    startup_stm32f407xx.o(.text) refers to system_stm32f4xx.o(i.SystemInit) for SystemInit
    startup_stm32f407xx.o(.text) refers to entry.o(.ARM.Collect$$$$00000000) for __main
    main.o(i.HAL_TIM_PeriodElapsedCallback) refers to stm32f4xx_hal.o(i.HAL_IncTick) for HAL_IncTick
    main.o(i.HAL_TIM_PeriodElapsedCallback) refers to stm32f4xx_hal_gpio.o(i.HAL_GPIO_TogglePin) for HAL_GPIO_TogglePin
    main.o(i.HAL_TIM_PeriodElapsedCallback) refers to stm32f4xx_hal_gpio.o(i.HAL_GPIO_WritePin) for HAL_GPIO_WritePin
    main.o(i.HAL_TIM_PeriodElapsedCallback) refers to main.o(.data) for .data
    main.o(i.SystemClock_Config) refers to memseta.o(.text) for __aeabi_memclr4
    main.o(i.SystemClock_Config) refers to stm32f4xx_hal_rcc.o(i.HAL_RCC_OscConfig) for HAL_RCC_OscConfig
    main.o(i.SystemClock_Config) refers to main.o(i.Error_Handler) for Error_Handler
    main.o(i.SystemClock_Config) refers to stm32f4xx_hal_rcc.o(i.HAL_RCC_ClockConfig) for HAL_RCC_ClockConfig
    main.o(i.WIFI_test) refers to esp8266client.o(i.ESP82_Init) for ESP82_Init
    main.o(i.WIFI_test) refers to stm32f4xx_hal.o(i.HAL_Delay) for HAL_Delay
    main.o(i.WIFI_test) refers to esp8266client.o(i.ESP82AtTest) for ESP82AtTest
    main.o(i.WIFI_test) refers to printfa.o(i.__0printf) for __2printf
    main.o(i.WIFI_test) refers to esp8266client.o(i.ESP82_set_mode) for ESP82_set_mode
    main.o(i.WIFI_test) refers to esp8266client.o(i.ESP82_JoinAP) for ESP82_JoinAP
    main.o(i.WIFI_test) refers to esp8266client.o(i.ESP82_connect_tcp_server) for ESP82_connect_tcp_server
    main.o(i.main) refers to stm32f4xx_hal.o(i.HAL_Init) for HAL_Init
    main.o(i.main) refers to main.o(i.SystemClock_Config) for SystemClock_Config
    main.o(i.main) refers to gpio.o(i.MX_GPIO_Init) for MX_GPIO_Init
    main.o(i.main) refers to dma.o(i.MX_DMA_Init) for MX_DMA_Init
    main.o(i.main) refers to rtc.o(i.MX_RTC_Init) for MX_RTC_Init
    main.o(i.main) refers to tim.o(i.MX_TIM2_Init) for MX_TIM2_Init
    main.o(i.main) refers to sdio.o(i.MX_SDIO_SD_Init) for MX_SDIO_SD_Init
    main.o(i.main) refers to fatfs.o(i.MX_FATFS_Init) for MX_FATFS_Init
[...]
    HAL_DMA_IRQHandler                       0x080012d1   Thumb Code   460  stm32f4xx_hal_dma.o(i.HAL_DMA_IRQHandler)
    HAL_DMA_Init                             0x080014a1   Thumb Code   208  stm32f4xx_hal_dma.o(i.HAL_DMA_Init)
    HAL_DMA_Start_IT                         0x08001575   Thumb Code   110  stm32f4xx_hal_dma.o(i.HAL_DMA_Start_IT)
    HAL_Delay                                0x080015e5   Thumb Code    32  stm32f4xx_hal.o(i.HAL_Delay)
    HAL_GPIO_Init                            0x08001609   Thumb Code   420  stm32f4xx_hal_gpio.o(i.HAL_GPIO_Init)
    HAL_GPIO_ReadPin                         0x080017d9   Thumb Code    14  stm32f4xx_hal_gpio.o(i.HAL_GPIO_ReadPin)
    HAL_GPIO_TogglePin                       0x080017e7   Thumb Code    16  stm32f4xx_hal_gpio.o(i.HAL_GPIO_TogglePin)
    HAL_GPIO_WritePin                        0x080017f7   Thumb Code    14  stm32f4xx_hal_gpio.o(i.HAL_GPIO_WritePin)
    HAL_GetTick                              0x08001805   Thumb Code     6  stm32f4xx_hal.o(i.HAL_GetTick)
    HAL_IncTick                              0x08001811   Thumb Code    12  stm32f4xx_hal.o(i.HAL_IncTick)
    HAL_Init                                 0x08001821   Thumb Code    48  stm32f4xx_hal.o(i.HAL_Init)
    HAL_InitTick                             0x08001855   Thumb Code   132  stm32f4xx_hal_timebase_tim.o(i.HAL_InitTick)
    HAL_MspInit                              0x080018ed   Thumb Code    70  stm32f4xx_hal_msp.o(i.HAL_MspInit)
    HAL_NVIC_EnableIRQ                       0x08001939   Thumb Code    26  stm32f4xx_hal_cortex.o(i.HAL_NVIC_EnableIRQ)
    HAL_NVIC_SetPriority                     0x08001955   Thumb Code    60  stm32f4xx_hal_cortex.o(i.HAL_NVIC_SetPriority)
    HAL_NVIC_SetPriorityGrouping             0x08001995   Thumb Code    26  stm32f4xx_hal_cortex.o(i.HAL_NVIC_SetPriorityGrouping)
    HAL_PCDEx_LPM_Callback                   0x080019b9   Thumb Code     2  stm32f4xx_hal_pcd_ex.o(i.HAL_PCDEx_LPM_Callback)
    HAL_PCD_ConnectCallback                  0x080019bb   Thumb Code     8  usbd_conf.o(i.HAL_PCD_ConnectCallback)
    HAL_PCD_DataInStageCallback              0x080019c3   Thumb Code    18  usbd_conf.o(i.HAL_PCD_DataInStageCallback)
    HAL_PCD_DataOutStageCallback             0x080019d5   Thumb Code    20  usbd_conf.o(i.HAL_PCD_DataOutStageCallback)
    HAL_PCD_DisconnectCallback               0x080019e9   Thumb Code     8  usbd_conf.o(i.HAL_PCD_DisconnectCallback)
    HAL_PCD_EP_Abort                         0x080019f1   Thumb Code    30  stm32f4xx_hal_pcd.o(i.HAL_PCD_EP_Abort)
    HAL_PCD_EP_ClrStall                      0x08001a0f   Thumb Code    88  stm32f4xx_hal_pcd.o(i.HAL_PCD_EP_ClrStall)
    HAL_PCD_EP_Open                          0x08001a67   Thumb Code    92  stm32f4xx_hal_pcd.o(i.HAL_PCD_EP_Open)
    HAL_PCD_EP_Receive                       0x08001ac3   Thumb Code    50  stm32f4xx_hal_pcd.o(i.HAL_PCD_EP_Receive)
    HAL_PCD_EP_SetStall                      0x08001af5   Thumb Code   112  stm32f4xx_hal_pcd.o(i.HAL_PCD_EP_SetStall)
    HAL_PCD_EP_Transmit                      0x08001b65   Thumb Code    50  stm32f4xx_hal_pcd.o(i.HAL_PCD_EP_Transmit)
    HAL_PCD_IRQHandler                       0x08001b97   Thumb Code  1288  stm32f4xx_hal_pcd.o(i.HAL_PCD_IRQHandler)
    HAL_PCD_ISOINIncompleteCallback          0x0800209f   Thumb Code     8  usbd_conf.o(i.HAL_PCD_ISOINIncompleteCallback)
    HAL_PCD_ISOOUTIncompleteCallback         0x080020a7   Thumb Code     8  usbd_conf.o(i.HAL_PCD_ISOOUTIncompleteCallback)
    HAL_PCD_ResetCallback                    0x080020af   Thumb Code    46  usbd_conf.o(i.HAL_PCD_ResetCallback)
    HAL_PCD_ResumeCallback                   0x080020dd   Thumb Code     8  usbd_conf.o(i.HAL_PCD_ResumeCallback)
    HAL_PCD_SOFCallback                      0x080020e5   Thumb Code     8  usbd_conf.o(i.HAL_PCD_SOFCallback)
    HAL_PCD_SetAddress                       0x080020ed   Thumb Code    38  stm32f4xx_hal_pcd.o(i.HAL_PCD_SetAddress)
    HAL_PCD_SetupStageCallback               0x08002113   Thumb Code    14  usbd_conf.o(i.HAL_PCD_SetupStageCallback)
    HAL_PCD_SuspendCallback                  0x08002121   Thumb Code    44  usbd_conf.o(i.HAL_PCD_SuspendCallback)
    HAL_PWR_EnableBkUpAccess                 0x08002151   Thumb Code    16  stm32f4xx_hal_pwr.o(i.HAL_PWR_EnableBkUpAccess)
    HAL_RCCEx_PeriphCLKConfig                0x08002169   Thumb Code   306  stm32f4xx_hal_rcc_ex.o(i.HAL_RCCEx_PeriphCLKConfig)
    HAL_RCC_ClockConfig                      0x080022b1   Thumb Code   310  stm32f4xx_hal_rcc.o(i.HAL_RCC_ClockConfig)
    HAL_RCC_GetClockConfig                   0x080023fd   Thumb Code    52  stm32f4xx_hal_rcc.o(i.HAL_RCC_GetClockConfig)
    HAL_RCC_GetHCLKFreq                      0x08002439   Thumb Code     6  stm32f4xx_hal_rcc.o(i.HAL_RCC_GetHCLKFreq)
    HAL_RCC_GetPCLK1Freq                     0x08002445   Thumb Code    22  stm32f4xx_hal_rcc.o(i.HAL_RCC_GetPCLK1Freq)
    HAL_RCC_GetPCLK2Freq                     0x08002465   Thumb Code    22  stm32f4xx_hal_rcc.o(i.HAL_RCC_GetPCLK2Freq)
    HAL_RCC_GetSysClockFreq                  0x08002485   Thumb Code    94  stm32f4xx_hal_rcc.o(i.HAL_RCC_GetSysClockFreq)
    HAL_RCC_OscConfig                        0x080024ed   Thumb Code   942  stm32f4xx_hal_rcc.o(i.HAL_RCC_OscConfig)
    HAL_RTCEx_AlarmBEventCallback            0x080028ad   Thumb Code     2  stm32f4xx_hal_rtc_ex.o(i.HAL_RTCEx_AlarmBEventCallback)
    HAL_RTCEx_BKUPRead                       0x080028af   Thumb Code    12  stm32f4xx_hal_rtc_ex.o(i.HAL_RTCEx_BKUPRead)
    HAL_RTCEx_BKUPWrite                      0x080028bb   Thumb Code    12  stm32f4xx_hal_rtc_ex.o(i.HAL_RTCEx_BKUPWrite)
    HAL_RTC_AlarmAEventCallback              0x080028c7   Thumb Code     2  stm32f4xx_hal_rtc.o(i.HAL_RTC_AlarmAEventCallback)
    HAL_RTC_AlarmIRQHandler                  0x080028c9   Thumb Code    82  stm32f4xx_hal_rtc.o(i.HAL_RTC_AlarmIRQHandler)
    HAL_RTC_GetDate                          0x08002921   Thumb Code    64  stm32f4xx_hal_rtc.o(i.HAL_RTC_GetDate)
    HAL_RTC_GetTime                          0x08002965   Thumb Code    80  stm32f4xx_hal_rtc.o(i.HAL_RTC_GetTime)
    HAL_RTC_Init                             0x080029b9   Thumb Code   154  stm32f4xx_hal_rtc.o(i.HAL_RTC_Init)
    HAL_RTC_MspInit                          0x08002a59   Thumb Code    64  rtc.o(i.HAL_RTC_MspInit)
    HAL_RTC_SetAlarm_IT                      0x08002aa1   Thumb Code   414  stm32f4xx_hal_rtc.o(i.HAL_RTC_SetAlarm_IT)
    HAL_RTC_SetDate                          0x08002c49   Thumb Code   150  stm32f4xx_hal_rtc.o(i.HAL_RTC_SetDate)
    HAL_RTC_SetTime                          0x08002ce5   Thumb Code   186  stm32f4xx_hal_rtc.o(i.HAL_RTC_SetTime)
    HAL_RTC_WaitForSynchro                   0x08002da5   Thumb Code    48  stm32f4xx_hal_rtc.o(i.HAL_RTC_WaitForSynchro)
    HAL_SD_AbortCallback                     0x08002dd9   Thumb Code     8  bsp_driver_sd.o(i.HAL_SD_AbortCallback)
    HAL_SD_ConfigWideBusOperation            0x08002de1   Thumb Code   192  stm32f4xx_hal_sd.o(i.HAL_SD_ConfigWideBusOperation)
    HAL_SD_ErrorCallback                     0x08002ea5   Thumb Code     2  stm32f4xx_hal_sd.o(i.HAL_SD_ErrorCallback)
    HAL_SD_GetCardCSD                        0x08002ea9   Thumb Code   398  stm32f4xx_hal_sd.o(i.HAL_SD_GetCardCSD)
    HAL_SD_GetCardInfo                       0x0800303d   Thumb Code    36  stm32f4xx_hal_sd.o(i.HAL_SD_GetCardInfo)
    HAL_SD_GetCardState                      0x08003061   Thumb Code    32  stm32f4xx_hal_sd.o(i.HAL_SD_GetCardState)
    HAL_SD_IRQHandler                        0x08003081   Thumb Code   460  stm32f4xx_hal_sd.o(i.HAL_SD_IRQHandler)
    HAL_SD_Init                              0x08003255   Thumb Code    62  stm32f4xx_hal_sd.o(i.HAL_SD_Init)
    HAL_SD_InitCard                          0x08003295   Thumb Code   148  stm32f4xx_hal_sd.o(i.HAL_SD_InitCard)
    HAL_SD_MspInit                           0x08003331   Thumb Code   326  sdio.o(i.HAL_SD_MspInit)
    HAL_SD_ReadBlocks_DMA                    0x08003491   Thumb Code   300  stm32f4xx_hal_sd.o(i.HAL_SD_ReadBlocks_DMA)
    HAL_SD_RxCpltCallback                    0x080035cd   Thumb Code     8  bsp_driver_sd.o(i.HAL_SD_RxCpltCallback)
    HAL_SD_TxCpltCallback                    0x080035d5   Thumb Code     8  bsp_driver_sd.o(i.HAL_SD_TxCpltCallback)
    HAL_SD_WriteBlocks_DMA                   0x080035dd   Thumb Code   288  stm32f4xx_hal_sd.o(i.HAL_SD_WriteBlocks_DMA)
    HAL_SPI_Init                             0x0800370d   Thumb Code   190  stm32f4xx_hal_spi.o(i.HAL_SPI_Init)
    HAL_SPI_MspInit                          0x080037cd   Thumb Code   200  spi.o(i.HAL_SPI_MspInit)
    HAL_TIMEx_BreakCallback                  0x080038a9   Thumb Code     2  stm32f4xx_hal_tim_ex.o(i.HAL_TIMEx_BreakCallback)
    HAL_TIMEx_CommutCallback                 0x080038ab   Thumb Code     2  stm32f4xx_hal_tim_ex.o(i.HAL_TIMEx_CommutCallback)
    HAL_TIMEx_MasterConfigSynchronization    0x080038ad   Thumb Code   114  stm32f4xx_hal_tim_ex.o(i.HAL_TIMEx_MasterConfigSynchronization)
    HAL_TIM_Base_Init                        0x0800393d   Thumb Code    74  stm32f4xx_hal_tim.o(i.HAL_TIM_Base_Init)
    HAL_TIM_Base_MspInit                     0x08003989   Thumb Code    30  tim.o(i.HAL_TIM_Base_MspInit)
    HAL_TIM_Base_Start_IT                    0x080039ad   Thumb Code   110  stm32f4xx_hal_tim.o(i.HAL_TIM_Base_Start_IT)
    HAL_TIM_ConfigClockSource                0x08003a39   Thumb Code   232  stm32f4xx_hal_tim.o(i.HAL_TIM_ConfigClockSource)
    HAL_TIM_IC_CaptureCallback               0x08003b21   Thumb Code     2  stm32f4xx_hal_tim.o(i.HAL_TIM_IC_CaptureCallback)
    HAL_TIM_IRQHandler                       0x08003b23   Thumb Code   312  stm32f4xx_hal_tim.o(i.HAL_TIM_IRQHandler)
    HAL_TIM_OC_DelayElapsedCallback          0x08003c5b   Thumb Code     2  stm32f4xx_hal_tim.o(i.HAL_TIM_OC_DelayElapsedCallback)
    HAL_TIM_PWM_PulseFinishedCallback        0x08003c5d   Thumb Code     2  stm32f4xx_hal_tim.o(i.HAL_TIM_PWM_PulseFinishedCallback)
    HAL_TIM_PeriodElapsedCallback            0x08003c61   Thumb Code    56  main.o(i.HAL_TIM_PeriodElapsedCallback)
    HAL_TIM_TriggerCallback                  0x08003ca5   Thumb Code     2  stm32f4xx_hal_tim.o(i.HAL_TIM_TriggerCallback)
    HAL_UARTEx_RxEventCallback               0x08003ca7   Thumb Code     2  stm32f4xx_hal_uart.o(i.HAL_UARTEx_RxEventCallback)
    HAL_UART_ErrorCallback                   0x08003ca9   Thumb Code     2  stm32f4xx_hal_uart.o(i.HAL_UART_ErrorCallback)
    HAL_UART_IRQHandler                      0x08003cad   Thumb Code   556  stm32f4xx_hal_uart.o(i.HAL_UART_IRQHandler)
    HAL_UART_Init                            0x08003edd   Thumb Code   102  stm32f4xx_hal_uart.o(i.HAL_UART_Init)
    HAL_UART_MspInit                         0x08003f45   Thumb Code   418  usart.o(i.HAL_UART_MspInit)
    HAL_UART_Receive                         0x08004109   Thumb Code   178  stm32f4xx_hal_uart.o(i.HAL_UART_Receive)
    HAL_UART_Receive_DMA                     0x080041bb   Thumb Code    28  stm32f4xx_hal_uart.o(i.HAL_UART_Receive_DMA)
    HAL_UART_RxCpltCallback                  0x080041d7   Thumb Code     2  stm32f4xx_hal_uart.o(i.HAL_UART_RxCpltCallback)
    HAL_UART_RxHalfCpltCallback              0x080041d9   Thumb Code     2  stm32f4xx_hal_uart.o(i.HAL_UART_RxHalfCpltCallback)
    HAL_UART_Transmit                        0x080041db   Thumb Code   174  stm32f4xx_hal_uart.o(i.HAL_UART_Transmit)
    HAL_UART_Transmit_DMA                    0x08004289   Thumb Code   112  stm32f4xx_hal_uart.o(i.HAL_UART_Transmit_DMA)
    HAL_UART_TxCpltCallback                  0x08004305   Thumb Code     2  stm32f4xx_hal_uart.o(i.HAL_UART_TxCpltCallback)
    HAL_UART_TxHalfCpltCallback              0x08004307   Thumb Code     2  stm32f4xx_hal_uart.o(i.HAL_UART_TxHalfCpltCallback)
    HardFault_Handler                        0x08004309   Thumb Code     2  stm32f4xx_it.o(i.HardFault_Handler)
    MX_ADC1_Init                             0x0800430d   Thumb Code    86  adc.o(i.MX_ADC1_Init)
    MX_DMA_Init                              0x08004371   Thumb Code   168  dma.o(i.MX_DMA_Init)
    MX_FATFS_Init                            0x0800441d   Thumb Code    18  fatfs.o(i.MX_FATFS_Init)
    MX_GPIO_Init                             0x08004439   Thumb Code   222  gpio.o(i.MX_GPIO_Init)
    MX_RTC_Init                              0x08004529   Thumb Code   252  rtc.o(i.MX_RTC_Init)
    MX_SDIO_SD_Init                          0x08004631   Thumb Code    28  sdio.o(i.MX_SDIO_SD_Init)
    MX_SPI1_Init                             0x08004655   Thumb Code    60  spi.o(i.MX_SPI1_Init)
    MX_TIM2_Init                             0x08004699   Thumb Code    96  tim.o(i.MX_TIM2_Init)
    MX_USART1_UART_Init                      0x080046fd   Thumb Code    48  usart.o(i.MX_USART1_UART_Init)
    MX_USART2_UART_Init                      0x08004735   Thumb Code    54  usart.o(i.MX_USART2_UART_Init)
    MemManage_Handler                        0x08004775   Thumb Code     2  stm32f4xx_it.o(i.MemManage_Handler)
    NMI_Handler                              0x08004777   Thumb Code     2  stm32f4xx_it.o(i.NMI_Handler)
    OTG_FS_IRQHandler                        0x08004779   Thumb Code     6  stm32f4xx_it.o(i.OTG_FS_IRQHandler)
    RCC_IRQHandler                           0x0800494d   Thumb Code     2  stm32f4xx_it.o(i.RCC_IRQHandler)
    RTC_AlarmConfig                          0x08004951   Thumb Code   108  rtc.o(i.RTC_AlarmConfig)
    RTC_Alarm_IRQHandler                     0x080049c9   Thumb Code     6  stm32f4xx_it.o(i.RTC_Alarm_IRQHandler)
    RTC_Bcd2ToByte                           0x080049d5   Thumb Code    18  stm32f4xx_hal_rtc.o(i.RTC_Bcd2ToByte)
    RTC_ByteToBcd2                           0x080049e7   Thumb Code    22  stm32f4xx_hal_rtc.o(i.RTC_ByteToBcd2)
    RTC_EnterInitMode                        0x080049fd   Thumb Code    70  stm32f4xx_hal_rtc.o(i.RTC_EnterInitMode)
    RTC_ExitInitMode                         0x08004a43   Thumb Code    42  stm32f4xx_hal_rtc.o(i.RTC_ExitInitMode)
    SDIO_ConfigData                          0x08004a6d   Thumb Code    36  stm32f4xx_ll_sdmmc.o(i.SDIO_ConfigData)
    SDIO_GetCommandResponse                  0x08004a91   Thumb Code     6  stm32f4xx_ll_sdmmc.o(i.SDIO_GetCommandResponse)
    SDIO_GetPowerState                       0x08004a97   Thumb Code     8  stm32f4xx_ll_sdmmc.o(i.SDIO_GetPowerState)
    SDIO_GetResponse                         0x08004a9f   Thumb Code     6  stm32f4xx_ll_sdmmc.o(i.SDIO_GetResponse)
    SDIO_IRQHandler                          0x08004aa5   Thumb Code     6  stm32f4xx_it.o(i.SDIO_IRQHandler)
    SDIO_Init                                0x08004ab1   Thumb Code    42  stm32f4xx_ll_sdmmc.o(i.SDIO_Init)
    SDIO_PowerState_ON                       0x08004adb   Thumb Code     8  stm32f4xx_ll_sdmmc.o(i.SDIO_PowerState_ON)
    SDIO_ReadFIFO                            0x08004ae3   Thumb Code     6  stm32f4xx_ll_sdmmc.o(i.SDIO_ReadFIFO)
    SDIO_SendCommand                         0x08004ae9   Thumb Code    32  stm32f4xx_ll_sdmmc.o(i.SDIO_SendCommand)
    SDIO_WriteFIFO                           0x08004b09   Thumb Code    10  stm32f4xx_ll_sdmmc.o(i.SDIO_WriteFIFO)
    SDMMC_CmdAppCommand                      0x08004b13   Thumb Code    50  stm32f4xx_ll_sdmmc.o(i.SDMMC_CmdAppCommand)
    SDMMC_CmdAppOperCommand                  0x08004b45   Thumb Code    46  stm32f4xx_ll_sdmmc.o(i.SDMMC_CmdAppOperCommand)
    SDMMC_CmdBlockLength                     0x08004b79   Thumb Code    50  stm32f4xx_ll_sdmmc.o(i.SDMMC_CmdBlockLength)
    SDMMC_CmdBusWidth                        0x08004bab   Thumb Code    50  stm32f4xx_ll_sdmmc.o(i.SDMMC_CmdBusWidth)
    SDMMC_CmdGoIdleState                     0x08004bdd   Thumb Code    40  stm32f4xx_ll_sdmmc.o(i.SDMMC_CmdGoIdleState)
    SDMMC_CmdOperCond                        0x08004c05   Thumb Code    48  stm32f4xx_ll_sdmmc.o(i.SDMMC_CmdOperCond)
    SDMMC_CmdReadMultiBlock                  0x08004c35   Thumb Code    50  stm32f4xx_ll_sdmmc.o(i.SDMMC_CmdReadMultiBlock)
    SDMMC_CmdReadSingleBlock                 0x08004c67   Thumb Code    50  stm32f4xx_ll_sdmmc.o(i.SDMMC_CmdReadSingleBlock)
    SDMMC_CmdSelDesel                        0x08004c99   Thumb Code    50  stm32f4xx_ll_sdmmc.o(i.SDMMC_CmdSelDesel)
    SDMMC_CmdSendCID                         0x08004ccb   Thumb Code    44  stm32f4xx_ll_sdmmc.o(i.SDMMC_CmdSendCID)
    SDMMC_CmdSendCSD                         0x08004cf7   Thumb Code    44  stm32f4xx_ll_sdmmc.o(i.SDMMC_CmdSendCSD)
    SDMMC_CmdSendSCR                         0x08004d23   Thumb Code    48  stm32f4xx_ll_sdmmc.o(i.SDMMC_CmdSendSCR)
    SDMMC_CmdSendStatus                      0x08004d53   Thumb Code    50  stm32f4xx_ll_sdmmc.o(i.SDMMC_CmdSendStatus)
    SDMMC_CmdSetRelAdd                       0x08004d85   Thumb Code    48  stm32f4xx_ll_sdmmc.o(i.SDMMC_CmdSetRelAdd)
    SDMMC_CmdStopTransfer                    0x08004db5   Thumb Code    46  stm32f4xx_ll_sdmmc.o(i.SDMMC_CmdStopTransfer)
    SDMMC_CmdWriteMultiBlock                 0x08004de9   Thumb Code    50  stm32f4xx_ll_sdmmc.o(i.SDMMC_CmdWriteMultiBlock)
    SDMMC_CmdWriteSingleBlock                0x08004e1b   Thumb Code    50  stm32f4xx_ll_sdmmc.o(i.SDMMC_CmdWriteSingleBlock)
    SDMMC_GetCmdResp1                        0x08004e7d   Thumb Code   284  stm32f4xx_ll_sdmmc.o(i.SDMMC_GetCmdResp1)
    SDMMC_GetCmdResp2                        0x08004fa1   Thumb Code    78  stm32f4xx_ll_sdmmc.o(i.SDMMC_GetCmdResp2)
    SDMMC_GetCmdResp3                        0x08004ff5   Thumb Code    64  stm32f4xx_ll_sdmmc.o(i.SDMMC_GetCmdResp3)
    SDMMC_GetCmdResp6                        0x08005039   Thumb Code   136  stm32f4xx_ll_sdmmc.o(i.SDMMC_GetCmdResp6)
    SDMMC_GetCmdResp7                        0x080050c5   Thumb Code    84  stm32f4xx_ll_sdmmc.o(i.SDMMC_GetCmdResp7)
    SD_initialize                            0x080056a5   Thumb Code    70  sd_diskio.o(i.SD_initialize)
    SD_ioctl                                 0x080056f1   Thumb Code    86  sd_diskio.o(i.SD_ioctl)
    SD_read                                  0x0800574d   Thumb Code   100  sd_diskio.o(i.SD_read)
    SD_status                                0x080057b5   Thumb Code     4  sd_diskio.o(i.SD_status)
    SD_write                                 0x080057b9   Thumb Code   100  sd_diskio.o(i.SD_write)
    SysTick_Handler                          0x0800582b   Thumb Code    26  cmsis_os2.o(i.SysTick_Handler)
    SystemClock_Config                       0x08005845   Thumb Code   146  main.o(i.SystemClock_Config)
    SystemInit                               0x080058e1   Thumb Code    12  system_stm32f4xx.o(i.SystemInit)
    TIM6_DAC_IRQHandler                      0x080058f1   Thumb Code     6  stm32f4xx_it.o(i.TIM6_DAC_IRQHandler)
    TIM_Base_SetConfig                       0x080058fd   Thumb Code   174  stm32f4xx_hal_tim.o(i.TIM_Base_SetConfig)
    TIM_ETR_SetConfig                        0x080059d9   Thumb Code    20  stm32f4xx_hal_tim.o(i.TIM_ETR_SetConfig)
    UART_Start_Receive_DMA                   0x08005ded   Thumb Code   134  stm32f4xx_hal_uart.o(i.UART_Start_Receive_DMA)
    USART1_IRQHandler                        0x08005f55   Thumb Code     6  stm32f4xx_it.o(i.USART1_IRQHandler)
    USART2_IRQHandler                        0x08005f61   Thumb Code    16  stm32f4xx_it.o(i.USART2_IRQHandler)
    USBD_ClrClassConfig                      0x08005f75   Thumb Code    20  usbd_core.o(i.USBD_ClrClassConfig)
    USBD_CoreFindEP                          0x08005faf   Thumb Code     4  usbd_core.o(i.USBD_CoreFindEP)
    USBD_CoreFindIF                          0x08005fb3   Thumb Code     4  usbd_core.o(i.USBD_CoreFindIF)
    USBD_CtlContinueRx                       0x08005fb7   Thumb Code    16  usbd_ioreq.o(i.USBD_CtlContinueRx)
    USBD_CtlContinueSendData                 0x08005fc7   Thumb Code    16  usbd_ioreq.o(i.USBD_CtlContinueSendData)
    USBD_CtlError                            0x08005fd7   Thumb Code    24  usbd_ctlreq.o(i.USBD_CtlError)
    USBD_CtlReceiveStatus                    0x08005fef   Thumb Code    22  usbd_ioreq.o(i.USBD_CtlReceiveStatus)
    USBD_CtlSendData                         0x08006005   Thumb Code    26  usbd_ioreq.o(i.USBD_CtlSendData)
    USBD_CtlSendStatus                       0x0800601f   Thumb Code    22  usbd_ioreq.o(i.USBD_CtlSendStatus)
    USBD_Get_USB_Status                      0x0800625b   Thumb Code    36  usbd_conf.o(i.USBD_Get_USB_Status)
    USBD_LL_ClearStallEP                     0x0800627f   Thumb Code    18  usbd_conf.o(i.USBD_LL_ClearStallEP)
    USBD_LL_DataInStage                      0x08006291   Thumb Code   220  usbd_core.o(i.USBD_LL_DataInStage)
    USBD_LL_DataOutStage                     0x0800636d   Thumb Code   202  usbd_core.o(i.USBD_LL_DataOutStage)
    USBD_LL_DevConnected                     0x08006437   Thumb Code     4  usbd_core.o(i.USBD_LL_DevConnected)
    USBD_LL_DevDisconnected                  0x0800643b   Thumb Code    32  usbd_core.o(i.USBD_LL_DevDisconnected)
    USBD_LL_IsStallEP                        0x0800645b   Thumb Code    30  usbd_conf.o(i.USBD_LL_IsStallEP)
    USBD_LL_IsoINIncomplete                  0x08006479   Thumb Code    42  usbd_core.o(i.USBD_LL_IsoINIncomplete)
    USBD_LL_IsoOUTIncomplete                 0x080064a3   Thumb Code    42  usbd_core.o(i.USBD_LL_IsoOUTIncomplete)
    USBD_LL_OpenEP                           0x080064cd   Thumb Code    24  usbd_conf.o(i.USBD_LL_OpenEP)
    USBD_LL_PrepareReceive                   0x080064e5   Thumb Code    18  usbd_conf.o(i.USBD_LL_PrepareReceive)
    USBD_LL_Reset                            0x080064f7   Thumb Code    96  usbd_core.o(i.USBD_LL_Reset)
    USBD_LL_Resume                           0x08006557   Thumb Code    20  usbd_core.o(i.USBD_LL_Resume)
    USBD_LL_SOF                              0x0800656b   Thumb Code    26  usbd_core.o(i.USBD_LL_SOF)
    USBD_LL_SetSpeed                         0x08006585   Thumb Code     6  usbd_core.o(i.USBD_LL_SetSpeed)
    USBD_LL_SetUSBAddress                    0x0800658b   Thumb Code    18  usbd_conf.o(i.USBD_LL_SetUSBAddress)
    USBD_LL_SetupStage                       0x0800659d   Thumb Code    96  usbd_core.o(i.USBD_LL_SetupStage)
    USBD_LL_StallEP                          0x080065fd   Thumb Code    18  usbd_conf.o(i.USBD_LL_StallEP)
    USBD_LL_Suspend                          0x0800660f   Thumb Code    26  usbd_core.o(i.USBD_LL_Suspend)
    USBD_LL_Transmit                         0x08006629   Thumb Code    18  usbd_conf.o(i.USBD_LL_Transmit)
    USBD_ParseSetupRequest                   0x0800663b   Thumb Code    50  usbd_ctlreq.o(i.USBD_ParseSetupRequest)
    USBD_RunTestMode                         0x0800666d   Thumb Code     4  usbd_core.o(i.USBD_RunTestMode)
    USBD_SetClassConfig                      0x080066c9   Thumb Code    20  usbd_core.o(i.USBD_SetClassConfig)
    USBD_StdDevReq                           0x080067dd   Thumb Code   118  usbd_ctlreq.o(i.USBD_StdDevReq)
    USBD_StdEPReq                            0x08006853   Thumb Code   544  usbd_ctlreq.o(i.USBD_StdEPReq)
    USBD_StdItfReq                           0x08006a73   Thumb Code   142  usbd_ctlreq.o(i.USBD_StdItfReq)
    USB_ActivateEndpoint                     0x08006b01   Thumb Code   126  stm32f4xx_ll_usb.o(i.USB_ActivateEndpoint)
    USB_ActivateSetup                        0x08006b85   Thumb Code    28  stm32f4xx_ll_usb.o(i.USB_ActivateSetup)
    USB_EP0_OutStart                         0x08006ba1   Thumb Code    80  stm32f4xx_ll_usb.o(i.USB_EP0_OutStart)
    USB_EPClearStall                         0x08006bf5   Thumb Code    88  stm32f4xx_ll_usb.o(i.USB_EPClearStall)
    USB_EPSetStall                           0x08006c4d   Thumb Code    88  stm32f4xx_ll_usb.o(i.USB_EPSetStall)
    USB_EPStartXfer                          0x08006ca5   Thumb Code   582  stm32f4xx_ll_usb.o(i.USB_EPStartXfer)
    USB_EPStopXfer                           0x08006ef1   Thumb Code   164  stm32f4xx_ll_usb.o(i.USB_EPStopXfer)
    USB_FlushTxFifo                          0x08006f95   Thumb Code    68  stm32f4xx_ll_usb.o(i.USB_FlushTxFifo)
    USB_GetDevSpeed                          0x08006fd9   Thumb Code    32  stm32f4xx_ll_usb.o(i.USB_GetDevSpeed)
    USB_GetMode                              0x08006ff9   Thumb Code     8  stm32f4xx_ll_usb.o(i.USB_GetMode)
    USB_ReadDevAllInEpInterrupt              0x08007001   Thumb Code    14  stm32f4xx_ll_usb.o(i.USB_ReadDevAllInEpInterrupt)
    USB_ReadDevAllOutEpInterrupt             0x0800700f   Thumb Code    14  stm32f4xx_ll_usb.o(i.USB_ReadDevAllOutEpInterrupt)
    USB_ReadDevInEPInterrupt                 0x0800701d   Thumb Code    36  stm32f4xx_ll_usb.o(i.USB_ReadDevInEPInterrupt)
    USB_ReadDevOutEPInterrupt                0x08007041   Thumb Code    16  stm32f4xx_ll_usb.o(i.USB_ReadDevOutEPInterrupt)
    USB_ReadInterrupts                       0x08007051   Thumb Code     8  stm32f4xx_ll_usb.o(i.USB_ReadInterrupts)
    USB_ReadPacket                           0x08007059   Thumb Code    62  stm32f4xx_ll_usb.o(i.USB_ReadPacket)
    USB_SetDevAddress                        0x08007097   Thumb Code    30  stm32f4xx_ll_usb.o(i.USB_SetDevAddress)
    USB_SetTurnaroundTime                    0x080070b5   Thumb Code   170  stm32f4xx_ll_usb.o(i.USB_SetTurnaroundTime)
    USB_WritePacket                          0x080071a9   Thumb Code    40  stm32f4xx_ll_usb.o(i.USB_WritePacket)
    UsageFault_Handler                       0x080071d1   Thumb Code     2  stm32f4xx_it.o(i.UsageFault_Handler)
    WIFI_test                                0x080071d5   Thumb Code   134  main.o(i.WIFI_test)
    __0printf                                0x08007325   Thumb Code    22  printfa.o(i.__0printf)
    __1printf                                0x08007325   Thumb Code     0  printfa.o(i.__0printf)
    __2printf                                0x08007325   Thumb Code     0  printfa.o(i.__0printf)
    __c89printf                              0x08007325   Thumb Code     0  printfa.o(i.__0printf)
    printf                                   0x08007325   Thumb Code     0  printfa.o(i.__0printf)
    __0sprintf                               0x08007345   Thumb Code    34  printfa.o(i.__0sprintf)
    __1sprintf                               0x08007345   Thumb Code     0  printfa.o(i.__0sprintf)
    __2sprintf                               0x08007345   Thumb Code     0  printfa.o(i.__0sprintf)
    __c89sprintf                             0x08007345   Thumb Code     0  printfa.o(i.__0sprintf)
    sprintf                                  0x08007345   Thumb Code     0  printfa.o(i.__0sprintf)
    __0vsprintf                              0x0800736d   Thumb Code    30  printfa.o(i.__0vsprintf)
    __1vsprintf                              0x0800736d   Thumb Code     0  printfa.o(i.__0vsprintf)
    __2vsprintf                              0x0800736d   Thumb Code     0  printfa.o(i.__0vsprintf)
    __c89vsprintf                            0x0800736d   Thumb Code     0  printfa.o(i.__0vsprintf)
    vsprintf                                 0x0800736d   Thumb Code     0  printfa.o(i.__0vsprintf)
    __scatterload_copy                       0x080073b1   Thumb Code    14  handlers.o(i.__scatterload_copy)
    __scatterload_null                       0x080073bf   Thumb Code     2  handlers.o(i.__scatterload_null)
    __scatterload_zeroinit                   0x080073c1   Thumb Code    14  handlers.o(i.__scatterload_zeroinit)
    fputc                                    0x08007c65   Thumb Code    20  usart.o(i.fputc)
    main                                     0x08007c7d   Thumb Code    94  main.o(i.main)
    osKernelGetState                         0x08007ce9   Thumb Code    36  cmsis_os2.o(i.osKernelGetState)
    osKernelGetTickCount                     0x08007d11   Thumb Code    16  cmsis_os2.o(i.osKernelGetTickCount)
    osMessageQueueGet                        0x08007d21   Thumb Code   104  cmsis_os2.o(i.osMessageQueueGet)
    osMessageQueueNew                        0x08007d8d   Thumb Code   124  cmsis_os2.o(i.osMessageQueueNew)
    osMessageQueuePut                        0x08007e09   Thumb Code   108  cmsis_os2.o(i.osMessageQueuePut)
    pvPortMalloc                             0x080080fd   Thumb Code   214  heap_4.o(i.pvPortMalloc)
    transport_open                           0x080081d9   Thumb Code    38  transport.o(i.transport_open)
    uart_recv                                0x08008205   Thumb Code    26  transport.o(i.uart_recv)
    uart_send                                0x08008225   Thumb Code    26  transport.o(i.uart_send)
    uxListRemove                             0x08008245   Thumb Code    38  list.o(i.uxListRemove)
    vListInitialise                          0x0800826b   Thumb Code    22  list.o(i.vListInitialise)
    vListInsert                              0x08008281   Thumb Code    48  list.o(i.vListInsert)
    vListInsertEnd                           0x080082b1   Thumb Code    24  list.o(i.vListInsertEnd)
    vPortEnterCritical                       0x080082c9   Thumb Code    54  port.o(i.vPortEnterCritical)
    vPortExitCritical                        0x08008309   Thumb Code    38  port.o(i.vPortExitCritical)
    vPortValidateInterruptPriority           0x08008335   Thumb Code    74  port.o(i.vPortValidateInterruptPriority)
    vQueueAddToRegistry                      0x08008389   Thumb Code    32  queue.o(i.vQueueAddToRegistry)
    vTaskInternalSetTimeOutState             0x080083ad   Thumb Code    12  tasks.o(i.vTaskInternalSetTimeOutState)
    vTaskMissedYield                         0x080083bd   Thumb Code     8  tasks.o(i.vTaskMissedYield)
    vTaskPlaceOnEventList                    0x080083c9   Thumb Code    46  tasks.o(i.vTaskPlaceOnEventList)
    vTaskSuspendAll                          0x080083fd   Thumb Code    10  tasks.o(i.vTaskSuspendAll)
    vTaskSwitchContext                       0x0800840d   Thumb Code    94  tasks.o(i.vTaskSwitchContext)
    xPortSysTickHandler                      0x08008475   Thumb Code    38  port.o(i.xPortSysTickHandler)
    xQueueGenericCreate                      0x080084a1   Thumb Code    68  queue.o(i.xQueueGenericCreate)
    xQueueGenericCreateStatic                0x080084e5   Thumb Code   108  queue.o(i.xQueueGenericCreateStatic)
    xQueueGenericReset                       0x08008551   Thumb Code   134  queue.o(i.xQueueGenericReset)
    xQueueGenericSend                        0x080085dd   Thumb Code   352  queue.o(i.xQueueGenericSend)
    xQueueGenericSendFromISR                 0x08008741   Thumb Code   192  queue.o(i.xQueueGenericSendFromISR)
    xQueueReceive                            0x08008801   Thumb Code   310  queue.o(i.xQueueReceive)
    xQueueReceiveFromISR                     0x0800893d   Thumb Code   156  queue.o(i.xQueueReceiveFromISR)
    xTaskCheckForTimeOut                     0x080089d9   Thumb Code   118  tasks.o(i.xTaskCheckForTimeOut)
    xTaskGetSchedulerState                   0x08008a55   Thumb Code    24  tasks.o(i.xTaskGetSchedulerState)
    xTaskGetTickCount                        0x08008a71   Thumb Code     6  tasks.o(i.xTaskGetTickCount)
    xTaskGetTickCountFromISR                 0x08008a7d   Thumb Code    12  tasks.o(i.xTaskGetTickCountFromISR)
    xTaskIncrementTick                       0x08008a8d   Thumb Code   196  tasks.o(i.xTaskIncrementTick)
    xTaskPriorityDisinherit                  0x08008b59   Thumb Code   116  tasks.o(i.xTaskPriorityDisinherit)
    xTaskRemoveFromEventList                 0x08008bd5   Thumb Code   106  tasks.o(i.xTaskRemoveFromEventList)
    xTaskResumeAll                           0x08008c4d   Thumb Code   184  tasks.o(i.xTaskResumeAll)
    SD_Driver                                0x08008d14   Data          20  sd_diskio.o(.constdata)
    AHBPrescTable                            0x08008d30   Data          16  system_stm32f4xx.o(.constdata)
    APBPrescTable                            0x08008d40   Data           8  system_stm32f4xx.o(.constdata)
    Region$$Table$$Base                      0x08008d48   Number         0  anon$$obj.o(Region$$Table)
    Region$$Table$$Limit                     0x08008d68   Number         0  anon$$obj.o(Region$$Table)
    MQTT_connected                           0x20000000   Data           4  main.o(.data)
    uart2_io                                 0x20000004   Data           8  main.o(.data)
    ADC1_Sample                              0x2000000c   Data           2  freertos.o(.data)
    ADC1_Value                               0x2000000e   Data           2  freertos.o(.data)
    GetData                                  0x20000010   Data           4  freertos.o(.data)
    LEDTaskHandle                            0x20000014   Data           4  freertos.o(.data)
    RTC_TASKHandle                           0x20000018   Data           4  freertos.o(.data)
    GUANGMIN_TaskHandle                      0x2000001c   Data           4  freertos.o(.data)
    HCSR04TaskHandle                         0x20000020   Data           4  freertos.o(.data)
    ESP8266TASKHandle                        0x20000024   Data           4  freertos.o(.data)
    KEYTASKHandle                            0x20000028   Data           4  freertos.o(.data)
    retSD                                    0x20000034   Data           1  fatfs.o(.data)
    SDPath                                   0x20000035   Data           4  fatfs.o(.data)
    uwTickFreq                               0x2000003c   Data           1  stm32f4xx_hal.o(.data)
    uwTickPrio                               0x20000040   Data           4  stm32f4xx_hal.o(.data)
    uwTick                                   0x20000044   Data           4  stm32f4xx_hal.o(.data)
    SystemCoreClock                          0x20000048   Data           4  system_stm32f4xx.o(.data)
    pxCurrentTCB                             0x20000050   Data           4  tasks.o(.data)
    __stdout                                 0x200000bc   Data           4  stdout.o(.data)
    rxBuffer                                 0x200000c0   Data         256  main.o(.bss)
    GetTime                                  0x200001c0   Data          20  freertos.o(.bss)
    hadc1                                    0x200001d4   Data          72  adc.o(.bss)
    hrtc                                     0x2000021c   Data          32  rtc.o(.bss)
    hsd                                      0x2000023c   Data         132  sdio.o(.bss)
    hdma_sdio_rx                             0x200002c0   Data          96  sdio.o(.bss)
    hdma_sdio_tx                             0x20000320   Data          96  sdio.o(.bss)
    hspi1                                    0x20000380   Data          88  spi.o(.bss)
    hdma_spi1_tx                             0x200003d8   Data          96  spi.o(.bss)
    hdma_spi1_rx                             0x20000438   Data          96  spi.o(.bss)
    htim2                                    0x20000498   Data          72  tim.o(.bss)
    huart1                                   0x200004e0   Data          72  usart.o(.bss)
    huart2                                   0x20000528   Data          72  usart.o(.bss)
    hdma_usart1_tx                           0x20000570   Data          96  usart.o(.bss)
    hdma_usart1_rx                           0x200005d0   Data          96  usart.o(.bss)
    hdma_usart2_rx                           0x20000630   Data          96  usart.o(.bss)
    hdma_usart2_tx                           0x20000690   Data          96  usart.o(.bss)
    htim6                                    0x200006f0   Data          72  stm32f4xx_hal_timebase_tim.o(.bss)
    disk                                     0x20000738   Data          12  ff_gen_drv.o(.bss)
    hpcd_USB_OTG_FS                          0x20000964   Data        1252  usbd_conf.o(.bss)
    xQueueRegistry                           0x20000e48   Data          64  queue.o(.bss)
    __initial_sp                             0x20005460   Data           0  startup_stm32f407xx.o(STACK)



==============================================================================

Memory Map of the image

  Image Entry point : 0x08000189

  Load Region LR_IROM1 (Base: 0x08000000, Size: 0x00008e28, Max: 0x00080000, ABSOLUTE)

    Execution Region ER_IROM1 (Exec base: 0x08000000, Load base: 0x08000000, Size: 0x00008d68, Max: 0x00080000, ABSOLUTE)

    Exec Addr    Load Addr    Size         Type   Attr      Idx    E Section Name        Object

    0x08000000   0x08000000   0x00000188   Data   RO            3    RESET               startup_stm32f407xx.o
    0x08000188   0x08000188   0x00000000   Code   RO        10150  * .ARM.Collect$$$$00000000  mc_w.l(entry.o)
    0x08000188   0x08000188   0x00000004   Code   RO        10519    .ARM.Collect$$$$00000001  mc_w.l(entry2.o)
    0x0800018c   0x0800018c   0x00000004   Code   RO        10522    .ARM.Collect$$$$00000004  mc_w.l(entry5.o)
    0x08000190   0x08000190   0x00000000   Code   RO        10524    .ARM.Collect$$$$00000008  mc_w.l(entry7b.o)
    0x08000190   0x08000190   0x00000000   Code   RO        10526    .ARM.Collect$$$$0000000A  mc_w.l(entry8b.o)
    0x08000190   0x08000190   0x00000008   Code   RO        10527    .ARM.Collect$$$$0000000B  mc_w.l(entry9a.o)
    0x08000198   0x08000198   0x00000004   Code   RO        10534    .ARM.Collect$$$$0000000E  mc_w.l(entry12b.o)
    0x0800019c   0x0800019c   0x00000000   Code   RO        10529    .ARM.Collect$$$$0000000F  mc_w.l(entry10a.o)
    0x0800019c   0x0800019c   0x00000000   Code   RO        10531    .ARM.Collect$$$$00000011  mc_w.l(entry11a.o)
    0x0800019c   0x0800019c   0x00000004   Code   RO        10520    .ARM.Collect$$$$00002712  mc_w.l(entry2.o)
    0x080001a0   0x080001a0   0x000000be   Code   RO         9115    .emb_text           port.o
    0x0800025e   0x0800025e   0x00000002   PAD
    0x08000260   0x08000260   0x00000024   Code   RO            4    .text               startup_stm32f407xx.o
    0x08000284   0x08000284   0x00000062   Code   RO        10153    .text               mc_w.l(uldiv.o)
    0x080002e6   0x080002e6   0x00000024   Code   RO        10155    .text               mc_w.l(memcpya.o)
    0x0800030a   0x0800030a   0x00000024   Code   RO        10159    .text               mc_w.l(memseta.o)
    0x0800032e   0x0800032e   0x00000024   Code   RO        10161    .text               mc_w.l(strstr.o)
    0x08000352   0x08000352   0x0000000e   Code   RO        10163    .text               mc_w.l(strlen.o)
    0x08000360   0x08000360   0x0000014e   Code   RO        10462    .text               mf_w.l(dadd.o)
    0x080004ae   0x080004ae   0x000000e4   Code   RO        10464    .text               mf_w.l(dmul.o)
    0x08000592   0x08000592   0x000000de   Code   RO        10466    .text               mf_w.l(ddiv.o)
    0x08000670   0x08000670   0x00000030   Code   RO        10480    .text               mf_w.l(cdrcmple.o)
    0x080006a0   0x080006a0   0x0000002c   Code   RO        10536    .text               mc_w.l(uidiv.o)
    0x080006cc   0x080006cc   0x0000001e   Code   RO        10538    .text               mc_w.l(llshl.o)
    0x080006ea   0x080006ea   0x00000020   Code   RO        10540    .text               mc_w.l(llushr.o)
    0x0800070a   0x0800070a   0x00000024   Code   RO        10542    .text               mc_w.l(llsshr.o)
    0x0800072e   0x0800072e   0x00000000   Code   RO        10553    .text               mc_w.l(iusefp.o)
    0x0800072e   0x0800072e   0x000000ba   Code   RO        10556    .text               mf_w.l(depilogue.o)
    0x080007e8   0x080007e8   0x00000030   Code   RO        10560    .text               mf_w.l(dfixul.o)
    0x08000818   0x08000818   0x00000024   Code   RO        10566    .text               mc_w.l(init.o)
    0x0800083c   0x0800083c   0x0000000c   Code   RO          775    i.ADC_IRQHandler    stm32f4xx_it.o
    0x08000848   0x08000848   0x00000130   Code   RO         3034    i.ADC_Init          stm32f4xx_hal_adc.o
    0x08000978   0x08000978   0x00000018   Code   RO         1190    i.BSP_PlatformIsDetected  fatfs_platform.o
    0x08000990   0x08000990   0x00000002   Code   RO          992    i.BSP_SD_AbortCallback  bsp_driver_sd.o
    0x08000992   0x08000992   0x00000002   PAD
    0x08000994   0x08000994   0x0000000c   Code   RO          995    i.BSP_SD_GetCardInfo  bsp_driver_sd.o
    0x080009a0   0x080009a0   0x00000018   Code   RO          996    i.BSP_SD_GetCardState  bsp_driver_sd.o
    0x080009b8   0x080009b8   0x00000030   Code   RO          998    i.BSP_SD_Init       bsp_driver_sd.o
    0x080009e8   0x080009e8   0x00000016   Code   RO          999    i.BSP_SD_IsDetected  bsp_driver_sd.o
    0x080009fe   0x080009fe   0x00000002   PAD
    0x08000a00   0x08000a00   0x0000001c   Code   RO         1001    i.BSP_SD_ReadBlocks_DMA  bsp_driver_sd.o
    0x08000a1c   0x08000a1c   0x0000001c   Code   RO         1113    i.BSP_SD_ReadCpltCallback  sd_diskio.o
    0x08000a38   0x08000a38   0x0000001c   Code   RO         1004    i.BSP_SD_WriteBlocks_DMA  bsp_driver_sd.o
    0x08000a54   0x08000a54   0x0000001c   Code   RO         1114    i.BSP_SD_WriteCpltCallback  sd_diskio.o
    0x08000a70   0x08000a70   0x00000002   Code   RO          776    i.BusFault_Handler  stm32f4xx_it.o
    0x08000a72   0x08000a72   0x00000002   PAD
    0x08000a74   0x08000a74   0x0000000c   Code   RO          777    i.DMA1_Stream5_IRQHandler  stm32f4xx_it.o
    0x08000a80   0x08000a80   0x0000000c   Code   RO          778    i.DMA1_Stream6_IRQHandler  stm32f4xx_it.o
    0x08000a8c   0x08000a8c   0x0000000c   Code   RO          779    i.DMA2_Stream0_IRQHandler  stm32f4xx_it.o
    0x08000a98   0x08000a98   0x0000000c   Code   RO          780    i.DMA2_Stream2_IRQHandler  stm32f4xx_it.o
    0x08000aa4   0x08000aa4   0x0000000c   Code   RO          781    i.DMA2_Stream3_IRQHandler  stm32f4xx_it.o
    0x08000ab0   0x08000ab0   0x0000000c   Code   RO          782    i.DMA2_Stream5_IRQHandler  stm32f4xx_it.o
    0x08000abc   0x08000abc   0x0000000c   Code   RO          783    i.DMA2_Stream6_IRQHandler  stm32f4xx_it.o
    0x08000ac8   0x08000ac8   0x0000000c   Code   RO          784    i.DMA2_Stream7_IRQHandler  stm32f4xx_it.o
    0x08000ad4   0x08000ad4   0x0000002c   Code   RO         2352    i.DMA_CalcBaseAndBitshift  stm32f4xx_hal_dma.o
    0x08000b00   0x08000b00   0x00000078   Code   RO         2353    i.DMA_CheckFifoParam  stm32f4xx_hal_dma.o
    0x08000b78   0x08000b78   0x0000002a   Code   RO         2354    i.DMA_SetConfig     stm32f4xx_hal_dma.o
    0x08000ba2   0x08000ba2   0x00000002   Code   RO          785    i.DebugMon_Handler  stm32f4xx_it.o
    0x08000ba4   0x08000ba4   0x000000a0   Code   RO         9522    i.ESP8266_IRQHandler  esp8266client.o
    0x08000c44   0x08000c44   0x00000030   Code   RO         9523    i.ESP8266_printf    esp8266client.o
    0x08000c74   0x08000c74   0x00000020   Code   RO         9524    i.ESP82AtTest       esp8266client.o
    0x08000c94   0x08000c94   0x00000020   Code   RO         9525    i.ESP82_GetFrame    esp8266client.o
    0x08000cb4   0x08000cb4   0x0000002c   Code   RO         9527    i.ESP82_Init        esp8266client.o
    0x08000ce0   0x08000ce0   0x00000040   Code   RO         9528    i.ESP82_JoinAP      esp8266client.o
    0x08000d20   0x08000d20   0x00000018   Code   RO         9529    i.ESP82_RecvReset   esp8266client.o
    0x08000d38   0x08000d38   0x0000008c   Code   RO         9531    i.ESP82_connect_tcp_server  esp8266client.o
    0x08000dc4   0x08000dc4   0x0000004c   Code   RO         9535    i.ESP82_sendCmd     esp8266client.o
    0x08000e10   0x08000e10   0x00000064   Code   RO         9536    i.ESP82_set_mode    esp8266client.o
    0x08000e74   0x08000e74   0x00000004   Code   RO           13    i.Error_Handler     main.o
    0x08000e78   0x08000e78   0x00000006   Code   RO         6427    i.FATFS_LinkDriver  ff_gen_drv.o
    0x08000e7e   0x08000e7e   0x00000002   PAD
    0x08000e80   0x08000e80   0x00000040   Code   RO         6428    i.FATFS_LinkDriverEx  ff_gen_drv.o
    0x08000ec0   0x08000ec0   0x00000002   Code   RO         3205    i.HAL_ADCEx_InjectedConvCpltCallback  stm32f4xx_hal_adc_ex.o
    0x08000ec2   0x08000ec2   0x00000002   PAD
    0x08000ec4   0x08000ec4   0x00000158   Code   RO         3036    i.HAL_ADC_ConfigChannel  stm32f4xx_hal_adc.o
    0x0800101c   0x0800101c   0x00000002   Code   RO         3037    i.HAL_ADC_ConvCpltCallback  stm32f4xx_hal_adc.o
    0x0800101e   0x0800101e   0x00000002   Code   RO         3040    i.HAL_ADC_ErrorCallback  stm32f4xx_hal_adc.o
    0x08001020   0x08001020   0x00000132   Code   RO         3044    i.HAL_ADC_IRQHandler  stm32f4xx_hal_adc.o
    0x08001152   0x08001152   0x00000054   Code   RO         3045    i.HAL_ADC_Init      stm32f4xx_hal_adc.o
    0x080011a6   0x080011a6   0x00000002   Code   RO         3046    i.HAL_ADC_LevelOutOfWindowCallback  stm32f4xx_hal_adc.o
    0x080011a8   0x080011a8   0x00000070   Code   RO          463    i.HAL_ADC_MspInit   adc.o
    0x08001218   0x08001218   0x0000008e   Code   RO         2355    i.HAL_DMA_Abort     stm32f4xx_hal_dma.o
    0x080012a6   0x080012a6   0x00000024   Code   RO         2356    i.HAL_DMA_Abort_IT  stm32f4xx_hal_dma.o
    0x080012ca   0x080012ca   0x00000004   Code   RO         2358    i.HAL_DMA_GetError  stm32f4xx_hal_dma.o
    0x080012ce   0x080012ce   0x00000002   PAD
    0x080012d0   0x080012d0   0x000001d0   Code   RO         2360    i.HAL_DMA_IRQHandler  stm32f4xx_hal_dma.o
    0x080014a0   0x080014a0   0x000000d4   Code   RO         2361    i.HAL_DMA_Init      stm32f4xx_hal_dma.o
    0x08001574   0x08001574   0x0000006e   Code   RO         2365    i.HAL_DMA_Start_IT  stm32f4xx_hal_dma.o
    0x080015e2   0x080015e2   0x00000002   PAD
    0x080015e4   0x080015e4   0x00000024   Code   RO         2780    i.HAL_Delay         stm32f4xx_hal.o
    0x08001608   0x08001608   0x000001d0   Code   RO         2248    i.HAL_GPIO_Init     stm32f4xx_hal_gpio.o
    0x080017d8   0x080017d8   0x0000000e   Code   RO         2250    i.HAL_GPIO_ReadPin  stm32f4xx_hal_gpio.o
    0x080017e6   0x080017e6   0x00000010   Code   RO         2251    i.HAL_GPIO_TogglePin  stm32f4xx_hal_gpio.o
    0x080017f6   0x080017f6   0x0000000e   Code   RO         2252    i.HAL_GPIO_WritePin  stm32f4xx_hal_gpio.o
    0x08001804   0x08001804   0x0000000c   Code   RO         2786    i.HAL_GetTick       stm32f4xx_hal.o
    0x08001810   0x08001810   0x00000010   Code   RO         2792    i.HAL_IncTick       stm32f4xx_hal.o
    0x08001820   0x08001820   0x00000034   Code   RO         2793    i.HAL_Init          stm32f4xx_hal.o
    0x08001854   0x08001854   0x00000098   Code   RO          953    i.HAL_InitTick      stm32f4xx_hal_timebase_tim.o
    0x080018ec   0x080018ec   0x0000004c   Code   RO          929    i.HAL_MspInit       stm32f4xx_hal_msp.o
    0x08001938   0x08001938   0x0000001a   Code   RO         2638    i.HAL_NVIC_EnableIRQ  stm32f4xx_hal_cortex.o
    0x08001952   0x08001952   0x00000002   PAD
    0x08001954   0x08001954   0x00000040   Code   RO         2644    i.HAL_NVIC_SetPriority  stm32f4xx_hal_cortex.o
    0x08001994   0x08001994   0x00000024   Code   RO         2645    i.HAL_NVIC_SetPriorityGrouping  stm32f4xx_hal_cortex.o
    0x080019b8   0x080019b8   0x00000002   Code   RO         1496    i.HAL_PCDEx_LPM_Callback  stm32f4xx_hal_pcd_ex.o
    0x080019ba   0x080019ba   0x00000008   Code   RO         6753    i.HAL_PCD_ConnectCallback  usbd_conf.o
    0x080019c2   0x080019c2   0x00000012   Code   RO         6754    i.HAL_PCD_DataInStageCallback  usbd_conf.o
    0x080019d4   0x080019d4   0x00000014   Code   RO         6755    i.HAL_PCD_DataOutStageCallback  usbd_conf.o
    0x080019e8   0x080019e8   0x00000008   Code   RO         6756    i.HAL_PCD_DisconnectCallback  usbd_conf.o
    0x080019f0   0x080019f0   0x0000001e   Code   RO         1261    i.HAL_PCD_EP_Abort  stm32f4xx_hal_pcd.o
    0x08001a0e   0x08001a0e   0x00000058   Code   RO         1263    i.HAL_PCD_EP_ClrStall  stm32f4xx_hal_pcd.o
    0x08001a66   0x08001a66   0x0000005c   Code   RO         1266    i.HAL_PCD_EP_Open   stm32f4xx_hal_pcd.o
    0x08001ac2   0x08001ac2   0x00000032   Code   RO         1267    i.HAL_PCD_EP_Receive  stm32f4xx_hal_pcd.o
    0x08001af4   0x08001af4   0x00000070   Code   RO         1268    i.HAL_PCD_EP_SetStall  stm32f4xx_hal_pcd.o
    0x08001b64   0x08001b64   0x00000032   Code   RO         1269    i.HAL_PCD_EP_Transmit  stm32f4xx_hal_pcd.o
    0x08001b96   0x08001b96   0x00000508   Code   RO         1271    i.HAL_PCD_IRQHandler  stm32f4xx_hal_pcd.o
    0x0800209e   0x0800209e   0x00000008   Code   RO         6757    i.HAL_PCD_ISOINIncompleteCallback  usbd_conf.o
    0x080020a6   0x080020a6   0x00000008   Code   RO         6758    i.HAL_PCD_ISOOUTIncompleteCallback  usbd_conf.o
    0x080020ae   0x080020ae   0x0000002e   Code   RO         6761    i.HAL_PCD_ResetCallback  usbd_conf.o
    0x080020dc   0x080020dc   0x00000008   Code   RO         6762    i.HAL_PCD_ResumeCallback  usbd_conf.o
    0x080020e4   0x080020e4   0x00000008   Code   RO         6763    i.HAL_PCD_SOFCallback  usbd_conf.o
    0x080020ec   0x080020ec   0x00000026   Code   RO         1280    i.HAL_PCD_SetAddress  stm32f4xx_hal_pcd.o
    0x08002112   0x08002112   0x0000000e   Code   RO         6764    i.HAL_PCD_SetupStageCallback  usbd_conf.o
    0x08002120   0x08002120   0x00000030   Code   RO         6765    i.HAL_PCD_SuspendCallback  usbd_conf.o
    0x08002150   0x08002150   0x00000018   Code   RO         2465    i.HAL_PWR_EnableBkUpAccess  stm32f4xx_hal_pwr.o
    0x08002168   0x08002168   0x00000148   Code   RO         1954    i.HAL_RCCEx_PeriphCLKConfig  stm32f4xx_hal_rcc_ex.o
    0x080022b0   0x080022b0   0x0000014c   Code   RO         1849    i.HAL_RCC_ClockConfig  stm32f4xx_hal_rcc.o
    0x080023fc   0x080023fc   0x0000003c   Code   RO         1853    i.HAL_RCC_GetClockConfig  stm32f4xx_hal_rcc.o
    0x08002438   0x08002438   0x0000000c   Code   RO         1854    i.HAL_RCC_GetHCLKFreq  stm32f4xx_hal_rcc.o
    0x08002444   0x08002444   0x00000020   Code   RO         1856    i.HAL_RCC_GetPCLK1Freq  stm32f4xx_hal_rcc.o
    0x08002464   0x08002464   0x00000020   Code   RO         1857    i.HAL_RCC_GetPCLK2Freq  stm32f4xx_hal_rcc.o
    0x08002484   0x08002484   0x00000068   Code   RO         1858    i.HAL_RCC_GetSysClockFreq  stm32f4xx_hal_rcc.o
    0x080024ec   0x080024ec   0x000003c0   Code   RO         1861    i.HAL_RCC_OscConfig  stm32f4xx_hal_rcc.o
    0x080028ac   0x080028ac   0x00000002   Code   RO         3483    i.HAL_RTCEx_AlarmBEventCallback  stm32f4xx_hal_rtc_ex.o
    0x080028ae   0x080028ae   0x0000000c   Code   RO         3484    i.HAL_RTCEx_BKUPRead  stm32f4xx_hal_rtc_ex.o
    0x080028ba   0x080028ba   0x0000000c   Code   RO         3485    i.HAL_RTCEx_BKUPWrite  stm32f4xx_hal_rtc_ex.o
    0x080028c6   0x080028c6   0x00000002   Code   RO         3309    i.HAL_RTC_AlarmAEventCallback  stm32f4xx_hal_rtc.o
    0x080028c8   0x080028c8   0x00000058   Code   RO         3310    i.HAL_RTC_AlarmIRQHandler  stm32f4xx_hal_rtc.o
    0x08002920   0x08002920   0x00000044   Code   RO         3319    i.HAL_RTC_GetDate   stm32f4xx_hal_rtc.o
    0x08002964   0x08002964   0x00000054   Code   RO         3321    i.HAL_RTC_GetTime   stm32f4xx_hal_rtc.o
    0x080029b8   0x080029b8   0x000000a0   Code   RO         3322    i.HAL_RTC_Init      stm32f4xx_hal_rtc.o
    0x08002a58   0x08002a58   0x00000048   Code   RO          529    i.HAL_RTC_MspInit   rtc.o
    0x08002aa0   0x08002aa0   0x000001a8   Code   RO         3327    i.HAL_RTC_SetAlarm_IT  stm32f4xx_hal_rtc.o
    0x08002c48   0x08002c48   0x0000009c   Code   RO         3328    i.HAL_RTC_SetDate   stm32f4xx_hal_rtc.o
    0x08002ce4   0x08002ce4   0x000000c0   Code   RO         3329    i.HAL_RTC_SetTime   stm32f4xx_hal_rtc.o
    0x08002da4   0x08002da4   0x00000034   Code   RO         3330    i.HAL_RTC_WaitForSynchro  stm32f4xx_hal_rtc.o
    0x08002dd8   0x08002dd8   0x00000008   Code   RO         1006    i.HAL_SD_AbortCallback  bsp_driver_sd.o
    0x08002de0   0x08002de0   0x000000c4   Code   RO         4007    i.HAL_SD_ConfigWideBusOperation  stm32f4xx_hal_sd.o
    0x08002ea4   0x08002ea4   0x00000002   Code   RO         4010    i.HAL_SD_ErrorCallback  stm32f4xx_hal_sd.o
    0x08002ea6   0x08002ea6   0x00000002   PAD
    0x08002ea8   0x08002ea8   0x00000194   Code   RO         4012    i.HAL_SD_GetCardCSD  stm32f4xx_hal_sd.o
    0x0800303c   0x0800303c   0x00000024   Code   RO         4013    i.HAL_SD_GetCardInfo  stm32f4xx_hal_sd.o
    0x08003060   0x08003060   0x00000020   Code   RO         4014    i.HAL_SD_GetCardState  stm32f4xx_hal_sd.o
    0x08003080   0x08003080   0x000001d4   Code   RO         4018    i.HAL_SD_IRQHandler  stm32f4xx_hal_sd.o
    0x08003254   0x08003254   0x0000003e   Code   RO         4019    i.HAL_SD_Init       stm32f4xx_hal_sd.o
    0x08003292   0x08003292   0x00000002   PAD
    0x08003294   0x08003294   0x0000009c   Code   RO         4020    i.HAL_SD_InitCard   stm32f4xx_hal_sd.o
    0x08003330   0x08003330   0x00000160   Code   RO          578    i.HAL_SD_MspInit    sdio.o
    0x08003490   0x08003490   0x0000013c   Code   RO         4024    i.HAL_SD_ReadBlocks_DMA  stm32f4xx_hal_sd.o
    0x080035cc   0x080035cc   0x00000008   Code   RO         1007    i.HAL_SD_RxCpltCallback  bsp_driver_sd.o
    0x080035d4   0x080035d4   0x00000008   Code   RO         1008    i.HAL_SD_TxCpltCallback  bsp_driver_sd.o
    0x080035dc   0x080035dc   0x00000130   Code   RO         4029    i.HAL_SD_WriteBlocks_DMA  stm32f4xx_hal_sd.o
    0x0800370c   0x0800370c   0x000000be   Code   RO         4270    i.HAL_SPI_Init      stm32f4xx_hal_spi.o
    0x080037ca   0x080037ca   0x00000002   PAD
    0x080037cc   0x080037cc   0x000000dc   Code   RO          620    i.HAL_SPI_MspInit   spi.o
    0x080038a8   0x080038a8   0x00000002   Code   RO         5298    i.HAL_TIMEx_BreakCallback  stm32f4xx_hal_tim_ex.o
    0x080038aa   0x080038aa   0x00000002   Code   RO         5299    i.HAL_TIMEx_CommutCallback  stm32f4xx_hal_tim_ex.o
    0x080038ac   0x080038ac   0x00000090   Code   RO         5317    i.HAL_TIMEx_MasterConfigSynchronization  stm32f4xx_hal_tim_ex.o
    0x0800393c   0x0800393c   0x0000004a   Code   RO         4583    i.HAL_TIM_Base_Init  stm32f4xx_hal_tim.o
    0x08003986   0x08003986   0x00000002   PAD
    0x08003988   0x08003988   0x00000024   Code   RO          664    i.HAL_TIM_Base_MspInit  tim.o
    0x080039ac   0x080039ac   0x0000008c   Code   RO         4588    i.HAL_TIM_Base_Start_IT  stm32f4xx_hal_tim.o
    0x08003a38   0x08003a38   0x000000e8   Code   RO         4592    i.HAL_TIM_ConfigClockSource  stm32f4xx_hal_tim.o
    0x08003b20   0x08003b20   0x00000002   Code   RO         4617    i.HAL_TIM_IC_CaptureCallback  stm32f4xx_hal_tim.o
    0x08003b22   0x08003b22   0x00000138   Code   RO         4631    i.HAL_TIM_IRQHandler  stm32f4xx_hal_tim.o
    0x08003c5a   0x08003c5a   0x00000002   Code   RO         4634    i.HAL_TIM_OC_DelayElapsedCallback  stm32f4xx_hal_tim.o
    0x08003c5c   0x08003c5c   0x00000002   Code   RO         4661    i.HAL_TIM_PWM_PulseFinishedCallback  stm32f4xx_hal_tim.o
    0x08003c5e   0x08003c5e   0x00000002   PAD
    0x08003c60   0x08003c60   0x00000044   Code   RO           14    i.HAL_TIM_PeriodElapsedCallback  main.o
    0x08003ca4   0x08003ca4   0x00000002   Code   RO         4674    i.HAL_TIM_TriggerCallback  stm32f4xx_hal_tim.o
    0x08003ca6   0x08003ca6   0x00000002   Code   RO         5577    i.HAL_UARTEx_RxEventCallback  stm32f4xx_hal_uart.o
    0x08003ca8   0x08003ca8   0x00000002   Code   RO         5591    i.HAL_UART_ErrorCallback  stm32f4xx_hal_uart.o
    0x08003caa   0x08003caa   0x00000002   PAD
    0x08003cac   0x08003cac   0x00000230   Code   RO         5594    i.HAL_UART_IRQHandler  stm32f4xx_hal_uart.o
    0x08003edc   0x08003edc   0x00000066   Code   RO         5595    i.HAL_UART_Init     stm32f4xx_hal_uart.o
    0x08003f42   0x08003f42   0x00000002   PAD
    0x08003f44   0x08003f44   0x000001c4   Code   RO          716    i.HAL_UART_MspInit  usart.o
    0x08004108   0x08004108   0x000000b2   Code   RO         5598    i.HAL_UART_Receive  stm32f4xx_hal_uart.o
    0x080041ba   0x080041ba   0x0000001c   Code   RO         5599    i.HAL_UART_Receive_DMA  stm32f4xx_hal_uart.o
    0x080041d6   0x080041d6   0x00000002   Code   RO         5601    i.HAL_UART_RxCpltCallback  stm32f4xx_hal_uart.o
    0x080041d8   0x080041d8   0x00000002   Code   RO         5602    i.HAL_UART_RxHalfCpltCallback  stm32f4xx_hal_uart.o
    0x080041da   0x080041da   0x000000ae   Code   RO         5603    i.HAL_UART_Transmit  stm32f4xx_hal_uart.o
    0x08004288   0x08004288   0x0000007c   Code   RO         5604    i.HAL_UART_Transmit_DMA  stm32f4xx_hal_uart.o
    0x08004304   0x08004304   0x00000002   Code   RO         5606    i.HAL_UART_TxCpltCallback  stm32f4xx_hal_uart.o
    0x08004306   0x08004306   0x00000002   Code   RO         5607    i.HAL_UART_TxHalfCpltCallback  stm32f4xx_hal_uart.o
    0x08004308   0x08004308   0x00000002   Code   RO          786    i.HardFault_Handler  stm32f4xx_it.o
    0x0800430a   0x0800430a   0x00000002   PAD
    0x0800430c   0x0800430c   0x00000064   Code   RO          464    i.MX_ADC1_Init      adc.o
    0x08004370   0x08004370   0x000000ac   Code   RO          504    i.MX_DMA_Init       dma.o
    0x0800441c   0x0800441c   0x0000001c   Code   RO         1214    i.MX_FATFS_Init     fatfs.o
    0x08004438   0x08004438   0x000000f0   Code   RO          363    i.MX_GPIO_Init      gpio.o
    0x08004528   0x08004528   0x00000108   Code   RO          530    i.MX_RTC_Init       rtc.o
    0x08004630   0x08004630   0x00000024   Code   RO          579    i.MX_SDIO_SD_Init   sdio.o
    0x08004654   0x08004654   0x00000044   Code   RO          621    i.MX_SPI1_Init      spi.o
    0x08004698   0x08004698   0x00000064   Code   RO          665    i.MX_TIM2_Init      tim.o
    0x080046fc   0x080046fc   0x00000038   Code   RO          717    i.MX_USART1_UART_Init  usart.o
    0x08004734   0x08004734   0x00000040   Code   RO          718    i.MX_USART2_UART_Init  usart.o
    0x08004774   0x08004774   0x00000002   Code   RO          787    i.MemManage_Handler  stm32f4xx_it.o
    0x08004776   0x08004776   0x00000002   Code   RO          788    i.NMI_Handler       stm32f4xx_it.o
    0x08004778   0x08004778   0x0000000c   Code   RO          789    i.OTG_FS_IRQHandler  stm32f4xx_it.o
    0x08004784   0x08004784   0x00000048   Code   RO         1287    i.PCD_EP_OutSetupPacket_int  stm32f4xx_hal_pcd.o
    0x080047cc   0x080047cc   0x000000e4   Code   RO         1288    i.PCD_EP_OutXfrComplete_int  stm32f4xx_hal_pcd.o
    0x080048b0   0x080048b0   0x0000009c   Code   RO         1289    i.PCD_WriteEmptyTxFifo  stm32f4xx_hal_pcd.o
    0x0800494c   0x0800494c   0x00000002   Code   RO          790    i.RCC_IRQHandler    stm32f4xx_it.o
    0x0800494e   0x0800494e   0x00000002   PAD
    0x08004950   0x08004950   0x00000078   Code   RO          531    i.RTC_AlarmConfig   rtc.o
    0x080049c8   0x080049c8   0x0000000c   Code   RO          791    i.RTC_Alarm_IRQHandler  stm32f4xx_it.o
    0x080049d4   0x080049d4   0x00000012   Code   RO         3331    i.RTC_Bcd2ToByte    stm32f4xx_hal_rtc.o
    0x080049e6   0x080049e6   0x00000016   Code   RO         3332    i.RTC_ByteToBcd2    stm32f4xx_hal_rtc.o
    0x080049fc   0x080049fc   0x00000046   Code   RO         3333    i.RTC_EnterInitMode  stm32f4xx_hal_rtc.o
    0x08004a42   0x08004a42   0x0000002a   Code   RO         3334    i.RTC_ExitInitMode  stm32f4xx_hal_rtc.o
    0x08004a6c   0x08004a6c   0x00000024   Code   RO         3711    i.SDIO_ConfigData   stm32f4xx_ll_sdmmc.o
    0x08004a90   0x08004a90   0x00000006   Code   RO         3712    i.SDIO_GetCommandResponse  stm32f4xx_ll_sdmmc.o
    0x08004a96   0x08004a96   0x00000008   Code   RO         3715    i.SDIO_GetPowerState  stm32f4xx_ll_sdmmc.o
    0x08004a9e   0x08004a9e   0x00000006   Code   RO         3716    i.SDIO_GetResponse  stm32f4xx_ll_sdmmc.o
    0x08004aa4   0x08004aa4   0x0000000c   Code   RO          792    i.SDIO_IRQHandler   stm32f4xx_it.o
    0x08004ab0   0x08004ab0   0x0000002a   Code   RO         3717    i.SDIO_Init         stm32f4xx_ll_sdmmc.o
    0x08004ada   0x08004ada   0x00000008   Code   RO         3719    i.SDIO_PowerState_ON  stm32f4xx_ll_sdmmc.o
    0x08004ae2   0x08004ae2   0x00000006   Code   RO         3720    i.SDIO_ReadFIFO     stm32f4xx_ll_sdmmc.o
    0x08004ae8   0x08004ae8   0x00000020   Code   RO         3721    i.SDIO_SendCommand  stm32f4xx_ll_sdmmc.o
    0x08004b08   0x08004b08   0x0000000a   Code   RO         3723    i.SDIO_WriteFIFO    stm32f4xx_ll_sdmmc.o
    0x08004b12   0x08004b12   0x00000032   Code   RO         3724    i.SDMMC_CmdAppCommand  stm32f4xx_ll_sdmmc.o
    0x08004b44   0x08004b44   0x00000034   Code   RO         3725    i.SDMMC_CmdAppOperCommand  stm32f4xx_ll_sdmmc.o
    0x08004b78   0x08004b78   0x00000032   Code   RO         3726    i.SDMMC_CmdBlockLength  stm32f4xx_ll_sdmmc.o
    0x08004baa   0x08004baa   0x00000032   Code   RO         3727    i.SDMMC_CmdBusWidth  stm32f4xx_ll_sdmmc.o
    0x08004bdc   0x08004bdc   0x00000028   Code   RO         3731    i.SDMMC_CmdGoIdleState  stm32f4xx_ll_sdmmc.o
    0x08004c04   0x08004c04   0x00000030   Code   RO         3733    i.SDMMC_CmdOperCond  stm32f4xx_ll_sdmmc.o
    0x08004c34   0x08004c34   0x00000032   Code   RO         3734    i.SDMMC_CmdReadMultiBlock  stm32f4xx_ll_sdmmc.o
    0x08004c66   0x08004c66   0x00000032   Code   RO         3735    i.SDMMC_CmdReadSingleBlock  stm32f4xx_ll_sdmmc.o
    0x08004c98   0x08004c98   0x00000032   Code   RO         3738    i.SDMMC_CmdSelDesel  stm32f4xx_ll_sdmmc.o
    0x08004cca   0x08004cca   0x0000002c   Code   RO         3739    i.SDMMC_CmdSendCID  stm32f4xx_ll_sdmmc.o
    0x08004cf6   0x08004cf6   0x0000002c   Code   RO         3740    i.SDMMC_CmdSendCSD  stm32f4xx_ll_sdmmc.o
    0x08004d22   0x08004d22   0x00000030   Code   RO         3742    i.SDMMC_CmdSendSCR  stm32f4xx_ll_sdmmc.o
    0x08004d52   0x08004d52   0x00000032   Code   RO         3743    i.SDMMC_CmdSendStatus  stm32f4xx_ll_sdmmc.o
    0x08004d84   0x08004d84   0x00000030   Code   RO         3744    i.SDMMC_CmdSetRelAdd  stm32f4xx_ll_sdmmc.o
    0x08004db4   0x08004db4   0x00000034   Code   RO         3747    i.SDMMC_CmdStopTransfer  stm32f4xx_ll_sdmmc.o
    0x08004de8   0x08004de8   0x00000032   Code   RO         3749    i.SDMMC_CmdWriteMultiBlock  stm32f4xx_ll_sdmmc.o
    0x08004e1a   0x08004e1a   0x00000032   Code   RO         3750    i.SDMMC_CmdWriteSingleBlock  stm32f4xx_ll_sdmmc.o
    0x08004e4c   0x08004e4c   0x00000030   Code   RO         3751    i.SDMMC_GetCmdError  stm32f4xx_ll_sdmmc.o
    0x08004e7c   0x08004e7c   0x00000124   Code   RO         3752    i.SDMMC_GetCmdResp1  stm32f4xx_ll_sdmmc.o
    0x08004fa0   0x08004fa0   0x00000054   Code   RO         3753    i.SDMMC_GetCmdResp2  stm32f4xx_ll_sdmmc.o
    0x08004ff4   0x08004ff4   0x00000044   Code   RO         3754    i.SDMMC_GetCmdResp3  stm32f4xx_ll_sdmmc.o
    0x08005038   0x08005038   0x0000008c   Code   RO         3755    i.SDMMC_GetCmdResp6  stm32f4xx_ll_sdmmc.o
    0x080050c4   0x080050c4   0x00000058   Code   RO         3756    i.SDMMC_GetCmdResp7  stm32f4xx_ll_sdmmc.o
    0x0800511c   0x0800511c   0x00000020   Code   RO         1115    i.SD_CheckStatus    sd_diskio.o
    0x0800513c   0x0800513c   0x00000026   Code   RO         1116    i.SD_CheckStatusWithTimeout  sd_diskio.o
    0x08005162   0x08005162   0x00000002   PAD
    0x08005164   0x08005164   0x00000064   Code   RO         4031    i.SD_DMAError       stm32f4xx_hal_sd.o
    0x080051c8   0x080051c8   0x00000042   Code   RO         4032    i.SD_DMAReceiveCplt  stm32f4xx_hal_sd.o
    0x0800520a   0x0800520a   0x00000044   Code   RO         4033    i.SD_DMARxAbort     stm32f4xx_hal_sd.o
    0x0800524e   0x0800524e   0x0000000e   Code   RO         4034    i.SD_DMATransmitCplt  stm32f4xx_hal_sd.o
    0x0800525c   0x0800525c   0x00000044   Code   RO         4035    i.SD_DMATxAbort     stm32f4xx_hal_sd.o
    0x080052a0   0x080052a0   0x00000120   Code   RO         4036    i.SD_FindSCR        stm32f4xx_hal_sd.o
    0x080053c0   0x080053c0   0x000000ea   Code   RO         4037    i.SD_InitCard       stm32f4xx_hal_sd.o
    0x080054aa   0x080054aa   0x00000002   PAD
    0x080054ac   0x080054ac   0x000000ac   Code   RO         4039    i.SD_PowerON        stm32f4xx_hal_sd.o
    0x08005558   0x08005558   0x00000036   Code   RO         4040    i.SD_Read_IT        stm32f4xx_hal_sd.o
    0x0800558e   0x0800558e   0x0000002e   Code   RO         4042    i.SD_SendStatus     stm32f4xx_hal_sd.o
    0x080055bc   0x080055bc   0x00000052   Code   RO         4043    i.SD_WideBus_Disable  stm32f4xx_hal_sd.o
    0x0800560e   0x0800560e   0x00000052   Code   RO         4044    i.SD_WideBus_Enable  stm32f4xx_hal_sd.o
    0x08005660   0x08005660   0x00000042   Code   RO         4045    i.SD_Write_IT       stm32f4xx_hal_sd.o
    0x080056a2   0x080056a2   0x00000002   PAD
    0x080056a4   0x080056a4   0x0000004c   Code   RO         1117    i.SD_initialize     sd_diskio.o
    0x080056f0   0x080056f0   0x0000005c   Code   RO         1118    i.SD_ioctl          sd_diskio.o
    0x0800574c   0x0800574c   0x00000068   Code   RO         1119    i.SD_read           sd_diskio.o
    0x080057b4   0x080057b4   0x00000004   Code   RO         1120    i.SD_status         sd_diskio.o
    0x080057b8   0x080057b8   0x00000068   Code   RO         1121    i.SD_write          sd_diskio.o
    0x08005820   0x08005820   0x0000000a   Code   RO         7122    i.SWAPBYTE          usbd_ctlreq.o
    0x0800582a   0x0800582a   0x0000001a   Code   RO         8535    i.SysTick_Handler   cmsis_os2.o
    0x08005844   0x08005844   0x0000009c   Code   RO           15    i.SystemClock_Config  main.o
    0x080058e0   0x080058e0   0x00000010   Code   RO         5939    i.SystemInit        system_stm32f4xx.o
    0x080058f0   0x080058f0   0x0000000c   Code   RO          793    i.TIM6_DAC_IRQHandler  stm32f4xx_it.o
    0x080058fc   0x080058fc   0x000000dc   Code   RO         4676    i.TIM_Base_SetConfig  stm32f4xx_hal_tim.o
    0x080059d8   0x080059d8   0x00000014   Code   RO         4687    i.TIM_ETR_SetConfig  stm32f4xx_hal_tim.o
    0x080059ec   0x080059ec   0x00000010   Code   RO         4688    i.TIM_ITRx_SetConfig  stm32f4xx_hal_tim.o
    0x080059fc   0x080059fc   0x00000022   Code   RO         4694    i.TIM_TI1_ConfigInputStage  stm32f4xx_hal_tim.o
    0x08005a1e   0x08005a1e   0x00000024   Code   RO         4696    i.TIM_TI2_ConfigInputStage  stm32f4xx_hal_tim.o
    0x08005a42   0x08005a42   0x00000010   Code   RO         5608    i.UART_DMAAbortOnError  stm32f4xx_hal_uart.o
    0x08005a52   0x08005a52   0x0000004a   Code   RO         5609    i.UART_DMAError     stm32f4xx_hal_uart.o
    0x08005a9c   0x08005a9c   0x00000086   Code   RO         5610    i.UART_DMAReceiveCplt  stm32f4xx_hal_uart.o
    0x08005b22   0x08005b22   0x0000001e   Code   RO         5612    i.UART_DMARxHalfCplt  stm32f4xx_hal_uart.o
    0x08005b40   0x08005b40   0x00000042   Code   RO         5614    i.UART_DMATransmitCplt  stm32f4xx_hal_uart.o
    0x08005b82   0x08005b82   0x0000000a   Code   RO         5616    i.UART_DMATxHalfCplt  stm32f4xx_hal_uart.o
    0x08005b8c   0x08005b8c   0x0000004e   Code   RO         5618    i.UART_EndRxTransfer  stm32f4xx_hal_uart.o
    0x08005bda   0x08005bda   0x0000001a   Code   RO         5619    i.UART_EndTransmit_IT  stm32f4xx_hal_uart.o
    0x08005bf4   0x08005bf4   0x0000001c   Code   RO         5620    i.UART_EndTxTransfer  stm32f4xx_hal_uart.o
    0x08005c10   0x08005c10   0x000000c8   Code   RO         5621    i.UART_Receive_IT   stm32f4xx_hal_uart.o
    0x08005cd8   0x08005cd8   0x00000114   Code   RO         5622    i.UART_SetConfig    stm32f4xx_hal_uart.o
    0x08005dec   0x08005dec   0x00000094   Code   RO         5623    i.UART_Start_Receive_DMA  stm32f4xx_hal_uart.o
    0x08005e80   0x08005e80   0x0000005e   Code   RO         5625    i.UART_Transmit_IT  stm32f4xx_hal_uart.o
    0x08005ede   0x08005ede   0x00000074   Code   RO         5626    i.UART_WaitOnFlagUntilTimeout  stm32f4xx_hal_uart.o
    0x08005f52   0x08005f52   0x00000002   PAD
    0x08005f54   0x08005f54   0x0000000c   Code   RO          794    i.USART1_IRQHandler  stm32f4xx_it.o
    0x08005f60   0x08005f60   0x00000014   Code   RO          795    i.USART2_IRQHandler  stm32f4xx_it.o
    0x08005f74   0x08005f74   0x00000014   Code   RO         6960    i.USBD_ClrClassConfig  usbd_core.o
    0x08005f88   0x08005f88   0x00000026   Code   RO         7123    i.USBD_ClrFeature   usbd_ctlreq.o
    0x08005fae   0x08005fae   0x00000004   Code   RO         6961    i.USBD_CoreFindEP   usbd_core.o
    0x08005fb2   0x08005fb2   0x00000004   Code   RO         6962    i.USBD_CoreFindIF   usbd_core.o
    0x08005fb6   0x08005fb6   0x00000010   Code   RO         7225    i.USBD_CtlContinueRx  usbd_ioreq.o
    0x08005fc6   0x08005fc6   0x00000010   Code   RO         7226    i.USBD_CtlContinueSendData  usbd_ioreq.o
    0x08005fd6   0x08005fd6   0x00000018   Code   RO         7124    i.USBD_CtlError     usbd_ctlreq.o
    0x08005fee   0x08005fee   0x00000016   Code   RO         7228    i.USBD_CtlReceiveStatus  usbd_ioreq.o
    0x08006004   0x08006004   0x0000001a   Code   RO         7229    i.USBD_CtlSendData  usbd_ioreq.o
    0x0800601e   0x0800601e   0x00000016   Code   RO         7230    i.USBD_CtlSendStatus  usbd_ioreq.o
    0x08006034   0x08006034   0x0000003a   Code   RO         7125    i.USBD_GetConfig    usbd_ctlreq.o
    0x0800606e   0x0800606e   0x000001b0   Code   RO         7126    i.USBD_GetDescriptor  usbd_ctlreq.o
    0x0800621e   0x0800621e   0x0000003c   Code   RO         7128    i.USBD_GetStatus    usbd_ctlreq.o
    0x0800625a   0x0800625a   0x00000024   Code   RO         6766    i.USBD_Get_USB_Status  usbd_conf.o
    0x0800627e   0x0800627e   0x00000012   Code   RO         6767    i.USBD_LL_ClearStallEP  usbd_conf.o
    0x08006290   0x08006290   0x000000dc   Code   RO         6967    i.USBD_LL_DataInStage  usbd_core.o
    0x0800636c   0x0800636c   0x000000ca   Code   RO         6968    i.USBD_LL_DataOutStage  usbd_core.o
    0x08006436   0x08006436   0x00000004   Code   RO         6969    i.USBD_LL_DevConnected  usbd_core.o
    0x0800643a   0x0800643a   0x00000020   Code   RO         6970    i.USBD_LL_DevDisconnected  usbd_core.o
    0x0800645a   0x0800645a   0x0000001e   Code   RO         6774    i.USBD_LL_IsStallEP  usbd_conf.o
    0x08006478   0x08006478   0x0000002a   Code   RO         6971    i.USBD_LL_IsoINIncomplete  usbd_core.o
    0x080064a2   0x080064a2   0x0000002a   Code   RO         6972    i.USBD_LL_IsoOUTIncomplete  usbd_core.o
    0x080064cc   0x080064cc   0x00000018   Code   RO         6775    i.USBD_LL_OpenEP    usbd_conf.o
    0x080064e4   0x080064e4   0x00000012   Code   RO         6776    i.USBD_LL_PrepareReceive  usbd_conf.o
    0x080064f6   0x080064f6   0x00000060   Code   RO         6973    i.USBD_LL_Reset     usbd_core.o
    0x08006556   0x08006556   0x00000014   Code   RO         6974    i.USBD_LL_Resume    usbd_core.o
    0x0800656a   0x0800656a   0x0000001a   Code   RO         6975    i.USBD_LL_SOF       usbd_core.o
    0x08006584   0x08006584   0x00000006   Code   RO         6976    i.USBD_LL_SetSpeed  usbd_core.o
    0x0800658a   0x0800658a   0x00000012   Code   RO         6777    i.USBD_LL_SetUSBAddress  usbd_conf.o
    0x0800659c   0x0800659c   0x00000060   Code   RO         6977    i.USBD_LL_SetupStage  usbd_core.o
    0x080065fc   0x080065fc   0x00000012   Code   RO         6778    i.USBD_LL_StallEP   usbd_conf.o
    0x0800660e   0x0800660e   0x0000001a   Code   RO         6978    i.USBD_LL_Suspend   usbd_core.o
    0x08006628   0x08006628   0x00000012   Code   RO         6781    i.USBD_LL_Transmit  usbd_conf.o
    0x0800663a   0x0800663a   0x00000032   Code   RO         7130    i.USBD_ParseSetupRequest  usbd_ctlreq.o
    0x0800666c   0x0800666c   0x00000004   Code   RO         6980    i.USBD_RunTestMode  usbd_core.o
    0x08006670   0x08006670   0x00000058   Code   RO         7131    i.USBD_SetAddress   usbd_ctlreq.o
    0x080066c8   0x080066c8   0x00000014   Code   RO         6981    i.USBD_SetClassConfig  usbd_core.o
    0x080066dc   0x080066dc   0x000000dc   Code   RO         7132    i.USBD_SetConfig    usbd_ctlreq.o
    0x080067b8   0x080067b8   0x00000024   Code   RO         7133    i.USBD_SetFeature   usbd_ctlreq.o
    0x080067dc   0x080067dc   0x00000076   Code   RO         7134    i.USBD_StdDevReq    usbd_ctlreq.o
    0x08006852   0x08006852   0x00000220   Code   RO         7135    i.USBD_StdEPReq     usbd_ctlreq.o
    0x08006a72   0x08006a72   0x0000008e   Code   RO         7136    i.USBD_StdItfReq    usbd_ctlreq.o
    0x08006b00   0x08006b00   0x00000084   Code   RO         1538    i.USB_ActivateEndpoint  stm32f4xx_ll_usb.o
    0x08006b84   0x08006b84   0x0000001c   Code   RO         1540    i.USB_ActivateSetup  stm32f4xx_ll_usb.o
    0x08006ba0   0x08006ba0   0x00000054   Code   RO         1553    i.USB_EP0_OutStart  stm32f4xx_ll_usb.o
    0x08006bf4   0x08006bf4   0x00000058   Code   RO         1554    i.USB_EPClearStall  stm32f4xx_ll_usb.o
    0x08006c4c   0x08006c4c   0x00000058   Code   RO         1555    i.USB_EPSetStall    stm32f4xx_ll_usb.o
    0x08006ca4   0x08006ca4   0x0000024c   Code   RO         1556    i.USB_EPStartXfer   stm32f4xx_ll_usb.o
    0x08006ef0   0x08006ef0   0x000000a4   Code   RO         1557    i.USB_EPStopXfer    stm32f4xx_ll_usb.o
    0x08006f94   0x08006f94   0x00000044   Code   RO         1560    i.USB_FlushTxFifo   stm32f4xx_ll_usb.o
    0x08006fd8   0x08006fd8   0x00000020   Code   RO         1562    i.USB_GetDevSpeed   stm32f4xx_ll_usb.o
    0x08006ff8   0x08006ff8   0x00000008   Code   RO         1564    i.USB_GetMode       stm32f4xx_ll_usb.o
    0x08007000   0x08007000   0x0000000e   Code   RO         1572    i.USB_ReadDevAllInEpInterrupt  stm32f4xx_ll_usb.o
    0x0800700e   0x0800700e   0x0000000e   Code   RO         1573    i.USB_ReadDevAllOutEpInterrupt  stm32f4xx_ll_usb.o
    0x0800701c   0x0800701c   0x00000024   Code   RO         1574    i.USB_ReadDevInEPInterrupt  stm32f4xx_ll_usb.o
    0x08007040   0x08007040   0x00000010   Code   RO         1575    i.USB_ReadDevOutEPInterrupt  stm32f4xx_ll_usb.o
    0x08007050   0x08007050   0x00000008   Code   RO         1576    i.USB_ReadInterrupts  stm32f4xx_ll_usb.o
    0x08007058   0x08007058   0x0000003e   Code   RO         1577    i.USB_ReadPacket    stm32f4xx_ll_usb.o
    0x08007096   0x08007096   0x0000001e   Code   RO         1580    i.USB_SetDevAddress  stm32f4xx_ll_usb.o
    0x080070b4   0x080070b4   0x000000f4   Code   RO         1582    i.USB_SetTurnaroundTime  stm32f4xx_ll_usb.o
    0x080071a8   0x080071a8   0x00000028   Code   RO         1585    i.USB_WritePacket   stm32f4xx_ll_usb.o
    0x080071d0   0x080071d0   0x00000002   Code   RO          796    i.UsageFault_Handler  stm32f4xx_it.o
    0x080071d2   0x080071d2   0x00000002   PAD
    0x080071d4   0x080071d4   0x00000150   Code   RO           16    i.WIFI_test         main.o
    0x08007324   0x08007324   0x00000020   Code   RO        10406    i.__0printf         mc_w.l(printfa.o)
    0x08007344   0x08007344   0x00000028   Code   RO        10408    i.__0sprintf        mc_w.l(printfa.o)
    0x0800736c   0x0800736c   0x00000024   Code   RO        10412    i.__0vsprintf       mc_w.l(printfa.o)
    0x08007390   0x08007390   0x00000020   Code   RO         2651    i.__NVIC_SetPriority  stm32f4xx_hal_cortex.o
    0x080073b0   0x080073b0   0x0000000e   Code   RO        10570    i.__scatterload_copy  mc_w.l(handlers.o)
    0x080073be   0x080073be   0x00000002   Code   RO        10571    i.__scatterload_null  mc_w.l(handlers.o)
    0x080073c0   0x080073c0   0x0000000e   Code   RO        10572    i.__scatterload_zeroinit  mc_w.l(handlers.o)
    0x080073ce   0x080073ce   0x00000002   PAD
    0x080073d0   0x080073d0   0x00000184   Code   RO        10413    i._fp_digits        mc_w.l(printfa.o)
    0x08007554   0x08007554   0x000006b4   Code   RO        10414    i._printf_core      mc_w.l(printfa.o)
    0x08007c08   0x08007c08   0x00000024   Code   RO        10415    i._printf_post_padding  mc_w.l(printfa.o)
    0x08007c2c   0x08007c2c   0x0000002e   Code   RO        10416    i._printf_pre_padding  mc_w.l(printfa.o)
    0x08007c5a   0x08007c5a   0x0000000a   Code   RO        10418    i._sputc            mc_w.l(printfa.o)
    0x08007c64   0x08007c64   0x00000018   Code   RO          720    i.fputc             usart.o
    0x08007c7c   0x08007c7c   0x0000006c   Code   RO           17    i.main              main.o
    0x08007ce8   0x08007ce8   0x00000028   Code   RO         8546    i.osKernelGetState  cmsis_os2.o
    0x08007d10   0x08007d10   0x00000010   Code   RO         8549    i.osKernelGetTickCount  cmsis_os2.o
    0x08007d20   0x08007d20   0x0000006c   Code   RO         8566    i.osMessageQueueGet  cmsis_os2.o
    0x08007d8c   0x08007d8c   0x0000007c   Code   RO         8571    i.osMessageQueueNew  cmsis_os2.o
    0x08007e08   0x08007e08   0x00000070   Code   RO         8572    i.osMessageQueuePut  cmsis_os2.o
    0x08007e78   0x08007e78   0x00000060   Code   RO         7972    i.prvAddCurrentTaskToDelayedList  tasks.o
    0x08007ed8   0x08007ed8   0x00000028   Code   RO         7559    i.prvCopyDataFromQueue  queue.o
    0x08007f00   0x08007f00   0x0000006e   Code   RO         7560    i.prvCopyDataToQueue  queue.o
    0x08007f6e   0x08007f6e   0x00000002   PAD
    0x08007f70   0x08007f70   0x0000004c   Code   RO         9060    i.prvHeapInit       heap_4.o
    0x08007fbc   0x08007fbc   0x00000022   Code   RO         7563    i.prvInitialiseNewQueue  queue.o
    0x08007fde   0x08007fde   0x00000002   PAD
    0x08007fe0   0x08007fe0   0x00000054   Code   RO         9061    i.prvInsertBlockIntoFreeList  heap_4.o
    0x08008034   0x08008034   0x0000001a   Code   RO         7564    i.prvIsQueueEmpty   queue.o
    0x0800804e   0x0800804e   0x0000001e   Code   RO         7565    i.prvIsQueueFull    queue.o
    0x0800806c   0x0800806c   0x00000024   Code   RO         7980    i.prvResetNextTaskUnblockTime  tasks.o
    0x08008090   0x08008090   0x0000006a   Code   RO         7566    i.prvUnlockQueue    queue.o
    0x080080fa   0x080080fa   0x00000002   PAD
    0x080080fc   0x080080fc   0x000000dc   Code   RO         9062    i.pvPortMalloc      heap_4.o
    0x080081d8   0x080081d8   0x0000002c   Code   RO        10063    i.transport_open    transport.o
    0x08008204   0x08008204   0x00000020   Code   RO        10067    i.uart_recv         transport.o
    0x08008224   0x08008224   0x00000020   Code   RO        10068    i.uart_send         transport.o
    0x08008244   0x08008244   0x00000026   Code   RO         7519    i.uxListRemove      list.o
    0x0800826a   0x0800826a   0x00000016   Code   RO         7520    i.vListInitialise   list.o
    0x08008280   0x08008280   0x00000030   Code   RO         7522    i.vListInsert       list.o
    0x080082b0   0x080082b0   0x00000018   Code   RO         7523    i.vListInsertEnd    list.o
    0x080082c8   0x080082c8   0x00000040   Code   RO         9119    i.vPortEnterCritical  port.o
    0x08008308   0x08008308   0x0000002c   Code   RO         9120    i.vPortExitCritical  port.o
    0x08008334   0x08008334   0x00000054   Code   RO         9122    i.vPortValidateInterruptPriority  port.o
    0x08008388   0x08008388   0x00000024   Code   RO         7572    i.vQueueAddToRegistry  queue.o
    0x080083ac   0x080083ac   0x00000010   Code   RO         7998    i.vTaskInternalSetTimeOutState  tasks.o
    0x080083bc   0x080083bc   0x0000000c   Code   RO         7999    i.vTaskMissedYield  tasks.o
    0x080083c8   0x080083c8   0x00000034   Code   RO         8001    i.vTaskPlaceOnEventList  tasks.o
    0x080083fc   0x080083fc   0x00000010   Code   RO         8012    i.vTaskSuspendAll   tasks.o
    0x0800840c   0x0800840c   0x00000068   Code   RO         8013    i.vTaskSwitchContext  tasks.o
    0x08008474   0x08008474   0x0000002c   Code   RO         9124    i.xPortSysTickHandler  port.o
    0x080084a0   0x080084a0   0x00000044   Code   RO         7581    i.xQueueGenericCreate  queue.o
    0x080084e4   0x080084e4   0x0000006c   Code   RO         7582    i.xQueueGenericCreateStatic  queue.o
    0x08008550   0x08008550   0x0000008c   Code   RO         7583    i.xQueueGenericReset  queue.o
    0x080085dc   0x080085dc   0x00000164   Code   RO         7584    i.xQueueGenericSend  queue.o
    0x08008740   0x08008740   0x000000c0   Code   RO         7585    i.xQueueGenericSendFromISR  queue.o
    0x08008800   0x08008800   0x0000013c   Code   RO         7594    i.xQueueReceive     queue.o
    0x0800893c   0x0800893c   0x0000009c   Code   RO         7595    i.xQueueReceiveFromISR  queue.o
    0x080089d8   0x080089d8   0x0000007c   Code   RO         8015    i.xTaskCheckForTimeOut  tasks.o
    0x08008a54   0x08008a54   0x0000001c   Code   RO         8021    i.xTaskGetSchedulerState  tasks.o
    0x08008a70   0x08008a70   0x0000000c   Code   RO         8022    i.xTaskGetTickCount  tasks.o
    0x08008a7c   0x08008a7c   0x00000010   Code   RO         8023    i.xTaskGetTickCountFromISR  tasks.o
    0x08008a8c   0x08008a8c   0x000000cc   Code   RO         8024    i.xTaskIncrementTick  tasks.o
    0x08008b58   0x08008b58   0x0000007c   Code   RO         8027    i.xTaskPriorityDisinherit  tasks.o
    0x08008bd4   0x08008bd4   0x00000078   Code   RO         8029    i.xTaskRemoveFromEventList  tasks.o
    0x08008c4c   0x08008c4c   0x000000c8   Code   RO         8030    i.xTaskResumeAll    tasks.o
    0x08008d14   0x08008d14   0x00000014   Data   RO         1122    .constdata          sd_diskio.o
    0x08008d28   0x08008d28   0x00000008   Data   RO         2367    .constdata          stm32f4xx_hal_dma.o
    0x08008d30   0x08008d30   0x00000010   Data   RO         5940    .constdata          system_stm32f4xx.o
    0x08008d40   0x08008d40   0x00000008   Data   RO         5941    .constdata          system_stm32f4xx.o
    0x08008d48   0x08008d48   0x00000020   Data   RO        10568    Region$$Table       anon$$obj.o


    Execution Region RW_IRAM1 (Exec base: 0x20000000, Load base: 0x08008d68, Size: 0x00005460, Max: 0x0001c000, ABSOLUTE)

    Exec Addr    Load Addr    Size         Type   Attr      Idx    E Section Name        Object

    0x20000000   0x08008d68   0x0000000c   Data   RW           21    .data               main.o
    0x2000000c   0x08008d74   0x00000020   Data   RW          397    .data               freertos.o
    0x2000002c   0x08008d94   0x00000008   Data   RW         1123    .data               sd_diskio.o
    0x20000034   0x08008d9c   0x00000005   Data   RW         1218    .data               fatfs.o
    0x20000039   0x08008da1   0x00000003   PAD
    0x2000003c   0x08008da4   0x0000000c   Data   RW         2800    .data               stm32f4xx_hal.o
    0x20000048   0x08008db0   0x00000004   Data   RW         5942    .data               system_stm32f4xx.o
    0x2000004c   0x08008db4   0x00000001   Data   RW         7137    .data               usbd_ctlreq.o
    0x2000004d   0x08008db5   0x00000003   PAD
    0x20000050   0x08008db8   0x0000003c   Data   RW         8033    .data               tasks.o
    0x2000008c   0x08008df4   0x00000004   Data   RW         8611    .data               cmsis_os2.o
    0x20000090   0x08008df8   0x00000020   Data   RW         9069    .data               heap_4.o
    0x200000b0   0x08008e18   0x0000000c   Data   RW         9125    .data               port.o
    0x200000bc   0x08008e24   0x00000004   Data   RW        10535    .data               mc_w.l(stdout.o)
    0x200000c0        -       0x00000100   Zero   RW           19    .bss                main.o
    0x200001c0        -       0x00000014   Zero   RW          394    .bss                freertos.o
    0x200001d4        -       0x00000048   Zero   RW          465    .bss                adc.o
    0x2000021c        -       0x00000020   Zero   RW          532    .bss                rtc.o
    0x2000023c        -       0x00000144   Zero   RW          580    .bss                sdio.o
    0x20000380        -       0x00000118   Zero   RW          622    .bss                spi.o
    0x20000498        -       0x00000048   Zero   RW          666    .bss                tim.o
    0x200004e0        -       0x00000210   Zero   RW          721    .bss                usart.o
    0x200006f0        -       0x00000048   Zero   RW          956    .bss                stm32f4xx_hal_timebase_tim.o
    0x20000738        -       0x0000000c   Zero   RW         6431    .bss                ff_gen_drv.o
    0x20000744        -       0x00000704   Zero   RW         6784    .bss                usbd_conf.o
    0x20000e48        -       0x00000040   Zero   RW         7598    .bss                queue.o
    0x20000e88        -       0x000004c4   Zero   RW         8032    .bss                tasks.o
    0x2000134c        -       0x00003c00   Zero   RW         9068    .bss                heap_4.o
    0x20004f4c        -       0x00000102   Zero   RW         9538    .bss                esp8266client.o
    0x2000504e   0x08008e28   0x00000002   PAD
    0x20005050        -       0x0000000c   Zero   RW        10069    .bss                transport.o
    0x2000505c   0x08008e28   0x00000004   PAD
    0x20005060        -       0x00000400   Zero   RW            1    STACK               startup_stm32f407xx.o


    Execution Region RW_IRAM2 (Exec base: 0x2001c000, Load base: 0x08008e28, Size: 0x00000000, Max: 0x00004000, ABSOLUTE)

    **** No section assigned to this execution region ****


==============================================================================

Image component sizes


      Code (inc. data)   RO Data    RW Data    ZI Data      Debug   Object Name

       212         26          0          0         72       1717   adc.o
       188         22          0          0          0       6178   bsp_driver_sd.o
       426         12          0          4          0      34432   cmsis_os2.o
       172          4          0          0          0        870   dma.o
       720        202          0          0        258       7840   esp8266client.o
         0          0          0          0          0      19488   event_groups.o
        28         10          0          5          0       1062   fatfs.o
        24          4          0          0          0        569   fatfs_platform.o
         0          0          0          0          0        576   ff.o
        70          6          0          0         12       1639   ff_gen_drv.o
         0          0          0         32         20       1519   freertos.o
       240         18          0          0          0       1055   gpio.o
       380         20          0         32      15360       4043   heap_4.o
       132          0          0          0          0       3024   list.o
       672        238          0         12        256     807079   main.o
       426         48          0         12          0       6368   port.o
      1718         20          0          0         64      19520   queue.o
       456         32          0          0         32       2499   rtc.o
       506         38         20          8          0       7005   sd_diskio.o
       388         34          0          0        324       1911   sdio.o
       288         28          0          0        280       1875   spi.o
        36          8        392          0       1024        840   startup_stm32f407xx.o
       116         18          0         12          0       8742   stm32f4xx_hal.o
      1044         24          0          0          0       5638   stm32f4xx_hal_adc.o
         2          0          0          0          0       1017   stm32f4xx_hal_adc_ex.o
       158         14          0          0          0      33134   stm32f4xx_hal_cortex.o
      1174         14          8          0          0       8133   stm32f4xx_hal_dma.o
       508         44          0          0          0       3664   stm32f4xx_hal_gpio.o
        76          6          0          0          0        878   stm32f4xx_hal_msp.o
      2204         14          0          0          0      11086   stm32f4xx_hal_pcd.o
         2          0          0          0          0        989   stm32f4xx_hal_pcd_ex.o
        24          8          0          0          0       1079   stm32f4xx_hal_pwr.o
      1532         84          0          0          0       7017   stm32f4xx_hal_rcc.o
       328         22          0          0          0       1508   stm32f4xx_hal_rcc_ex.o
      1378         46          0          0          0      10691   stm32f4xx_hal_rtc.o
        26          0          0          0          0       2363   stm32f4xx_hal_rtc_ex.o
      3316         66          0          0          0      20119   stm32f4xx_hal_sd.o
       190          0          0          0          0       1211   stm32f4xx_hal_spi.o
      1092         76          0          0          0      10111   stm32f4xx_hal_tim.o
       148         30          0          0          0       2573   stm32f4xx_hal_tim_ex.o
       152         20          0          0         72       1563   stm32f4xx_hal_timebase_tim.o
      2474         40          0          0          0      20767   stm32f4xx_hal_uart.o
       202         88          0          0          0      10486   stm32f4xx_it.o
      1700         42          0          0          0      24791   stm32f4xx_ll_sdmmc.o
      1744         90          0          0          0      15571   stm32f4xx_ll_usb.o
         0          0          0          0          0        400   stream_buffer.o
        16          4         24          4          0       1139   system_stm32f4xx.o
      1160        112          0         60       1220      18918   tasks.o
       136         10          0          0         72       1670   tim.o
         0          0          0          0          0       4692   timers.o
       108         18          0          0         12       3345   transport.o
       596         56          0          0        528       3339   usart.o
       374          4          0          0       1796      13138   usbd_conf.o
       864          0          0          0          0      12851   usbd_core.o
      1820         30          0          1          0      16703   usbd_ctlreq.o
       102          0          0          0          0       3832   usbd_ioreq.o

    ----------------------------------------------------------------------
     31900       1750        476        188      21408    1214267   Object Totals
         0          0         32          0          0          0   (incl. Generated)
        52          0          0          6          6          0   (incl. Padding)

    ----------------------------------------------------------------------

      Code (inc. data)   RO Data    RW Data    ZI Data      Debug   Library Member Name

         0          0          0          0          0          0   entry.o
         0          0          0          0          0          0   entry10a.o
         0          0          0          0          0          0   entry11a.o
         4          0          0          0          0          0   entry12b.o
         8          4          0          0          0          0   entry2.o
         4          0          0          0          0          0   entry5.o
         0          0          0          0          0          0   entry7b.o
         0          0          0          0          0          0   entry8b.o
         8          4          0          0          0          0   entry9a.o
        30          0          0          0          0          0   handlers.o
        36          8          0          0          0         68   init.o
         0          0          0          0          0          0   iusefp.o
        30          0          0          0          0         68   llshl.o
        36          0          0          0          0         68   llsshr.o
        32          0          0          0          0         68   llushr.o
        36          0          0          0          0         68   memcpya.o
        36          0          0          0          0        108   memseta.o
      2304        102          0          0          0        696   printfa.o
         0          0          0          4          0          0   stdout.o
        14          0          0          0          0         68   strlen.o
        36          0          0          0          0         80   strstr.o
        44          0          0          0          0         80   uidiv.o
        98          0          0          0          0         92   uldiv.o
        48          0          0          0          0         68   cdrcmple.o
       334          0          0          0          0        148   dadd.o
       222          0          0          0          0        100   ddiv.o
       186          0          0          0          0        176   depilogue.o
        48          0          0          0          0         68   dfixul.o
       228          0          0          0          0         96   dmul.o

    ----------------------------------------------------------------------
      3824        118          0          4          0       2120   Library Totals
         2          0          0          0          0          0   (incl. Padding)

    ----------------------------------------------------------------------

      Code (inc. data)   RO Data    RW Data    ZI Data      Debug   Library Name

      2756        118          0          4          0       1464   mc_w.l
      1066          0          0          0          0        656   mf_w.l

    ----------------------------------------------------------------------
      3824        118          0          4          0       2120   Library Totals

    ----------------------------------------------------------------------

==============================================================================


      Code (inc. data)   RO Data    RW Data    ZI Data      Debug   

     35724       1868        476        192      21408    1179499   Grand Totals
     35724       1868        476        192      21408    1179499   ELF Image Totals
     35724       1868        476        192          0          0   ROM Totals

==============================================================================

    Total RO  Size (Code + RO Data)                36200 (  35.35kB)
    Total RW  Size (RW Data + ZI Data)             21600 (  21.09kB)
    Total ROM Size (Code + RO Data + RW Data)      36392 (  35.54kB)

==============================================================================

