Component: ARM Compiler 5.06 update 7 (build 960) Tool: armlink [4d3601]

==============================================================================

Section Cross References

    startup_stm32f407xx.o(RESET) refers to startup_stm32f407xx.o(STACK) for __initial_sp
    startup_stm32f407xx.o(RESET) refers to startup_stm32f407xx.o(.text) for Reset_Handler
    startup_stm32f407xx.o(RESET) refers to stm32f4xx_it.o(i.NMI_Handler) for NMI_Handler
    startup_stm32f407xx.o(RESET) refers to stm32f4xx_it.o(i.HardFault_Handler) for HardFault_Handler
    startup_stm32f407xx.o(RESET) refers to stm32f4xx_it.o(i.MemManage_Handler) for MemManage_Handler
    startup_stm32f407xx.o(RESET) refers to stm32f4xx_it.o(i.BusFault_Handler) for BusFault_Handler
    startup_stm32f407xx.o(RESET) refers to stm32f4xx_it.o(i.UsageFault_Handler) for UsageFault_Handler
    startup_stm32f407xx.o(RESET) refers to port.o(.emb_text) for SVC_Handler
    startup_stm32f407xx.o(RESET) refers to stm32f4xx_it.o(i.DebugMon_Handler) for DebugMon_Handler
    startup_stm32f407xx.o(RESET) refers to cmsis_os2.o(i.SysTick_Handler) for SysTick_Handler
    startup_stm32f407xx.o(RESET) refers to stm32f4xx_it.o(i.RCC_IRQHandler) for RCC_IRQHandler
    startup_stm32f407xx.o(RESET) refers to stm32f4xx_it.o(i.DMA1_Stream5_IRQHandler) for DMA1_Stream5_IRQHandler
    startup_stm32f407xx.o(RESET) refers to stm32f4xx_it.o(i.DMA1_Stream6_IRQHandler) for DMA1_Stream6_IRQHandler
    startup_stm32f407xx.o(RESET) refers to stm32f4xx_it.o(i.ADC_IRQHandler) for ADC_IRQHandler
    startup_stm32f407xx.o(RESET) refers to stm32f4xx_it.o(i.USART1_IRQHandler) for USART1_IRQHandler
    startup_stm32f407xx.o(RESET) refers to stm32f4xx_it.o(i.USART2_IRQHandler) for USART2_IRQHandler
    startup_stm32f407xx.o(RESET) refers to stm32f4xx_it.o(i.RTC_Alarm_IRQHandler) for RTC_Alarm_IRQHandler
    startup_stm32f407xx.o(RESET) refers to stm32f4xx_it.o(i.SDIO_IRQHandler) for SDIO_IRQHandler
    startup_stm32f407xx.o(RESET) refers to stm32f4xx_it.o(i.TIM6_DAC_IRQHandler) for TIM6_DAC_IRQHandler
    startup_stm32f407xx.o(RESET) refers to stm32f4xx_it.o(i.DMA2_Stream0_IRQHandler) for DMA2_Stream0_IRQHandler
    startup_stm32f407xx.o(RESET) refers to stm32f4xx_it.o(i.DMA2_Stream2_IRQHandler) for DMA2_Stream2_IRQHandler
    startup_stm32f407xx.o(RESET) refers to stm32f4xx_it.o(i.DMA2_Stream3_IRQHandler) for DMA2_Stream3_IRQHandler
    startup_stm32f407xx.o(RESET) refers to stm32f4xx_it.o(i.OTG_FS_IRQHandler) for OTG_FS_IRQHandler
    startup_stm32f407xx.o(RESET) refers to stm32f4xx_it.o(i.DMA2_Stream5_IRQHandler) for DMA2_Stream5_IRQHandler
    startup_stm32f407xx.o(RESET) refers to stm32f4xx_it.o(i.DMA2_Stream6_IRQHandler) for DMA2_Stream6_IRQHandler
    startup_stm32f407xx.o(RESET) refers to stm32f4xx_it.o(i.DMA2_Stream7_IRQHandler) for DMA2_Stream7_IRQHandler
    startup_stm32f407xx.o(.text) refers to system_stm32f4xx.o(i.SystemInit) for SystemInit
    startup_stm32f407xx.o(.text) refers to entry.o(.ARM.Collect$$$$00000000) for __main
    main.o(i.HAL_TIM_PeriodElapsedCallback) refers to stm32f4xx_hal.o(i.HAL_IncTick) for HAL_IncTick
    main.o(i.HAL_TIM_PeriodElapsedCallback) refers to stm32f4xx_hal_gpio.o(i.HAL_GPIO_TogglePin) for HAL_GPIO_TogglePin
    main.o(i.HAL_TIM_PeriodElapsedCallback) refers to stm32f4xx_hal_gpio.o(i.HAL_GPIO_WritePin) for HAL_GPIO_WritePin
    main.o(i.HAL_TIM_PeriodElapsedCallback) refers to main.o(.data) for .data
    main.o(i.SystemClock_Config) refers to memseta.o(.text) for __aeabi_memclr4
    main.o(i.SystemClock_Config) refers to stm32f4xx_hal_rcc.o(i.HAL_RCC_OscConfig) for HAL_RCC_OscConfig
    main.o(i.SystemClock_Config) refers to main.o(i.Error_Handler) for Error_Handler
    main.o(i.SystemClock_Config) refers to stm32f4xx_hal_rcc.o(i.HAL_RCC_ClockConfig) for HAL_RCC_ClockConfig
    main.o(i.main) refers to stm32f4xx_hal.o(i.HAL_Init) for HAL_Init
    main.o(i.main) refers to main.o(i.SystemClock_Config) for SystemClock_Config
    main.o(i.main) refers to gpio.o(i.MX_GPIO_Init) for MX_GPIO_Init
    main.o(i.main) refers to dma.o(i.MX_DMA_Init) for MX_DMA_Init
    main.o(i.main) refers to rtc.o(i.MX_RTC_Init) for MX_RTC_Init
    main.o(i.main) refers to tim.o(i.MX_TIM2_Init) for MX_TIM2_Init
    main.o(i.main) refers to sdio.o(i.MX_SDIO_SD_Init) for MX_SDIO_SD_Init
    main.o(i.main) refers to fatfs.o(i.MX_FATFS_Init) for MX_FATFS_Init
    main.o(i.main) refers to spi.o(i.MX_SPI1_Init) for MX_SPI1_Init
    main.o(i.main) refers to usart.o(i.MX_USART1_UART_Init) for MX_USART1_UART_Init
    main.o(i.main) refers to usart.o(i.MX_USART2_UART_Init) for MX_USART2_UART_Init
    main.o(i.main) refers to adc.o(i.MX_ADC1_Init) for MX_ADC1_Init
    main.o(i.main) refers to fifo.o(i.fifo_alloc) for fifo_alloc
    main.o(i.main) refers to stm32f4xx_hal_uart.o(i.HAL_UART_Receive_DMA) for HAL_UART_Receive_DMA
    main.o(i.main) refers to main.o(.bss) for .bss
    main.o(i.main) refers to usart.o(.bss) for huart2
[...]
    UART5_IRQHandler                         0x0800027b   Thumb Code     0  startup_stm32f407xx.o(.text)
    USART3_IRQHandler                        0x0800027b   Thumb Code     0  startup_stm32f407xx.o(.text)
    USART6_IRQHandler                        0x0800027b   Thumb Code     0  startup_stm32f407xx.o(.text)
    WWDG_IRQHandler                          0x0800027b   Thumb Code     0  startup_stm32f407xx.o(.text)
    __aeabi_uldivmod                         0x08000285   Thumb Code    98  uldiv.o(.text)
    __aeabi_memcpy                           0x080002e7   Thumb Code    36  memcpya.o(.text)
    __aeabi_memcpy4                          0x080002e7   Thumb Code     0  memcpya.o(.text)
    __aeabi_memcpy8                          0x080002e7   Thumb Code     0  memcpya.o(.text)
    __aeabi_memset                           0x0800030b   Thumb Code    14  memseta.o(.text)
    __aeabi_memset4                          0x0800030b   Thumb Code     0  memseta.o(.text)
    __aeabi_memset8                          0x0800030b   Thumb Code     0  memseta.o(.text)
    __aeabi_memclr                           0x08000319   Thumb Code     4  memseta.o(.text)
    __aeabi_memclr4                          0x08000319   Thumb Code     0  memseta.o(.text)
    __aeabi_memclr8                          0x08000319   Thumb Code     0  memseta.o(.text)
    memset                                   0x0800031d   Thumb Code    18  memseta.o(.text)
    __aeabi_llsl                             0x0800032f   Thumb Code    30  llshl.o(.text)
    _ll_shift_l                              0x0800032f   Thumb Code     0  llshl.o(.text)
    __aeabi_llsr                             0x0800034d   Thumb Code    32  llushr.o(.text)
    _ll_ushift_r                             0x0800034d   Thumb Code     0  llushr.o(.text)
    __scatterload                            0x0800036d   Thumb Code    28  init.o(.text)
    __scatterload_rt2                        0x0800036d   Thumb Code     0  init.o(.text)
    ADC_IRQHandler                           0x08000391   Thumb Code     6  stm32f4xx_it.o(i.ADC_IRQHandler)
    BSP_PlatformIsDetected                   0x080004cd   Thumb Code    20  fatfs_platform.o(i.BSP_PlatformIsDetected)
    BSP_SD_AbortCallback                     0x080004e5   Thumb Code     2  bsp_driver_sd.o(i.BSP_SD_AbortCallback)
    BSP_SD_GetCardInfo                       0x080004e9   Thumb Code     8  bsp_driver_sd.o(i.BSP_SD_GetCardInfo)
    BSP_SD_GetCardState                      0x080004f5   Thumb Code    20  bsp_driver_sd.o(i.BSP_SD_GetCardState)
    BSP_SD_Init                              0x0800050d   Thumb Code    42  bsp_driver_sd.o(i.BSP_SD_Init)
    BSP_SD_IsDetected                        0x0800053d   Thumb Code    22  bsp_driver_sd.o(i.BSP_SD_IsDetected)
    BSP_SD_ReadBlocks_DMA                    0x08000555   Thumb Code    24  bsp_driver_sd.o(i.BSP_SD_ReadBlocks_DMA)
    BSP_SD_ReadCpltCallback                  0x08000571   Thumb Code    22  sd_diskio.o(i.BSP_SD_ReadCpltCallback)
    BSP_SD_WriteBlocks_DMA                   0x0800058d   Thumb Code    24  bsp_driver_sd.o(i.BSP_SD_WriteBlocks_DMA)
    BSP_SD_WriteCpltCallback                 0x080005a9   Thumb Code    22  sd_diskio.o(i.BSP_SD_WriteCpltCallback)
    BusFault_Handler                         0x080005c5   Thumb Code     2  stm32f4xx_it.o(i.BusFault_Handler)
    DMA1_Stream5_IRQHandler                  0x080005c9   Thumb Code     6  stm32f4xx_it.o(i.DMA1_Stream5_IRQHandler)
    DMA1_Stream6_IRQHandler                  0x080005d5   Thumb Code     6  stm32f4xx_it.o(i.DMA1_Stream6_IRQHandler)
    DMA2_Stream0_IRQHandler                  0x080005e1   Thumb Code     6  stm32f4xx_it.o(i.DMA2_Stream0_IRQHandler)
    DMA2_Stream2_IRQHandler                  0x080005ed   Thumb Code     6  stm32f4xx_it.o(i.DMA2_Stream2_IRQHandler)
    DMA2_Stream3_IRQHandler                  0x080005f9   Thumb Code     6  stm32f4xx_it.o(i.DMA2_Stream3_IRQHandler)
    DMA2_Stream5_IRQHandler                  0x08000605   Thumb Code     6  stm32f4xx_it.o(i.DMA2_Stream5_IRQHandler)
    DMA2_Stream6_IRQHandler                  0x08000611   Thumb Code     6  stm32f4xx_it.o(i.DMA2_Stream6_IRQHandler)
    DMA2_Stream7_IRQHandler                  0x0800061d   Thumb Code     6  stm32f4xx_it.o(i.DMA2_Stream7_IRQHandler)
    DebugMon_Handler                         0x080006f7   Thumb Code     2  stm32f4xx_it.o(i.DebugMon_Handler)
    Error_Handler                            0x080006f9   Thumb Code     4  main.o(i.Error_Handler)
    FATFS_LinkDriver                         0x080006fd   Thumb Code     6  ff_gen_drv.o(i.FATFS_LinkDriver)
    FATFS_LinkDriverEx                       0x08000705   Thumb Code    58  ff_gen_drv.o(i.FATFS_LinkDriverEx)
    HAL_ADCEx_InjectedConvCpltCallback       0x08000745   Thumb Code     2  stm32f4xx_hal_adc_ex.o(i.HAL_ADCEx_InjectedConvCpltCallback)
    HAL_ADC_ConfigChannel                    0x08000749   Thumb Code   326  stm32f4xx_hal_adc.o(i.HAL_ADC_ConfigChannel)
    HAL_ADC_ConvCpltCallback                 0x080008a1   Thumb Code     2  stm32f4xx_hal_adc.o(i.HAL_ADC_ConvCpltCallback)
    HAL_ADC_ErrorCallback                    0x080008a3   Thumb Code     2  stm32f4xx_hal_adc.o(i.HAL_ADC_ErrorCallback)
    HAL_ADC_IRQHandler                       0x080008a5   Thumb Code   306  stm32f4xx_hal_adc.o(i.HAL_ADC_IRQHandler)
    HAL_ADC_Init                             0x080009d7   Thumb Code    84  stm32f4xx_hal_adc.o(i.HAL_ADC_Init)
    HAL_ADC_LevelOutOfWindowCallback         0x08000a2b   Thumb Code     2  stm32f4xx_hal_adc.o(i.HAL_ADC_LevelOutOfWindowCallback)
    HAL_ADC_MspInit                          0x08000a2d   Thumb Code   100  adc.o(i.HAL_ADC_MspInit)
    HAL_DMA_Abort                            0x08000a9d   Thumb Code   142  stm32f4xx_hal_dma.o(i.HAL_DMA_Abort)
    HAL_DMA_Abort_IT                         0x08000b2b   Thumb Code    36  stm32f4xx_hal_dma.o(i.HAL_DMA_Abort_IT)
    HAL_DMA_GetError                         0x08000b4f   Thumb Code     4  stm32f4xx_hal_dma.o(i.HAL_DMA_GetError)
    HAL_DMA_IRQHandler                       0x08000b55   Thumb Code   460  stm32f4xx_hal_dma.o(i.HAL_DMA_IRQHandler)
    HAL_DMA_Init                             0x08000d25   Thumb Code   208  stm32f4xx_hal_dma.o(i.HAL_DMA_Init)
    HAL_DMA_Start_IT                         0x08000df9   Thumb Code   110  stm32f4xx_hal_dma.o(i.HAL_DMA_Start_IT)
    HAL_Delay                                0x08000e69   Thumb Code    32  stm32f4xx_hal.o(i.HAL_Delay)
    HAL_GPIO_Init                            0x08000e8d   Thumb Code   420  stm32f4xx_hal_gpio.o(i.HAL_GPIO_Init)
    HAL_GPIO_ReadPin                         0x0800105d   Thumb Code    14  stm32f4xx_hal_gpio.o(i.HAL_GPIO_ReadPin)
    HAL_GPIO_TogglePin                       0x0800106b   Thumb Code    16  stm32f4xx_hal_gpio.o(i.HAL_GPIO_TogglePin)
    HAL_GPIO_WritePin                        0x0800107b   Thumb Code    14  stm32f4xx_hal_gpio.o(i.HAL_GPIO_WritePin)
    HAL_GetTick                              0x08001089   Thumb Code     6  stm32f4xx_hal.o(i.HAL_GetTick)
    HAL_IncTick                              0x08001095   Thumb Code    12  stm32f4xx_hal.o(i.HAL_IncTick)
    HAL_Init                                 0x080010a5   Thumb Code    48  stm32f4xx_hal.o(i.HAL_Init)
    HAL_InitTick                             0x080010d9   Thumb Code   132  stm32f4xx_hal_timebase_tim.o(i.HAL_InitTick)
    HAL_MspInit                              0x08001171   Thumb Code    70  stm32f4xx_hal_msp.o(i.HAL_MspInit)
    HAL_NVIC_EnableIRQ                       0x080011bd   Thumb Code    26  stm32f4xx_hal_cortex.o(i.HAL_NVIC_EnableIRQ)
    HAL_NVIC_SetPriority                     0x080011d9   Thumb Code    60  stm32f4xx_hal_cortex.o(i.HAL_NVIC_SetPriority)
    HAL_NVIC_SetPriorityGrouping             0x08001219   Thumb Code    26  stm32f4xx_hal_cortex.o(i.HAL_NVIC_SetPriorityGrouping)
    HAL_PCDEx_LPM_Callback                   0x0800123d   Thumb Code     2  stm32f4xx_hal_pcd_ex.o(i.HAL_PCDEx_LPM_Callback)
    HAL_PCD_ConnectCallback                  0x0800123f   Thumb Code     8  usbd_conf.o(i.HAL_PCD_ConnectCallback)
    HAL_PCD_DataInStageCallback              0x08001247   Thumb Code    18  usbd_conf.o(i.HAL_PCD_DataInStageCallback)
    HAL_PCD_DataOutStageCallback             0x08001259   Thumb Code    20  usbd_conf.o(i.HAL_PCD_DataOutStageCallback)
    HAL_PCD_DisconnectCallback               0x0800126d   Thumb Code     8  usbd_conf.o(i.HAL_PCD_DisconnectCallback)
    HAL_PCD_EP_Abort                         0x08001275   Thumb Code    30  stm32f4xx_hal_pcd.o(i.HAL_PCD_EP_Abort)
    HAL_PCD_EP_ClrStall                      0x08001293   Thumb Code    88  stm32f4xx_hal_pcd.o(i.HAL_PCD_EP_ClrStall)
    HAL_PCD_EP_Open                          0x080012eb   Thumb Code    92  stm32f4xx_hal_pcd.o(i.HAL_PCD_EP_Open)
    HAL_PCD_EP_Receive                       0x08001347   Thumb Code    66  stm32f4xx_hal_pcd.o(i.HAL_PCD_EP_Receive)
    HAL_PCD_EP_SetStall                      0x08001389   Thumb Code   112  stm32f4xx_hal_pcd.o(i.HAL_PCD_EP_SetStall)
    HAL_PCD_EP_Transmit                      0x080013f9   Thumb Code    66  stm32f4xx_hal_pcd.o(i.HAL_PCD_EP_Transmit)
    HAL_PCD_IRQHandler                       0x0800143b   Thumb Code  1290  stm32f4xx_hal_pcd.o(i.HAL_PCD_IRQHandler)
    HAL_PCD_ISOINIncompleteCallback          0x08001945   Thumb Code     8  usbd_conf.o(i.HAL_PCD_ISOINIncompleteCallback)
    HAL_PCD_ISOOUTIncompleteCallback         0x0800194d   Thumb Code     8  usbd_conf.o(i.HAL_PCD_ISOOUTIncompleteCallback)
    HAL_PCD_ResetCallback                    0x08001955   Thumb Code    46  usbd_conf.o(i.HAL_PCD_ResetCallback)
    HAL_PCD_ResumeCallback                   0x08001983   Thumb Code     8  usbd_conf.o(i.HAL_PCD_ResumeCallback)
    HAL_PCD_SOFCallback                      0x0800198b   Thumb Code     8  usbd_conf.o(i.HAL_PCD_SOFCallback)
    HAL_PCD_SetAddress                       0x08001993   Thumb Code    40  stm32f4xx_hal_pcd.o(i.HAL_PCD_SetAddress)
    HAL_PCD_SetupStageCallback               0x080019bb   Thumb Code    14  usbd_conf.o(i.HAL_PCD_SetupStageCallback)
    HAL_PCD_SuspendCallback                  0x080019c9   Thumb Code    44  usbd_conf.o(i.HAL_PCD_SuspendCallback)
    HAL_PWR_EnableBkUpAccess                 0x080019f9   Thumb Code    16  stm32f4xx_hal_pwr.o(i.HAL_PWR_EnableBkUpAccess)
    HAL_RCCEx_PeriphCLKConfig                0x08001a11   Thumb Code   306  stm32f4xx_hal_rcc_ex.o(i.HAL_RCCEx_PeriphCLKConfig)
    HAL_RCC_ClockConfig                      0x08001b59   Thumb Code   310  stm32f4xx_hal_rcc.o(i.HAL_RCC_ClockConfig)
    HAL_RCC_GetClockConfig                   0x08001ca5   Thumb Code    52  stm32f4xx_hal_rcc.o(i.HAL_RCC_GetClockConfig)
    HAL_RCC_GetHCLKFreq                      0x08001ce1   Thumb Code     6  stm32f4xx_hal_rcc.o(i.HAL_RCC_GetHCLKFreq)
    HAL_RCC_GetPCLK1Freq                     0x08001ced   Thumb Code    22  stm32f4xx_hal_rcc.o(i.HAL_RCC_GetPCLK1Freq)
    HAL_RCC_GetPCLK2Freq                     0x08001d0d   Thumb Code    22  stm32f4xx_hal_rcc.o(i.HAL_RCC_GetPCLK2Freq)
    HAL_RCC_GetSysClockFreq                  0x08001d2d   Thumb Code    94  stm32f4xx_hal_rcc.o(i.HAL_RCC_GetSysClockFreq)
    HAL_RCC_OscConfig                        0x08001d95   Thumb Code   942  stm32f4xx_hal_rcc.o(i.HAL_RCC_OscConfig)
    HAL_RTCEx_AlarmBEventCallback            0x08002155   Thumb Code     2  stm32f4xx_hal_rtc_ex.o(i.HAL_RTCEx_AlarmBEventCallback)
    HAL_RTCEx_BKUPRead                       0x08002157   Thumb Code    12  stm32f4xx_hal_rtc_ex.o(i.HAL_RTCEx_BKUPRead)
    HAL_RTCEx_BKUPWrite                      0x08002163   Thumb Code    12  stm32f4xx_hal_rtc_ex.o(i.HAL_RTCEx_BKUPWrite)
    HAL_RTC_AlarmAEventCallback              0x0800216f   Thumb Code     2  stm32f4xx_hal_rtc.o(i.HAL_RTC_AlarmAEventCallback)
    HAL_RTC_AlarmIRQHandler                  0x08002171   Thumb Code    86  stm32f4xx_hal_rtc.o(i.HAL_RTC_AlarmIRQHandler)
    HAL_RTC_GetDate                          0x080021cd   Thumb Code    64  stm32f4xx_hal_rtc.o(i.HAL_RTC_GetDate)
    HAL_RTC_GetTime                          0x08002211   Thumb Code    80  stm32f4xx_hal_rtc.o(i.HAL_RTC_GetTime)
    HAL_RTC_Init                             0x08002265   Thumb Code   138  stm32f4xx_hal_rtc.o(i.HAL_RTC_Init)
    HAL_RTC_MspInit                          0x080022f5   Thumb Code    64  rtc.o(i.HAL_RTC_MspInit)
    HAL_RTC_SetAlarm_IT                      0x0800233d   Thumb Code   420  stm32f4xx_hal_rtc.o(i.HAL_RTC_SetAlarm_IT)
    HAL_RTC_SetDate                          0x080024e9   Thumb Code   150  stm32f4xx_hal_rtc.o(i.HAL_RTC_SetDate)
    HAL_RTC_SetTime                          0x08002585   Thumb Code   186  stm32f4xx_hal_rtc.o(i.HAL_RTC_SetTime)
    HAL_RTC_WaitForSynchro                   0x08002645   Thumb Code    52  stm32f4xx_hal_rtc.o(i.HAL_RTC_WaitForSynchro)
    HAL_SD_AbortCallback                     0x08002679   Thumb Code     8  bsp_driver_sd.o(i.HAL_SD_AbortCallback)
    HAL_SD_ConfigWideBusOperation            0x08002681   Thumb Code   192  stm32f4xx_hal_sd.o(i.HAL_SD_ConfigWideBusOperation)
    HAL_SD_ErrorCallback                     0x08002745   Thumb Code     2  stm32f4xx_hal_sd.o(i.HAL_SD_ErrorCallback)
    HAL_SD_GetCardCSD                        0x08002749   Thumb Code   398  stm32f4xx_hal_sd.o(i.HAL_SD_GetCardCSD)
    HAL_SD_GetCardInfo                       0x080028dd   Thumb Code    36  stm32f4xx_hal_sd.o(i.HAL_SD_GetCardInfo)
    HAL_SD_GetCardState                      0x08002901   Thumb Code    32  stm32f4xx_hal_sd.o(i.HAL_SD_GetCardState)
    HAL_SD_IRQHandler                        0x08002921   Thumb Code   460  stm32f4xx_hal_sd.o(i.HAL_SD_IRQHandler)
    HAL_SD_Init                              0x08002af5   Thumb Code    62  stm32f4xx_hal_sd.o(i.HAL_SD_Init)
    HAL_SD_InitCard                          0x08002b35   Thumb Code   148  stm32f4xx_hal_sd.o(i.HAL_SD_InitCard)
    HAL_SD_MspInit                           0x08002bd1   Thumb Code   326  sdio.o(i.HAL_SD_MspInit)
    HAL_SD_ReadBlocks_DMA                    0x08002d31   Thumb Code   300  stm32f4xx_hal_sd.o(i.HAL_SD_ReadBlocks_DMA)
    HAL_SD_RxCpltCallback                    0x08002e6d   Thumb Code     8  bsp_driver_sd.o(i.HAL_SD_RxCpltCallback)
    HAL_SD_TxCpltCallback                    0x08002e75   Thumb Code     8  bsp_driver_sd.o(i.HAL_SD_TxCpltCallback)
    HAL_SD_WriteBlocks_DMA                   0x08002e7d   Thumb Code   288  stm32f4xx_hal_sd.o(i.HAL_SD_WriteBlocks_DMA)
    HAL_SPI_Init                             0x08002fad   Thumb Code   190  stm32f4xx_hal_spi.o(i.HAL_SPI_Init)
    HAL_SPI_MspInit                          0x0800306d   Thumb Code   200  spi.o(i.HAL_SPI_MspInit)
    HAL_TIMEx_BreakCallback                  0x08003149   Thumb Code     2  stm32f4xx_hal_tim_ex.o(i.HAL_TIMEx_BreakCallback)
    HAL_TIMEx_CommutCallback                 0x0800314b   Thumb Code     2  stm32f4xx_hal_tim_ex.o(i.HAL_TIMEx_CommutCallback)
    HAL_TIMEx_MasterConfigSynchronization    0x0800314d   Thumb Code   114  stm32f4xx_hal_tim_ex.o(i.HAL_TIMEx_MasterConfigSynchronization)
    HAL_TIM_Base_Init                        0x080031dd   Thumb Code    74  stm32f4xx_hal_tim.o(i.HAL_TIM_Base_Init)
    HAL_TIM_Base_MspInit                     0x08003229   Thumb Code    30  tim.o(i.HAL_TIM_Base_MspInit)
    HAL_TIM_Base_Start_IT                    0x0800324d   Thumb Code   110  stm32f4xx_hal_tim.o(i.HAL_TIM_Base_Start_IT)
    HAL_TIM_ConfigClockSource                0x080032d9   Thumb Code   232  stm32f4xx_hal_tim.o(i.HAL_TIM_ConfigClockSource)
    HAL_TIM_IC_CaptureCallback               0x080033c1   Thumb Code     2  stm32f4xx_hal_tim.o(i.HAL_TIM_IC_CaptureCallback)
    HAL_TIM_IRQHandler                       0x080033c3   Thumb Code   366  stm32f4xx_hal_tim.o(i.HAL_TIM_IRQHandler)
    HAL_TIM_OC_DelayElapsedCallback          0x08003531   Thumb Code     2  stm32f4xx_hal_tim.o(i.HAL_TIM_OC_DelayElapsedCallback)
    HAL_TIM_PWM_PulseFinishedCallback        0x08003533   Thumb Code     2  stm32f4xx_hal_tim.o(i.HAL_TIM_PWM_PulseFinishedCallback)
    HAL_TIM_PeriodElapsedCallback            0x08003535   Thumb Code    56  main.o(i.HAL_TIM_PeriodElapsedCallback)
    HAL_TIM_TriggerCallback                  0x08003579   Thumb Code     2  stm32f4xx_hal_tim.o(i.HAL_TIM_TriggerCallback)
    HAL_UARTEx_RxEventCallback               0x0800357b   Thumb Code     2  stm32f4xx_hal_uart.o(i.HAL_UARTEx_RxEventCallback)
    HAL_UART_DMAStop                         0x0800357d   Thumb Code   112  stm32f4xx_hal_uart.o(i.HAL_UART_DMAStop)
    HAL_UART_ErrorCallback                   0x080035ed   Thumb Code     2  stm32f4xx_hal_uart.o(i.HAL_UART_ErrorCallback)
    HAL_UART_IRQHandler                      0x080035f1   Thumb Code   546  stm32f4xx_hal_uart.o(i.HAL_UART_IRQHandler)
    HAL_UART_IdleCpltCallback                0x08003819   Thumb Code    60  esp8266client.o(i.HAL_UART_IdleCpltCallback)
    HAL_UART_Init                            0x08003869   Thumb Code   100  stm32f4xx_hal_uart.o(i.HAL_UART_Init)
    HAL_UART_MspInit                         0x080038cd   Thumb Code   418  usart.o(i.HAL_UART_MspInit)
    HAL_UART_Receive_DMA                     0x08003a91   Thumb Code    46  stm32f4xx_hal_uart.o(i.HAL_UART_Receive_DMA)
    HAL_UART_RxCpltCallback                  0x08003abf   Thumb Code     2  stm32f4xx_hal_uart.o(i.HAL_UART_RxCpltCallback)
    HAL_UART_RxHalfCpltCallback              0x08003ac1   Thumb Code     2  stm32f4xx_hal_uart.o(i.HAL_UART_RxHalfCpltCallback)
    HAL_UART_TxCpltCallback                  0x08003ac3   Thumb Code     2  stm32f4xx_hal_uart.o(i.HAL_UART_TxCpltCallback)
    HardFault_Handler                        0x08003ac5   Thumb Code     2  stm32f4xx_it.o(i.HardFault_Handler)
    MX_ADC1_Init                             0x08003ac9   Thumb Code    86  adc.o(i.MX_ADC1_Init)
    MX_DMA_Init                              0x08003b2d   Thumb Code   168  dma.o(i.MX_DMA_Init)
    MX_FATFS_Init                            0x08003bd9   Thumb Code    18  fatfs.o(i.MX_FATFS_Init)
    MX_GPIO_Init                             0x08003bf5   Thumb Code   184  gpio.o(i.MX_GPIO_Init)
    MX_RTC_Init                              0x08003cbd   Thumb Code   252  rtc.o(i.MX_RTC_Init)
    MX_SDIO_SD_Init                          0x08003dc5   Thumb Code    28  sdio.o(i.MX_SDIO_SD_Init)
    MX_SPI1_Init                             0x08003de9   Thumb Code    60  spi.o(i.MX_SPI1_Init)
    MX_TIM2_Init                             0x08003e2d   Thumb Code    96  tim.o(i.MX_TIM2_Init)
    MX_USART1_UART_Init                      0x08003e91   Thumb Code    48  usart.o(i.MX_USART1_UART_Init)
    MX_USART2_UART_Init                      0x08003ec9   Thumb Code    54  usart.o(i.MX_USART2_UART_Init)
    MemManage_Handler                        0x08003f09   Thumb Code     2  stm32f4xx_it.o(i.MemManage_Handler)
    NMI_Handler                              0x08003f0b   Thumb Code     2  stm32f4xx_it.o(i.NMI_Handler)
    OTG_FS_IRQHandler                        0x08003f0d   Thumb Code     6  stm32f4xx_it.o(i.OTG_FS_IRQHandler)
    RCC_IRQHandler                           0x080040e1   Thumb Code     2  stm32f4xx_it.o(i.RCC_IRQHandler)
    RTC_AlarmConfig                          0x080040e5   Thumb Code   108  rtc.o(i.RTC_AlarmConfig)
    RTC_Alarm_IRQHandler                     0x0800415d   Thumb Code     6  stm32f4xx_it.o(i.RTC_Alarm_IRQHandler)
    RTC_Bcd2ToByte                           0x08004169   Thumb Code    18  stm32f4xx_hal_rtc.o(i.RTC_Bcd2ToByte)
    RTC_ByteToBcd2                           0x0800417b   Thumb Code    24  stm32f4xx_hal_rtc.o(i.RTC_ByteToBcd2)
    RTC_EnterInitMode                        0x08004193   Thumb Code    70  stm32f4xx_hal_rtc.o(i.RTC_EnterInitMode)
    RTC_ExitInitMode                         0x080041d9   Thumb Code    42  stm32f4xx_hal_rtc.o(i.RTC_ExitInitMode)
    SDIO_ConfigData                          0x08004203   Thumb Code    36  stm32f4xx_ll_sdmmc.o(i.SDIO_ConfigData)
    SDIO_GetCommandResponse                  0x08004227   Thumb Code     6  stm32f4xx_ll_sdmmc.o(i.SDIO_GetCommandResponse)
    SDIO_GetPowerState                       0x0800422d   Thumb Code     8  stm32f4xx_ll_sdmmc.o(i.SDIO_GetPowerState)
    SDIO_GetResponse                         0x08004235   Thumb Code     6  stm32f4xx_ll_sdmmc.o(i.SDIO_GetResponse)
    SDIO_IRQHandler                          0x0800423d   Thumb Code     6  stm32f4xx_it.o(i.SDIO_IRQHandler)
    SDIO_Init                                0x08004249   Thumb Code    42  stm32f4xx_ll_sdmmc.o(i.SDIO_Init)
    SDIO_PowerState_ON                       0x08004273   Thumb Code     8  stm32f4xx_ll_sdmmc.o(i.SDIO_PowerState_ON)
    SDIO_ReadFIFO                            0x0800427b   Thumb Code     6  stm32f4xx_ll_sdmmc.o(i.SDIO_ReadFIFO)
    SDIO_SendCommand                         0x08004281   Thumb Code    32  stm32f4xx_ll_sdmmc.o(i.SDIO_SendCommand)
    SDIO_WriteFIFO                           0x080042a1   Thumb Code    10  stm32f4xx_ll_sdmmc.o(i.SDIO_WriteFIFO)
    SDMMC_CmdAppCommand                      0x080042ab   Thumb Code    50  stm32f4xx_ll_sdmmc.o(i.SDMMC_CmdAppCommand)
    SDMMC_CmdAppOperCommand                  0x080042dd   Thumb Code    46  stm32f4xx_ll_sdmmc.o(i.SDMMC_CmdAppOperCommand)
    SDMMC_CmdBlockLength                     0x08004311   Thumb Code    50  stm32f4xx_ll_sdmmc.o(i.SDMMC_CmdBlockLength)
    SDMMC_CmdBusWidth                        0x08004343   Thumb Code    50  stm32f4xx_ll_sdmmc.o(i.SDMMC_CmdBusWidth)
    SDMMC_CmdGoIdleState                     0x08004375   Thumb Code    40  stm32f4xx_ll_sdmmc.o(i.SDMMC_CmdGoIdleState)
    SDMMC_CmdOperCond                        0x0800439d   Thumb Code    48  stm32f4xx_ll_sdmmc.o(i.SDMMC_CmdOperCond)
    SDMMC_CmdReadMultiBlock                  0x080043cd   Thumb Code    50  stm32f4xx_ll_sdmmc.o(i.SDMMC_CmdReadMultiBlock)
    SDMMC_CmdReadSingleBlock                 0x080043ff   Thumb Code    50  stm32f4xx_ll_sdmmc.o(i.SDMMC_CmdReadSingleBlock)
    SDMMC_CmdSelDesel                        0x08004431   Thumb Code    50  stm32f4xx_ll_sdmmc.o(i.SDMMC_CmdSelDesel)
    SDMMC_CmdSendCID                         0x08004463   Thumb Code    44  stm32f4xx_ll_sdmmc.o(i.SDMMC_CmdSendCID)
    SDMMC_CmdSendCSD                         0x0800448f   Thumb Code    44  stm32f4xx_ll_sdmmc.o(i.SDMMC_CmdSendCSD)
    SDMMC_CmdSendSCR                         0x080044bb   Thumb Code    48  stm32f4xx_ll_sdmmc.o(i.SDMMC_CmdSendSCR)
    SDMMC_CmdSendStatus                      0x080044eb   Thumb Code    50  stm32f4xx_ll_sdmmc.o(i.SDMMC_CmdSendStatus)
    SDMMC_CmdSetRelAdd                       0x0800451d   Thumb Code    48  stm32f4xx_ll_sdmmc.o(i.SDMMC_CmdSetRelAdd)
    SDMMC_CmdStopTransfer                    0x0800454d   Thumb Code    46  stm32f4xx_ll_sdmmc.o(i.SDMMC_CmdStopTransfer)
    SDMMC_CmdWriteMultiBlock                 0x08004581   Thumb Code    50  stm32f4xx_ll_sdmmc.o(i.SDMMC_CmdWriteMultiBlock)
    SDMMC_CmdWriteSingleBlock                0x080045b3   Thumb Code    50  stm32f4xx_ll_sdmmc.o(i.SDMMC_CmdWriteSingleBlock)
    SDMMC_GetCmdResp1                        0x08004615   Thumb Code   284  stm32f4xx_ll_sdmmc.o(i.SDMMC_GetCmdResp1)
    SDMMC_GetCmdResp2                        0x08004739   Thumb Code    78  stm32f4xx_ll_sdmmc.o(i.SDMMC_GetCmdResp2)
    SDMMC_GetCmdResp3                        0x0800478d   Thumb Code    64  stm32f4xx_ll_sdmmc.o(i.SDMMC_GetCmdResp3)
    SDMMC_GetCmdResp6                        0x080047d1   Thumb Code   136  stm32f4xx_ll_sdmmc.o(i.SDMMC_GetCmdResp6)
    SDMMC_GetCmdResp7                        0x0800485d   Thumb Code    84  stm32f4xx_ll_sdmmc.o(i.SDMMC_GetCmdResp7)
    SD_initialize                            0x08004e35   Thumb Code    70  sd_diskio.o(i.SD_initialize)
    SD_ioctl                                 0x08004e81   Thumb Code    86  sd_diskio.o(i.SD_ioctl)
    SD_read                                  0x08004edd   Thumb Code   100  sd_diskio.o(i.SD_read)
    SD_status                                0x08004f45   Thumb Code     4  sd_diskio.o(i.SD_status)
    SD_write                                 0x08004f49   Thumb Code   100  sd_diskio.o(i.SD_write)
    SysTick_Handler                          0x08004fbb   Thumb Code    26  cmsis_os2.o(i.SysTick_Handler)
    SystemClock_Config                       0x08004fd5   Thumb Code   146  main.o(i.SystemClock_Config)
    SystemInit                               0x08005071   Thumb Code    12  system_stm32f4xx.o(i.SystemInit)
    TIM6_DAC_IRQHandler                      0x08005081   Thumb Code     6  stm32f4xx_it.o(i.TIM6_DAC_IRQHandler)
    TIM_Base_SetConfig                       0x0800508d   Thumb Code   160  stm32f4xx_hal_tim.o(i.TIM_Base_SetConfig)
    TIM_ETR_SetConfig                        0x08005159   Thumb Code    20  stm32f4xx_hal_tim.o(i.TIM_ETR_SetConfig)
    UART_Start_Receive_DMA                   0x08005519   Thumb Code   138  stm32f4xx_hal_uart.o(i.UART_Start_Receive_DMA)
    USART1_IRQHandler                        0x08005611   Thumb Code     6  stm32f4xx_it.o(i.USART1_IRQHandler)
    USART2_IRQHandler                        0x0800561d   Thumb Code    68  stm32f4xx_it.o(i.USART2_IRQHandler)
    USBD_ClrClassConfig                      0x08005671   Thumb Code    20  usbd_core.o(i.USBD_ClrClassConfig)
    USBD_CoreFindEP                          0x080056ab   Thumb Code     4  usbd_core.o(i.USBD_CoreFindEP)
    USBD_CoreFindIF                          0x080056af   Thumb Code     4  usbd_core.o(i.USBD_CoreFindIF)
    USBD_CtlContinueRx                       0x080056b3   Thumb Code    16  usbd_ioreq.o(i.USBD_CtlContinueRx)
    USBD_CtlContinueSendData                 0x080056c3   Thumb Code    16  usbd_ioreq.o(i.USBD_CtlContinueSendData)
    USBD_CtlError                            0x080056d3   Thumb Code    24  usbd_ctlreq.o(i.USBD_CtlError)
    USBD_CtlReceiveStatus                    0x080056eb   Thumb Code    22  usbd_ioreq.o(i.USBD_CtlReceiveStatus)
    USBD_CtlSendData                         0x08005701   Thumb Code    26  usbd_ioreq.o(i.USBD_CtlSendData)
    USBD_CtlSendStatus                       0x0800571b   Thumb Code    22  usbd_ioreq.o(i.USBD_CtlSendStatus)
    USBD_Get_USB_Status                      0x08005957   Thumb Code    36  usbd_conf.o(i.USBD_Get_USB_Status)
    USBD_LL_ClearStallEP                     0x0800597b   Thumb Code    18  usbd_conf.o(i.USBD_LL_ClearStallEP)
    USBD_LL_DataInStage                      0x0800598d   Thumb Code   220  usbd_core.o(i.USBD_LL_DataInStage)
    USBD_LL_DataOutStage                     0x08005a69   Thumb Code   202  usbd_core.o(i.USBD_LL_DataOutStage)
    USBD_LL_DevConnected                     0x08005b33   Thumb Code     4  usbd_core.o(i.USBD_LL_DevConnected)
    USBD_LL_DevDisconnected                  0x08005b37   Thumb Code    32  usbd_core.o(i.USBD_LL_DevDisconnected)
    USBD_LL_IsStallEP                        0x08005b57   Thumb Code    32  usbd_conf.o(i.USBD_LL_IsStallEP)
    USBD_LL_IsoINIncomplete                  0x08005b77   Thumb Code    42  usbd_core.o(i.USBD_LL_IsoINIncomplete)
    USBD_LL_IsoOUTIncomplete                 0x08005ba1   Thumb Code    42  usbd_core.o(i.USBD_LL_IsoOUTIncomplete)
    USBD_LL_OpenEP                           0x08005bcb   Thumb Code    24  usbd_conf.o(i.USBD_LL_OpenEP)
    USBD_LL_PrepareReceive                   0x08005be3   Thumb Code    18  usbd_conf.o(i.USBD_LL_PrepareReceive)
    USBD_LL_Reset                            0x08005bf5   Thumb Code    96  usbd_core.o(i.USBD_LL_Reset)
    USBD_LL_Resume                           0x08005c55   Thumb Code    20  usbd_core.o(i.USBD_LL_Resume)
    USBD_LL_SOF                              0x08005c69   Thumb Code    26  usbd_core.o(i.USBD_LL_SOF)
    USBD_LL_SetSpeed                         0x08005c83   Thumb Code     6  usbd_core.o(i.USBD_LL_SetSpeed)
    USBD_LL_SetUSBAddress                    0x08005c89   Thumb Code    18  usbd_conf.o(i.USBD_LL_SetUSBAddress)
    USBD_LL_SetupStage                       0x08005c9b   Thumb Code    96  usbd_core.o(i.USBD_LL_SetupStage)
    USBD_LL_StallEP                          0x08005cfb   Thumb Code    18  usbd_conf.o(i.USBD_LL_StallEP)
    USBD_LL_Suspend                          0x08005d0d   Thumb Code    16  usbd_core.o(i.USBD_LL_Suspend)
    USBD_LL_Transmit                         0x08005d1d   Thumb Code    18  usbd_conf.o(i.USBD_LL_Transmit)
    USBD_ParseSetupRequest                   0x08005d2f   Thumb Code    50  usbd_ctlreq.o(i.USBD_ParseSetupRequest)
    USBD_RunTestMode                         0x08005d61   Thumb Code     4  usbd_core.o(i.USBD_RunTestMode)
    USBD_SetClassConfig                      0x08005dbd   Thumb Code    20  usbd_core.o(i.USBD_SetClassConfig)
    USBD_StdDevReq                           0x08005ed1   Thumb Code   118  usbd_ctlreq.o(i.USBD_StdDevReq)
    USBD_StdEPReq                            0x08005f47   Thumb Code   544  usbd_ctlreq.o(i.USBD_StdEPReq)
    USBD_StdItfReq                           0x08006167   Thumb Code   142  usbd_ctlreq.o(i.USBD_StdItfReq)
    USB_ActivateEndpoint                     0x080061f5   Thumb Code   126  stm32f4xx_ll_usb.o(i.USB_ActivateEndpoint)
    USB_ActivateSetup                        0x08006279   Thumb Code    28  stm32f4xx_ll_usb.o(i.USB_ActivateSetup)
    USB_EP0StartXfer                         0x08006295   Thumb Code   276  stm32f4xx_ll_usb.o(i.USB_EP0StartXfer)
    USB_EP0_OutStart                         0x080063ad   Thumb Code    80  stm32f4xx_ll_usb.o(i.USB_EP0_OutStart)
    USB_EPClearStall                         0x08006401   Thumb Code    88  stm32f4xx_ll_usb.o(i.USB_EPClearStall)
    USB_EPSetStall                           0x08006459   Thumb Code    88  stm32f4xx_ll_usb.o(i.USB_EPSetStall)
    USB_EPStartXfer                          0x080064b1   Thumb Code   498  stm32f4xx_ll_usb.o(i.USB_EPStartXfer)
    USB_EPStopXfer                           0x080066a9   Thumb Code   164  stm32f4xx_ll_usb.o(i.USB_EPStopXfer)
    USB_FlushTxFifo                          0x0800674d   Thumb Code    66  stm32f4xx_ll_usb.o(i.USB_FlushTxFifo)
    USB_GetDevSpeed                          0x08006795   Thumb Code    32  stm32f4xx_ll_usb.o(i.USB_GetDevSpeed)
    USB_GetMode                              0x080067b5   Thumb Code     8  stm32f4xx_ll_usb.o(i.USB_GetMode)
    USB_ReadDevAllInEpInterrupt              0x080067bd   Thumb Code    14  stm32f4xx_ll_usb.o(i.USB_ReadDevAllInEpInterrupt)
    USB_ReadDevAllOutEpInterrupt             0x080067cb   Thumb Code    14  stm32f4xx_ll_usb.o(i.USB_ReadDevAllOutEpInterrupt)
    USB_ReadDevInEPInterrupt                 0x080067d9   Thumb Code    36  stm32f4xx_ll_usb.o(i.USB_ReadDevInEPInterrupt)
    USB_ReadDevOutEPInterrupt                0x080067fd   Thumb Code    16  stm32f4xx_ll_usb.o(i.USB_ReadDevOutEPInterrupt)
    USB_ReadInterrupts                       0x0800680d   Thumb Code     8  stm32f4xx_ll_usb.o(i.USB_ReadInterrupts)
    USB_ReadPacket                           0x08006815   Thumb Code    62  stm32f4xx_ll_usb.o(i.USB_ReadPacket)
    USB_SetDevAddress                        0x08006853   Thumb Code    30  stm32f4xx_ll_usb.o(i.USB_SetDevAddress)
    USB_SetTurnaroundTime                    0x08006871   Thumb Code   170  stm32f4xx_ll_usb.o(i.USB_SetTurnaroundTime)
    USB_WritePacket                          0x08006965   Thumb Code    40  stm32f4xx_ll_usb.o(i.USB_WritePacket)
    UsageFault_Handler                       0x0800698d   Thumb Code     2  stm32f4xx_it.o(i.UsageFault_Handler)
    __scatterload_copy                       0x080069af   Thumb Code    14  handlers.o(i.__scatterload_copy)
    __scatterload_null                       0x080069bd   Thumb Code     2  handlers.o(i.__scatterload_null)
    __scatterload_zeroinit                   0x080069bf   Thumb Code    14  handlers.o(i.__scatterload_zeroinit)
    fifo_alloc                               0x080069cd   Thumb Code    70  fifo.o(i.fifo_alloc)
    fifo_in                                  0x08006a47   Thumb Code    42  fifo.o(i.fifo_in)
    main                                     0x08006a71   Thumb Code    94  main.o(i.main)
    malloc                                   0x08006add   Thumb Code    92  malloc.o(i.malloc)
    osKernelGetState                         0x08006b49   Thumb Code    36  cmsis_os2.o(i.osKernelGetState)
    osKernelGetTickCount                     0x08006b71   Thumb Code    16  cmsis_os2.o(i.osKernelGetTickCount)
    osMessageQueueGet                        0x08006b81   Thumb Code   104  cmsis_os2.o(i.osMessageQueueGet)
    osMessageQueueNew                        0x08006bed   Thumb Code   124  cmsis_os2.o(i.osMessageQueueNew)
    osMessageQueuePut                        0x08006c69   Thumb Code   108  cmsis_os2.o(i.osMessageQueuePut)
    pvPortMalloc                             0x08006f5d   Thumb Code   214  heap_4.o(i.pvPortMalloc)
    uxListRemove                             0x08007039   Thumb Code    38  list.o(i.uxListRemove)
    vListInitialise                          0x0800705f   Thumb Code    22  list.o(i.vListInitialise)
    vListInsert                              0x08007075   Thumb Code    48  list.o(i.vListInsert)
    vListInsertEnd                           0x080070a5   Thumb Code    24  list.o(i.vListInsertEnd)
    vPortEnterCritical                       0x080070bd   Thumb Code    54  port.o(i.vPortEnterCritical)
    vPortExitCritical                        0x080070fd   Thumb Code    38  port.o(i.vPortExitCritical)
    vPortValidateInterruptPriority           0x08007129   Thumb Code    74  port.o(i.vPortValidateInterruptPriority)
    vQueueAddToRegistry                      0x0800717d   Thumb Code    32  queue.o(i.vQueueAddToRegistry)
    vTaskInternalSetTimeOutState             0x080071a1   Thumb Code    12  tasks.o(i.vTaskInternalSetTimeOutState)
    vTaskMissedYield                         0x080071b1   Thumb Code     8  tasks.o(i.vTaskMissedYield)
    vTaskPlaceOnEventList                    0x080071bd   Thumb Code    46  tasks.o(i.vTaskPlaceOnEventList)
    vTaskSuspendAll                          0x080071f1   Thumb Code    10  tasks.o(i.vTaskSuspendAll)
    vTaskSwitchContext                       0x08007201   Thumb Code    94  tasks.o(i.vTaskSwitchContext)
    xPortSysTickHandler                      0x08007269   Thumb Code    38  port.o(i.xPortSysTickHandler)
    xQueueGenericCreate                      0x08007295   Thumb Code    68  queue.o(i.xQueueGenericCreate)
    xQueueGenericCreateStatic                0x080072d9   Thumb Code   108  queue.o(i.xQueueGenericCreateStatic)
    xQueueGenericReset                       0x08007345   Thumb Code   134  queue.o(i.xQueueGenericReset)
    xQueueGenericSend                        0x080073d1   Thumb Code   352  queue.o(i.xQueueGenericSend)
    xQueueGenericSendFromISR                 0x08007535   Thumb Code   192  queue.o(i.xQueueGenericSendFromISR)
    xQueueReceive                            0x080075f5   Thumb Code   310  queue.o(i.xQueueReceive)
    xQueueReceiveFromISR                     0x08007731   Thumb Code   156  queue.o(i.xQueueReceiveFromISR)
    xTaskCheckForTimeOut                     0x080077cd   Thumb Code   118  tasks.o(i.xTaskCheckForTimeOut)
    xTaskGetSchedulerState                   0x08007849   Thumb Code    24  tasks.o(i.xTaskGetSchedulerState)
    xTaskGetTickCount                        0x08007865   Thumb Code     6  tasks.o(i.xTaskGetTickCount)
    xTaskGetTickCountFromISR                 0x08007871   Thumb Code    12  tasks.o(i.xTaskGetTickCountFromISR)
    xTaskIncrementTick                       0x08007881   Thumb Code   196  tasks.o(i.xTaskIncrementTick)
    xTaskPriorityDisinherit                  0x0800794d   Thumb Code   116  tasks.o(i.xTaskPriorityDisinherit)
    xTaskRemoveFromEventList                 0x080079c9   Thumb Code   106  tasks.o(i.xTaskRemoveFromEventList)
    xTaskResumeAll                           0x08007a41   Thumb Code   184  tasks.o(i.xTaskResumeAll)
    SD_Driver                                0x08007b08   Data          20  sd_diskio.o(.constdata)
    AHBPrescTable                            0x08007b24   Data          16  system_stm32f4xx.o(.constdata)
    APBPrescTable                            0x08007b34   Data           8  system_stm32f4xx.o(.constdata)
    Region$$Table$$Base                      0x08007b3c   Number         0  anon$$obj.o(Region$$Table)
    Region$$Table$$Limit                     0x08007b5c   Number         0  anon$$obj.o(Region$$Table)
    rx_len                                   0x20000000   Data           4  main.o(.data)
    recv_end_flag                            0x20000004   Data           4  main.o(.data)
    MQTT_connected                           0x20000008   Data           4  main.o(.data)
    ADC1_Sample                              0x2000000c   Data           2  freertos.o(.data)
    ADC1_Value                               0x2000000e   Data           2  freertos.o(.data)
    GetData                                  0x20000010   Data           4  freertos.o(.data)
    LEDTaskHandle                            0x20000014   Data           4  freertos.o(.data)
    RTC_TASKHandle                           0x20000018   Data           4  freertos.o(.data)
    GUANGMIN_TaskHandle                      0x2000001c   Data           4  freertos.o(.data)
    HCSR04TaskHandle                         0x20000020   Data           4  freertos.o(.data)
    ESP8266TASKHandle                        0x20000024   Data           4  freertos.o(.data)
    KEYTASKHandle                            0x20000028   Data           4  freertos.o(.data)
    retSD                                    0x20000034   Data           1  fatfs.o(.data)
    SDPath                                   0x20000035   Data           4  fatfs.o(.data)
    uwTickFreq                               0x2000003c   Data           1  stm32f4xx_hal.o(.data)
    uwTickPrio                               0x20000040   Data           4  stm32f4xx_hal.o(.data)
    uwTick                                   0x20000044   Data           4  stm32f4xx_hal.o(.data)
    SystemCoreClock                          0x20000048   Data           4  system_stm32f4xx.o(.data)
    pxCurrentTCB                             0x20000050   Data           4  tasks.o(.data)
    __microlib_freelist                      0x200000bc   Data           4  mvars.o(.data)
    __microlib_freelist_initialised          0x200000c0   Data           4  mvars.o(.data)
    rxBuffer                                 0x200000c4   Data         256  main.o(.bss)
    rxFifo                                   0x200001c4   Data          16  main.o(.bss)
    GetTime                                  0x200001d4   Data          20  freertos.o(.bss)
    hadc1                                    0x200001e8   Data          72  adc.o(.bss)
    hrtc                                     0x20000230   Data          32  rtc.o(.bss)
    hsd                                      0x20000250   Data         132  sdio.o(.bss)
    hdma_sdio_rx                             0x200002d4   Data          96  sdio.o(.bss)
    hdma_sdio_tx                             0x20000334   Data          96  sdio.o(.bss)
    hspi1                                    0x20000394   Data          88  spi.o(.bss)
    hdma_spi1_tx                             0x200003ec   Data          96  spi.o(.bss)
    hdma_spi1_rx                             0x2000044c   Data          96  spi.o(.bss)
    htim2                                    0x200004ac   Data          72  tim.o(.bss)
    huart1                                   0x200004f4   Data          68  usart.o(.bss)
    huart2                                   0x20000538   Data          68  usart.o(.bss)
    hdma_usart1_tx                           0x2000057c   Data          96  usart.o(.bss)
    hdma_usart1_rx                           0x200005dc   Data          96  usart.o(.bss)
    hdma_usart2_rx                           0x2000063c   Data          96  usart.o(.bss)
    hdma_usart2_tx                           0x2000069c   Data          96  usart.o(.bss)
    htim6                                    0x200006fc   Data          72  stm32f4xx_hal_timebase_tim.o(.bss)
    disk                                     0x20000744   Data          12  ff_gen_drv.o(.bss)
    hpcd_USB_OTG_FS                          0x20000970   Data        1292  usbd_conf.o(.bss)
    xQueueRegistry                           0x20000e7c   Data          64  queue.o(.bss)
    __heap_base                              0x20004f80   Data           0  startup_stm32f407xx.o(HEAP)
    __heap_limit                             0x20005180   Data           0  startup_stm32f407xx.o(HEAP)
    __initial_sp                             0x20005580   Data           0  startup_stm32f407xx.o(STACK)



==============================================================================

Memory Map of the image

  Image Entry point : 0x08000189

  Load Region LR_IROM1 (Base: 0x08000000, Size: 0x00007c20, Max: 0x00080000, ABSOLUTE)

    Execution Region ER_IROM1 (Exec base: 0x08000000, Load base: 0x08000000, Size: 0x00007b5c, Max: 0x00080000, ABSOLUTE)

    Exec Addr    Load Addr    Size         Type   Attr      Idx    E Section Name        Object

    0x08000000   0x08000000   0x00000188   Data   RO            3    RESET               startup_stm32f407xx.o
    0x08000188   0x08000188   0x00000000   Code   RO        10142  * .ARM.Collect$$$$00000000  mc_w.l(entry.o)
    0x08000188   0x08000188   0x00000004   Code   RO        10517    .ARM.Collect$$$$00000001  mc_w.l(entry2.o)
    0x0800018c   0x0800018c   0x00000004   Code   RO        10520    .ARM.Collect$$$$00000004  mc_w.l(entry5.o)
    0x08000190   0x08000190   0x00000000   Code   RO        10522    .ARM.Collect$$$$00000008  mc_w.l(entry7b.o)
    0x08000190   0x08000190   0x00000000   Code   RO        10524    .ARM.Collect$$$$0000000A  mc_w.l(entry8b.o)
    0x08000190   0x08000190   0x00000008   Code   RO        10525    .ARM.Collect$$$$0000000B  mc_w.l(entry9a.o)
    0x08000198   0x08000198   0x00000004   Code   RO        10532    .ARM.Collect$$$$0000000E  mc_w.l(entry12b.o)
    0x0800019c   0x0800019c   0x00000000   Code   RO        10527    .ARM.Collect$$$$0000000F  mc_w.l(entry10a.o)
    0x0800019c   0x0800019c   0x00000000   Code   RO        10529    .ARM.Collect$$$$00000011  mc_w.l(entry11a.o)
    0x0800019c   0x0800019c   0x00000004   Code   RO        10518    .ARM.Collect$$$$00002712  mc_w.l(entry2.o)
    0x080001a0   0x080001a0   0x000000be   Code   RO         9067    .emb_text           port.o
    0x0800025e   0x0800025e   0x00000002   PAD
    0x08000260   0x08000260   0x00000024   Code   RO            4    .text               startup_stm32f407xx.o
    0x08000284   0x08000284   0x00000062   Code   RO        10145    .text               mc_w.l(uldiv.o)
    0x080002e6   0x080002e6   0x00000024   Code   RO        10147    .text               mc_w.l(memcpya.o)
    0x0800030a   0x0800030a   0x00000024   Code   RO        10151    .text               mc_w.l(memseta.o)
    0x0800032e   0x0800032e   0x0000001e   Code   RO        10536    .text               mc_w.l(llshl.o)
    0x0800034c   0x0800034c   0x00000020   Code   RO        10538    .text               mc_w.l(llushr.o)
    0x0800036c   0x0800036c   0x00000024   Code   RO        10566    .text               mc_w.l(init.o)
    0x08000390   0x08000390   0x0000000c   Code   RO          733    i.ADC_IRQHandler    stm32f4xx_it.o
    0x0800039c   0x0800039c   0x00000130   Code   RO         2992    i.ADC_Init          stm32f4xx_hal_adc.o
    0x080004cc   0x080004cc   0x00000018   Code   RO         1154    i.BSP_PlatformIsDetected  fatfs_platform.o
    0x080004e4   0x080004e4   0x00000002   Code   RO          956    i.BSP_SD_AbortCallback  bsp_driver_sd.o
    0x080004e6   0x080004e6   0x00000002   PAD
    0x080004e8   0x080004e8   0x0000000c   Code   RO          959    i.BSP_SD_GetCardInfo  bsp_driver_sd.o
    0x080004f4   0x080004f4   0x00000018   Code   RO          960    i.BSP_SD_GetCardState  bsp_driver_sd.o
    0x0800050c   0x0800050c   0x00000030   Code   RO          962    i.BSP_SD_Init       bsp_driver_sd.o
    0x0800053c   0x0800053c   0x00000016   Code   RO          963    i.BSP_SD_IsDetected  bsp_driver_sd.o
    0x08000552   0x08000552   0x00000002   PAD
    0x08000554   0x08000554   0x0000001c   Code   RO          965    i.BSP_SD_ReadBlocks_DMA  bsp_driver_sd.o
    0x08000570   0x08000570   0x0000001c   Code   RO         1077    i.BSP_SD_ReadCpltCallback  sd_diskio.o
    0x0800058c   0x0800058c   0x0000001c   Code   RO          968    i.BSP_SD_WriteBlocks_DMA  bsp_driver_sd.o
    0x080005a8   0x080005a8   0x0000001c   Code   RO         1078    i.BSP_SD_WriteCpltCallback  sd_diskio.o
    0x080005c4   0x080005c4   0x00000002   Code   RO          734    i.BusFault_Handler  stm32f4xx_it.o
    0x080005c6   0x080005c6   0x00000002   PAD
    0x080005c8   0x080005c8   0x0000000c   Code   RO          735    i.DMA1_Stream5_IRQHandler  stm32f4xx_it.o
    0x080005d4   0x080005d4   0x0000000c   Code   RO          736    i.DMA1_Stream6_IRQHandler  stm32f4xx_it.o
    0x080005e0   0x080005e0   0x0000000c   Code   RO          737    i.DMA2_Stream0_IRQHandler  stm32f4xx_it.o
    0x080005ec   0x080005ec   0x0000000c   Code   RO          738    i.DMA2_Stream2_IRQHandler  stm32f4xx_it.o
    0x080005f8   0x080005f8   0x0000000c   Code   RO          739    i.DMA2_Stream3_IRQHandler  stm32f4xx_it.o
    0x08000604   0x08000604   0x0000000c   Code   RO          740    i.DMA2_Stream5_IRQHandler  stm32f4xx_it.o
    0x08000610   0x08000610   0x0000000c   Code   RO          741    i.DMA2_Stream6_IRQHandler  stm32f4xx_it.o
    0x0800061c   0x0800061c   0x0000000c   Code   RO          742    i.DMA2_Stream7_IRQHandler  stm32f4xx_it.o
    0x08000628   0x08000628   0x0000002c   Code   RO         2316    i.DMA_CalcBaseAndBitshift  stm32f4xx_hal_dma.o
    0x08000654   0x08000654   0x00000078   Code   RO         2317    i.DMA_CheckFifoParam  stm32f4xx_hal_dma.o
    0x080006cc   0x080006cc   0x0000002a   Code   RO         2318    i.DMA_SetConfig     stm32f4xx_hal_dma.o
    0x080006f6   0x080006f6   0x00000002   Code   RO          743    i.DebugMon_Handler  stm32f4xx_it.o
    0x080006f8   0x080006f8   0x00000004   Code   RO           13    i.Error_Handler     main.o
    0x080006fc   0x080006fc   0x00000006   Code   RO         6379    i.FATFS_LinkDriver  ff_gen_drv.o
    0x08000702   0x08000702   0x00000002   PAD
    0x08000704   0x08000704   0x00000040   Code   RO         6380    i.FATFS_LinkDriverEx  ff_gen_drv.o
    0x08000744   0x08000744   0x00000002   Code   RO         3163    i.HAL_ADCEx_InjectedConvCpltCallback  stm32f4xx_hal_adc_ex.o
    0x08000746   0x08000746   0x00000002   PAD
    0x08000748   0x08000748   0x00000158   Code   RO         2994    i.HAL_ADC_ConfigChannel  stm32f4xx_hal_adc.o
    0x080008a0   0x080008a0   0x00000002   Code   RO         2995    i.HAL_ADC_ConvCpltCallback  stm32f4xx_hal_adc.o
    0x080008a2   0x080008a2   0x00000002   Code   RO         2998    i.HAL_ADC_ErrorCallback  stm32f4xx_hal_adc.o
    0x080008a4   0x080008a4   0x00000132   Code   RO         3002    i.HAL_ADC_IRQHandler  stm32f4xx_hal_adc.o
    0x080009d6   0x080009d6   0x00000054   Code   RO         3003    i.HAL_ADC_Init      stm32f4xx_hal_adc.o
    0x08000a2a   0x08000a2a   0x00000002   Code   RO         3004    i.HAL_ADC_LevelOutOfWindowCallback  stm32f4xx_hal_adc.o
    0x08000a2c   0x08000a2c   0x00000070   Code   RO          421    i.HAL_ADC_MspInit   adc.o
    0x08000a9c   0x08000a9c   0x0000008e   Code   RO         2319    i.HAL_DMA_Abort     stm32f4xx_hal_dma.o
    0x08000b2a   0x08000b2a   0x00000024   Code   RO         2320    i.HAL_DMA_Abort_IT  stm32f4xx_hal_dma.o
    0x08000b4e   0x08000b4e   0x00000004   Code   RO         2322    i.HAL_DMA_GetError  stm32f4xx_hal_dma.o
    0x08000b52   0x08000b52   0x00000002   PAD
    0x08000b54   0x08000b54   0x000001d0   Code   RO         2324    i.HAL_DMA_IRQHandler  stm32f4xx_hal_dma.o
    0x08000d24   0x08000d24   0x000000d4   Code   RO         2325    i.HAL_DMA_Init      stm32f4xx_hal_dma.o
    0x08000df8   0x08000df8   0x0000006e   Code   RO         2329    i.HAL_DMA_Start_IT  stm32f4xx_hal_dma.o
    0x08000e66   0x08000e66   0x00000002   PAD
    0x08000e68   0x08000e68   0x00000024   Code   RO         2738    i.HAL_Delay         stm32f4xx_hal.o
    0x08000e8c   0x08000e8c   0x000001d0   Code   RO         2212    i.HAL_GPIO_Init     stm32f4xx_hal_gpio.o
    0x0800105c   0x0800105c   0x0000000e   Code   RO         2214    i.HAL_GPIO_ReadPin  stm32f4xx_hal_gpio.o
    0x0800106a   0x0800106a   0x00000010   Code   RO         2215    i.HAL_GPIO_TogglePin  stm32f4xx_hal_gpio.o
    0x0800107a   0x0800107a   0x0000000e   Code   RO         2216    i.HAL_GPIO_WritePin  stm32f4xx_hal_gpio.o
    0x08001088   0x08001088   0x0000000c   Code   RO         2744    i.HAL_GetTick       stm32f4xx_hal.o
    0x08001094   0x08001094   0x00000010   Code   RO         2750    i.HAL_IncTick       stm32f4xx_hal.o
    0x080010a4   0x080010a4   0x00000034   Code   RO         2751    i.HAL_Init          stm32f4xx_hal.o
    0x080010d8   0x080010d8   0x00000098   Code   RO          917    i.HAL_InitTick      stm32f4xx_hal_timebase_tim.o
    0x08001170   0x08001170   0x0000004c   Code   RO          893    i.HAL_MspInit       stm32f4xx_hal_msp.o
    0x080011bc   0x080011bc   0x0000001a   Code   RO         2601    i.HAL_NVIC_EnableIRQ  stm32f4xx_hal_cortex.o
    0x080011d6   0x080011d6   0x00000002   PAD
    0x080011d8   0x080011d8   0x00000040   Code   RO         2607    i.HAL_NVIC_SetPriority  stm32f4xx_hal_cortex.o
    0x08001218   0x08001218   0x00000024   Code   RO         2608    i.HAL_NVIC_SetPriorityGrouping  stm32f4xx_hal_cortex.o
    0x0800123c   0x0800123c   0x00000002   Code   RO         1460    i.HAL_PCDEx_LPM_Callback  stm32f4xx_hal_pcd_ex.o
    0x0800123e   0x0800123e   0x00000008   Code   RO         6705    i.HAL_PCD_ConnectCallback  usbd_conf.o
    0x08001246   0x08001246   0x00000012   Code   RO         6706    i.HAL_PCD_DataInStageCallback  usbd_conf.o
    0x08001258   0x08001258   0x00000014   Code   RO         6707    i.HAL_PCD_DataOutStageCallback  usbd_conf.o
    0x0800126c   0x0800126c   0x00000008   Code   RO         6708    i.HAL_PCD_DisconnectCallback  usbd_conf.o
    0x08001274   0x08001274   0x0000001e   Code   RO         1225    i.HAL_PCD_EP_Abort  stm32f4xx_hal_pcd.o
    0x08001292   0x08001292   0x00000058   Code   RO         1227    i.HAL_PCD_EP_ClrStall  stm32f4xx_hal_pcd.o
    0x080012ea   0x080012ea   0x0000005c   Code   RO         1230    i.HAL_PCD_EP_Open   stm32f4xx_hal_pcd.o
    0x08001346   0x08001346   0x00000042   Code   RO         1231    i.HAL_PCD_EP_Receive  stm32f4xx_hal_pcd.o
    0x08001388   0x08001388   0x00000070   Code   RO         1232    i.HAL_PCD_EP_SetStall  stm32f4xx_hal_pcd.o
    0x080013f8   0x080013f8   0x00000042   Code   RO         1233    i.HAL_PCD_EP_Transmit  stm32f4xx_hal_pcd.o
    0x0800143a   0x0800143a   0x0000050a   Code   RO         1235    i.HAL_PCD_IRQHandler  stm32f4xx_hal_pcd.o
    0x08001944   0x08001944   0x00000008   Code   RO         6709    i.HAL_PCD_ISOINIncompleteCallback  usbd_conf.o
    0x0800194c   0x0800194c   0x00000008   Code   RO         6710    i.HAL_PCD_ISOOUTIncompleteCallback  usbd_conf.o
    0x08001954   0x08001954   0x0000002e   Code   RO         6713    i.HAL_PCD_ResetCallback  usbd_conf.o
    0x08001982   0x08001982   0x00000008   Code   RO         6714    i.HAL_PCD_ResumeCallback  usbd_conf.o
    0x0800198a   0x0800198a   0x00000008   Code   RO         6715    i.HAL_PCD_SOFCallback  usbd_conf.o
    0x08001992   0x08001992   0x00000028   Code   RO         1244    i.HAL_PCD_SetAddress  stm32f4xx_hal_pcd.o
    0x080019ba   0x080019ba   0x0000000e   Code   RO         6716    i.HAL_PCD_SetupStageCallback  usbd_conf.o
    0x080019c8   0x080019c8   0x00000030   Code   RO         6717    i.HAL_PCD_SuspendCallback  usbd_conf.o
    0x080019f8   0x080019f8   0x00000018   Code   RO         2429    i.HAL_PWR_EnableBkUpAccess  stm32f4xx_hal_pwr.o
    0x08001a10   0x08001a10   0x00000148   Code   RO         1918    i.HAL_RCCEx_PeriphCLKConfig  stm32f4xx_hal_rcc_ex.o
    0x08001b58   0x08001b58   0x0000014c   Code   RO         1813    i.HAL_RCC_ClockConfig  stm32f4xx_hal_rcc.o
    0x08001ca4   0x08001ca4   0x0000003c   Code   RO         1817    i.HAL_RCC_GetClockConfig  stm32f4xx_hal_rcc.o
    0x08001ce0   0x08001ce0   0x0000000c   Code   RO         1818    i.HAL_RCC_GetHCLKFreq  stm32f4xx_hal_rcc.o
    0x08001cec   0x08001cec   0x00000020   Code   RO         1820    i.HAL_RCC_GetPCLK1Freq  stm32f4xx_hal_rcc.o
    0x08001d0c   0x08001d0c   0x00000020   Code   RO         1821    i.HAL_RCC_GetPCLK2Freq  stm32f4xx_hal_rcc.o
    0x08001d2c   0x08001d2c   0x00000068   Code   RO         1822    i.HAL_RCC_GetSysClockFreq  stm32f4xx_hal_rcc.o
    0x08001d94   0x08001d94   0x000003c0   Code   RO         1825    i.HAL_RCC_OscConfig  stm32f4xx_hal_rcc.o
    0x08002154   0x08002154   0x00000002   Code   RO         3441    i.HAL_RTCEx_AlarmBEventCallback  stm32f4xx_hal_rtc_ex.o
    0x08002156   0x08002156   0x0000000c   Code   RO         3442    i.HAL_RTCEx_BKUPRead  stm32f4xx_hal_rtc_ex.o
    0x08002162   0x08002162   0x0000000c   Code   RO         3443    i.HAL_RTCEx_BKUPWrite  stm32f4xx_hal_rtc_ex.o
    0x0800216e   0x0800216e   0x00000002   Code   RO         3267    i.HAL_RTC_AlarmAEventCallback  stm32f4xx_hal_rtc.o
    0x08002170   0x08002170   0x0000005c   Code   RO         3268    i.HAL_RTC_AlarmIRQHandler  stm32f4xx_hal_rtc.o
    0x080021cc   0x080021cc   0x00000044   Code   RO         3277    i.HAL_RTC_GetDate   stm32f4xx_hal_rtc.o
    0x08002210   0x08002210   0x00000054   Code   RO         3279    i.HAL_RTC_GetTime   stm32f4xx_hal_rtc.o
    0x08002264   0x08002264   0x00000090   Code   RO         3280    i.HAL_RTC_Init      stm32f4xx_hal_rtc.o
    0x080022f4   0x080022f4   0x00000048   Code   RO          487    i.HAL_RTC_MspInit   rtc.o
    0x0800233c   0x0800233c   0x000001ac   Code   RO         3285    i.HAL_RTC_SetAlarm_IT  stm32f4xx_hal_rtc.o
    0x080024e8   0x080024e8   0x0000009c   Code   RO         3286    i.HAL_RTC_SetDate   stm32f4xx_hal_rtc.o
    0x08002584   0x08002584   0x000000c0   Code   RO         3287    i.HAL_RTC_SetTime   stm32f4xx_hal_rtc.o
    0x08002644   0x08002644   0x00000034   Code   RO         3288    i.HAL_RTC_WaitForSynchro  stm32f4xx_hal_rtc.o
    0x08002678   0x08002678   0x00000008   Code   RO          970    i.HAL_SD_AbortCallback  bsp_driver_sd.o
    0x08002680   0x08002680   0x000000c4   Code   RO         3965    i.HAL_SD_ConfigWideBusOperation  stm32f4xx_hal_sd.o
    0x08002744   0x08002744   0x00000002   Code   RO         3968    i.HAL_SD_ErrorCallback  stm32f4xx_hal_sd.o
    0x08002746   0x08002746   0x00000002   PAD
    0x08002748   0x08002748   0x00000194   Code   RO         3970    i.HAL_SD_GetCardCSD  stm32f4xx_hal_sd.o
    0x080028dc   0x080028dc   0x00000024   Code   RO         3971    i.HAL_SD_GetCardInfo  stm32f4xx_hal_sd.o
    0x08002900   0x08002900   0x00000020   Code   RO         3972    i.HAL_SD_GetCardState  stm32f4xx_hal_sd.o
    0x08002920   0x08002920   0x000001d4   Code   RO         3976    i.HAL_SD_IRQHandler  stm32f4xx_hal_sd.o
    0x08002af4   0x08002af4   0x0000003e   Code   RO         3977    i.HAL_SD_Init       stm32f4xx_hal_sd.o
    0x08002b32   0x08002b32   0x00000002   PAD
    0x08002b34   0x08002b34   0x0000009c   Code   RO         3978    i.HAL_SD_InitCard   stm32f4xx_hal_sd.o
    0x08002bd0   0x08002bd0   0x00000160   Code   RO          536    i.HAL_SD_MspInit    sdio.o
    0x08002d30   0x08002d30   0x0000013c   Code   RO         3982    i.HAL_SD_ReadBlocks_DMA  stm32f4xx_hal_sd.o
    0x08002e6c   0x08002e6c   0x00000008   Code   RO          971    i.HAL_SD_RxCpltCallback  bsp_driver_sd.o
    0x08002e74   0x08002e74   0x00000008   Code   RO          972    i.HAL_SD_TxCpltCallback  bsp_driver_sd.o
    0x08002e7c   0x08002e7c   0x00000130   Code   RO         3987    i.HAL_SD_WriteBlocks_DMA  stm32f4xx_hal_sd.o
    0x08002fac   0x08002fac   0x000000be   Code   RO         4228    i.HAL_SPI_Init      stm32f4xx_hal_spi.o
    0x0800306a   0x0800306a   0x00000002   PAD
    0x0800306c   0x0800306c   0x000000dc   Code   RO          578    i.HAL_SPI_MspInit   spi.o
    0x08003148   0x08003148   0x00000002   Code   RO         5256    i.HAL_TIMEx_BreakCallback  stm32f4xx_hal_tim_ex.o
    0x0800314a   0x0800314a   0x00000002   Code   RO         5257    i.HAL_TIMEx_CommutCallback  stm32f4xx_hal_tim_ex.o
    0x0800314c   0x0800314c   0x00000090   Code   RO         5275    i.HAL_TIMEx_MasterConfigSynchronization  stm32f4xx_hal_tim_ex.o
    0x080031dc   0x080031dc   0x0000004a   Code   RO         4541    i.HAL_TIM_Base_Init  stm32f4xx_hal_tim.o
    0x08003226   0x08003226   0x00000002   PAD
    0x08003228   0x08003228   0x00000024   Code   RO          622    i.HAL_TIM_Base_MspInit  tim.o
    0x0800324c   0x0800324c   0x0000008c   Code   RO         4546    i.HAL_TIM_Base_Start_IT  stm32f4xx_hal_tim.o
    0x080032d8   0x080032d8   0x000000e8   Code   RO         4550    i.HAL_TIM_ConfigClockSource  stm32f4xx_hal_tim.o
    0x080033c0   0x080033c0   0x00000002   Code   RO         4575    i.HAL_TIM_IC_CaptureCallback  stm32f4xx_hal_tim.o
    0x080033c2   0x080033c2   0x0000016e   Code   RO         4589    i.HAL_TIM_IRQHandler  stm32f4xx_hal_tim.o
    0x08003530   0x08003530   0x00000002   Code   RO         4592    i.HAL_TIM_OC_DelayElapsedCallback  stm32f4xx_hal_tim.o
    0x08003532   0x08003532   0x00000002   Code   RO         4619    i.HAL_TIM_PWM_PulseFinishedCallback  stm32f4xx_hal_tim.o
    0x08003534   0x08003534   0x00000044   Code   RO           14    i.HAL_TIM_PeriodElapsedCallback  main.o
    0x08003578   0x08003578   0x00000002   Code   RO         4632    i.HAL_TIM_TriggerCallback  stm32f4xx_hal_tim.o
    0x0800357a   0x0800357a   0x00000002   Code   RO         5534    i.HAL_UARTEx_RxEventCallback  stm32f4xx_hal_uart.o
    0x0800357c   0x0800357c   0x00000070   Code   RO         5546    i.HAL_UART_DMAStop  stm32f4xx_hal_uart.o
    0x080035ec   0x080035ec   0x00000002   Code   RO         5548    i.HAL_UART_ErrorCallback  stm32f4xx_hal_uart.o
    0x080035ee   0x080035ee   0x00000002   PAD
    0x080035f0   0x080035f0   0x00000228   Code   RO         5551    i.HAL_UART_IRQHandler  stm32f4xx_hal_uart.o
    0x08003818   0x08003818   0x00000050   Code   RO         9490    i.HAL_UART_IdleCpltCallback  esp8266client.o
    0x08003868   0x08003868   0x00000064   Code   RO         5552    i.HAL_UART_Init     stm32f4xx_hal_uart.o
    0x080038cc   0x080038cc   0x000001c4   Code   RO          674    i.HAL_UART_MspInit  usart.o
    0x08003a90   0x08003a90   0x0000002e   Code   RO         5556    i.HAL_UART_Receive_DMA  stm32f4xx_hal_uart.o
    0x08003abe   0x08003abe   0x00000002   Code   RO         5558    i.HAL_UART_RxCpltCallback  stm32f4xx_hal_uart.o
    0x08003ac0   0x08003ac0   0x00000002   Code   RO         5559    i.HAL_UART_RxHalfCpltCallback  stm32f4xx_hal_uart.o
    0x08003ac2   0x08003ac2   0x00000002   Code   RO         5563    i.HAL_UART_TxCpltCallback  stm32f4xx_hal_uart.o
    0x08003ac4   0x08003ac4   0x00000002   Code   RO          744    i.HardFault_Handler  stm32f4xx_it.o
    0x08003ac6   0x08003ac6   0x00000002   PAD
    0x08003ac8   0x08003ac8   0x00000064   Code   RO          422    i.MX_ADC1_Init      adc.o
    0x08003b2c   0x08003b2c   0x000000ac   Code   RO          462    i.MX_DMA_Init       dma.o
    0x08003bd8   0x08003bd8   0x0000001c   Code   RO         1178    i.MX_FATFS_Init     fatfs.o
    0x08003bf4   0x08003bf4   0x000000c8   Code   RO          321    i.MX_GPIO_Init      gpio.o
    0x08003cbc   0x08003cbc   0x00000108   Code   RO          488    i.MX_RTC_Init       rtc.o
    0x08003dc4   0x08003dc4   0x00000024   Code   RO          537    i.MX_SDIO_SD_Init   sdio.o
    0x08003de8   0x08003de8   0x00000044   Code   RO          579    i.MX_SPI1_Init      spi.o
    0x08003e2c   0x08003e2c   0x00000064   Code   RO          623    i.MX_TIM2_Init      tim.o
    0x08003e90   0x08003e90   0x00000038   Code   RO          675    i.MX_USART1_UART_Init  usart.o
    0x08003ec8   0x08003ec8   0x00000040   Code   RO          676    i.MX_USART2_UART_Init  usart.o
    0x08003f08   0x08003f08   0x00000002   Code   RO          745    i.MemManage_Handler  stm32f4xx_it.o
    0x08003f0a   0x08003f0a   0x00000002   Code   RO          746    i.NMI_Handler       stm32f4xx_it.o
    0x08003f0c   0x08003f0c   0x0000000c   Code   RO          747    i.OTG_FS_IRQHandler  stm32f4xx_it.o
    0x08003f18   0x08003f18   0x00000048   Code   RO         1251    i.PCD_EP_OutSetupPacket_int  stm32f4xx_hal_pcd.o
    0x08003f60   0x08003f60   0x000000e4   Code   RO         1252    i.PCD_EP_OutXfrComplete_int  stm32f4xx_hal_pcd.o
    0x08004044   0x08004044   0x0000009c   Code   RO         1253    i.PCD_WriteEmptyTxFifo  stm32f4xx_hal_pcd.o
    0x080040e0   0x080040e0   0x00000002   Code   RO          748    i.RCC_IRQHandler    stm32f4xx_it.o
    0x080040e2   0x080040e2   0x00000002   PAD
    0x080040e4   0x080040e4   0x00000078   Code   RO          489    i.RTC_AlarmConfig   rtc.o
    0x0800415c   0x0800415c   0x0000000c   Code   RO          749    i.RTC_Alarm_IRQHandler  stm32f4xx_it.o
    0x08004168   0x08004168   0x00000012   Code   RO         3289    i.RTC_Bcd2ToByte    stm32f4xx_hal_rtc.o
    0x0800417a   0x0800417a   0x00000018   Code   RO         3290    i.RTC_ByteToBcd2    stm32f4xx_hal_rtc.o
    0x08004192   0x08004192   0x00000046   Code   RO         3291    i.RTC_EnterInitMode  stm32f4xx_hal_rtc.o
    0x080041d8   0x080041d8   0x0000002a   Code   RO         3292    i.RTC_ExitInitMode  stm32f4xx_hal_rtc.o
    0x08004202   0x08004202   0x00000024   Code   RO         3669    i.SDIO_ConfigData   stm32f4xx_ll_sdmmc.o
    0x08004226   0x08004226   0x00000006   Code   RO         3670    i.SDIO_GetCommandResponse  stm32f4xx_ll_sdmmc.o
    0x0800422c   0x0800422c   0x00000008   Code   RO         3673    i.SDIO_GetPowerState  stm32f4xx_ll_sdmmc.o
    0x08004234   0x08004234   0x00000006   Code   RO         3674    i.SDIO_GetResponse  stm32f4xx_ll_sdmmc.o
    0x0800423a   0x0800423a   0x00000002   PAD
    0x0800423c   0x0800423c   0x0000000c   Code   RO          750    i.SDIO_IRQHandler   stm32f4xx_it.o
    0x08004248   0x08004248   0x0000002a   Code   RO         3675    i.SDIO_Init         stm32f4xx_ll_sdmmc.o
    0x08004272   0x08004272   0x00000008   Code   RO         3677    i.SDIO_PowerState_ON  stm32f4xx_ll_sdmmc.o
    0x0800427a   0x0800427a   0x00000006   Code   RO         3678    i.SDIO_ReadFIFO     stm32f4xx_ll_sdmmc.o
    0x08004280   0x08004280   0x00000020   Code   RO         3679    i.SDIO_SendCommand  stm32f4xx_ll_sdmmc.o
    0x080042a0   0x080042a0   0x0000000a   Code   RO         3681    i.SDIO_WriteFIFO    stm32f4xx_ll_sdmmc.o
    0x080042aa   0x080042aa   0x00000032   Code   RO         3682    i.SDMMC_CmdAppCommand  stm32f4xx_ll_sdmmc.o
    0x080042dc   0x080042dc   0x00000034   Code   RO         3683    i.SDMMC_CmdAppOperCommand  stm32f4xx_ll_sdmmc.o
    0x08004310   0x08004310   0x00000032   Code   RO         3684    i.SDMMC_CmdBlockLength  stm32f4xx_ll_sdmmc.o
    0x08004342   0x08004342   0x00000032   Code   RO         3685    i.SDMMC_CmdBusWidth  stm32f4xx_ll_sdmmc.o
    0x08004374   0x08004374   0x00000028   Code   RO         3689    i.SDMMC_CmdGoIdleState  stm32f4xx_ll_sdmmc.o
    0x0800439c   0x0800439c   0x00000030   Code   RO         3691    i.SDMMC_CmdOperCond  stm32f4xx_ll_sdmmc.o
    0x080043cc   0x080043cc   0x00000032   Code   RO         3692    i.SDMMC_CmdReadMultiBlock  stm32f4xx_ll_sdmmc.o
    0x080043fe   0x080043fe   0x00000032   Code   RO         3693    i.SDMMC_CmdReadSingleBlock  stm32f4xx_ll_sdmmc.o
    0x08004430   0x08004430   0x00000032   Code   RO         3696    i.SDMMC_CmdSelDesel  stm32f4xx_ll_sdmmc.o
    0x08004462   0x08004462   0x0000002c   Code   RO         3697    i.SDMMC_CmdSendCID  stm32f4xx_ll_sdmmc.o
    0x0800448e   0x0800448e   0x0000002c   Code   RO         3698    i.SDMMC_CmdSendCSD  stm32f4xx_ll_sdmmc.o
    0x080044ba   0x080044ba   0x00000030   Code   RO         3700    i.SDMMC_CmdSendSCR  stm32f4xx_ll_sdmmc.o
    0x080044ea   0x080044ea   0x00000032   Code   RO         3701    i.SDMMC_CmdSendStatus  stm32f4xx_ll_sdmmc.o
    0x0800451c   0x0800451c   0x00000030   Code   RO         3702    i.SDMMC_CmdSetRelAdd  stm32f4xx_ll_sdmmc.o
    0x0800454c   0x0800454c   0x00000034   Code   RO         3705    i.SDMMC_CmdStopTransfer  stm32f4xx_ll_sdmmc.o
    0x08004580   0x08004580   0x00000032   Code   RO         3707    i.SDMMC_CmdWriteMultiBlock  stm32f4xx_ll_sdmmc.o
    0x080045b2   0x080045b2   0x00000032   Code   RO         3708    i.SDMMC_CmdWriteSingleBlock  stm32f4xx_ll_sdmmc.o
    0x080045e4   0x080045e4   0x00000030   Code   RO         3709    i.SDMMC_GetCmdError  stm32f4xx_ll_sdmmc.o
    0x08004614   0x08004614   0x00000124   Code   RO         3710    i.SDMMC_GetCmdResp1  stm32f4xx_ll_sdmmc.o
    0x08004738   0x08004738   0x00000054   Code   RO         3711    i.SDMMC_GetCmdResp2  stm32f4xx_ll_sdmmc.o
    0x0800478c   0x0800478c   0x00000044   Code   RO         3712    i.SDMMC_GetCmdResp3  stm32f4xx_ll_sdmmc.o
    0x080047d0   0x080047d0   0x0000008c   Code   RO         3713    i.SDMMC_GetCmdResp6  stm32f4xx_ll_sdmmc.o
    0x0800485c   0x0800485c   0x00000058   Code   RO         3714    i.SDMMC_GetCmdResp7  stm32f4xx_ll_sdmmc.o
    0x080048b4   0x080048b4   0x00000020   Code   RO         1079    i.SD_CheckStatus    sd_diskio.o
    0x080048d4   0x080048d4   0x00000026   Code   RO         1080    i.SD_CheckStatusWithTimeout  sd_diskio.o
    0x080048fa   0x080048fa   0x00000002   PAD
    0x080048fc   0x080048fc   0x00000064   Code   RO         3989    i.SD_DMAError       stm32f4xx_hal_sd.o
    0x08004960   0x08004960   0x00000042   Code   RO         3990    i.SD_DMAReceiveCplt  stm32f4xx_hal_sd.o
    0x080049a2   0x080049a2   0x00000044   Code   RO         3991    i.SD_DMARxAbort     stm32f4xx_hal_sd.o
    0x080049e6   0x080049e6   0x0000000e   Code   RO         3992    i.SD_DMATransmitCplt  stm32f4xx_hal_sd.o
    0x080049f4   0x080049f4   0x00000044   Code   RO         3993    i.SD_DMATxAbort     stm32f4xx_hal_sd.o
    0x08004a38   0x08004a38   0x0000011a   Code   RO         3994    i.SD_FindSCR        stm32f4xx_hal_sd.o
    0x08004b52   0x08004b52   0x000000ea   Code   RO         3995    i.SD_InitCard       stm32f4xx_hal_sd.o
    0x08004c3c   0x08004c3c   0x000000ac   Code   RO         3997    i.SD_PowerON        stm32f4xx_hal_sd.o
    0x08004ce8   0x08004ce8   0x00000036   Code   RO         3998    i.SD_Read_IT        stm32f4xx_hal_sd.o
    0x08004d1e   0x08004d1e   0x0000002e   Code   RO         4000    i.SD_SendStatus     stm32f4xx_hal_sd.o
    0x08004d4c   0x08004d4c   0x00000052   Code   RO         4001    i.SD_WideBus_Disable  stm32f4xx_hal_sd.o
    0x08004d9e   0x08004d9e   0x00000052   Code   RO         4002    i.SD_WideBus_Enable  stm32f4xx_hal_sd.o
    0x08004df0   0x08004df0   0x00000042   Code   RO         4003    i.SD_Write_IT       stm32f4xx_hal_sd.o
    0x08004e32   0x08004e32   0x00000002   PAD
    0x08004e34   0x08004e34   0x0000004c   Code   RO         1081    i.SD_initialize     sd_diskio.o
    0x08004e80   0x08004e80   0x0000005c   Code   RO         1082    i.SD_ioctl          sd_diskio.o
    0x08004edc   0x08004edc   0x00000068   Code   RO         1083    i.SD_read           sd_diskio.o
    0x08004f44   0x08004f44   0x00000004   Code   RO         1084    i.SD_status         sd_diskio.o
    0x08004f48   0x08004f48   0x00000068   Code   RO         1085    i.SD_write          sd_diskio.o
    0x08004fb0   0x08004fb0   0x0000000a   Code   RO         7074    i.SWAPBYTE          usbd_ctlreq.o
    0x08004fba   0x08004fba   0x0000001a   Code   RO         8487    i.SysTick_Handler   cmsis_os2.o
    0x08004fd4   0x08004fd4   0x0000009c   Code   RO           15    i.SystemClock_Config  main.o
    0x08005070   0x08005070   0x00000010   Code   RO         5891    i.SystemInit        system_stm32f4xx.o
    0x08005080   0x08005080   0x0000000c   Code   RO          751    i.TIM6_DAC_IRQHandler  stm32f4xx_it.o
    0x0800508c   0x0800508c   0x000000cc   Code   RO         4634    i.TIM_Base_SetConfig  stm32f4xx_hal_tim.o
    0x08005158   0x08005158   0x00000014   Code   RO         4645    i.TIM_ETR_SetConfig  stm32f4xx_hal_tim.o
    0x0800516c   0x0800516c   0x00000010   Code   RO         4646    i.TIM_ITRx_SetConfig  stm32f4xx_hal_tim.o
    0x0800517c   0x0800517c   0x00000022   Code   RO         4652    i.TIM_TI1_ConfigInputStage  stm32f4xx_hal_tim.o
    0x0800519e   0x0800519e   0x00000024   Code   RO         4654    i.TIM_TI2_ConfigInputStage  stm32f4xx_hal_tim.o
    0x080051c2   0x080051c2   0x00000010   Code   RO         5565    i.UART_DMAAbortOnError  stm32f4xx_hal_uart.o
    0x080051d2   0x080051d2   0x0000004a   Code   RO         5566    i.UART_DMAError     stm32f4xx_hal_uart.o
    0x0800521c   0x0800521c   0x00000082   Code   RO         5567    i.UART_DMAReceiveCplt  stm32f4xx_hal_uart.o
    0x0800529e   0x0800529e   0x0000001a   Code   RO         5569    i.UART_DMARxHalfCplt  stm32f4xx_hal_uart.o
    0x080052b8   0x080052b8   0x0000004e   Code   RO         5575    i.UART_EndRxTransfer  stm32f4xx_hal_uart.o
    0x08005306   0x08005306   0x0000001a   Code   RO         5576    i.UART_EndTransmit_IT  stm32f4xx_hal_uart.o
    0x08005320   0x08005320   0x0000001c   Code   RO         5577    i.UART_EndTxTransfer  stm32f4xx_hal_uart.o
    0x0800533c   0x0800533c   0x000000c6   Code   RO         5578    i.UART_Receive_IT   stm32f4xx_hal_uart.o
    0x08005402   0x08005402   0x00000002   PAD
    0x08005404   0x08005404   0x00000114   Code   RO         5579    i.UART_SetConfig    stm32f4xx_hal_uart.o
    0x08005518   0x08005518   0x00000098   Code   RO         5580    i.UART_Start_Receive_DMA  stm32f4xx_hal_uart.o
    0x080055b0   0x080055b0   0x0000005e   Code   RO         5582    i.UART_Transmit_IT  stm32f4xx_hal_uart.o
    0x0800560e   0x0800560e   0x00000002   PAD
    0x08005610   0x08005610   0x0000000c   Code   RO          752    i.USART1_IRQHandler  stm32f4xx_it.o
    0x0800561c   0x0800561c   0x00000054   Code   RO          753    i.USART2_IRQHandler  stm32f4xx_it.o
    0x08005670   0x08005670   0x00000014   Code   RO         6912    i.USBD_ClrClassConfig  usbd_core.o
    0x08005684   0x08005684   0x00000026   Code   RO         7075    i.USBD_ClrFeature   usbd_ctlreq.o
    0x080056aa   0x080056aa   0x00000004   Code   RO         6913    i.USBD_CoreFindEP   usbd_core.o
    0x080056ae   0x080056ae   0x00000004   Code   RO         6914    i.USBD_CoreFindIF   usbd_core.o
    0x080056b2   0x080056b2   0x00000010   Code   RO         7177    i.USBD_CtlContinueRx  usbd_ioreq.o
    0x080056c2   0x080056c2   0x00000010   Code   RO         7178    i.USBD_CtlContinueSendData  usbd_ioreq.o
    0x080056d2   0x080056d2   0x00000018   Code   RO         7076    i.USBD_CtlError     usbd_ctlreq.o
    0x080056ea   0x080056ea   0x00000016   Code   RO         7180    i.USBD_CtlReceiveStatus  usbd_ioreq.o
    0x08005700   0x08005700   0x0000001a   Code   RO         7181    i.USBD_CtlSendData  usbd_ioreq.o
    0x0800571a   0x0800571a   0x00000016   Code   RO         7182    i.USBD_CtlSendStatus  usbd_ioreq.o
    0x08005730   0x08005730   0x0000003a   Code   RO         7077    i.USBD_GetConfig    usbd_ctlreq.o
    0x0800576a   0x0800576a   0x000001b0   Code   RO         7078    i.USBD_GetDescriptor  usbd_ctlreq.o
    0x0800591a   0x0800591a   0x0000003c   Code   RO         7080    i.USBD_GetStatus    usbd_ctlreq.o
    0x08005956   0x08005956   0x00000024   Code   RO         6718    i.USBD_Get_USB_Status  usbd_conf.o
    0x0800597a   0x0800597a   0x00000012   Code   RO         6719    i.USBD_LL_ClearStallEP  usbd_conf.o
    0x0800598c   0x0800598c   0x000000dc   Code   RO         6919    i.USBD_LL_DataInStage  usbd_core.o
    0x08005a68   0x08005a68   0x000000ca   Code   RO         6920    i.USBD_LL_DataOutStage  usbd_core.o
    0x08005b32   0x08005b32   0x00000004   Code   RO         6921    i.USBD_LL_DevConnected  usbd_core.o
    0x08005b36   0x08005b36   0x00000020   Code   RO         6922    i.USBD_LL_DevDisconnected  usbd_core.o
    0x08005b56   0x08005b56   0x00000020   Code   RO         6726    i.USBD_LL_IsStallEP  usbd_conf.o
    0x08005b76   0x08005b76   0x0000002a   Code   RO         6923    i.USBD_LL_IsoINIncomplete  usbd_core.o
    0x08005ba0   0x08005ba0   0x0000002a   Code   RO         6924    i.USBD_LL_IsoOUTIncomplete  usbd_core.o
    0x08005bca   0x08005bca   0x00000018   Code   RO         6727    i.USBD_LL_OpenEP    usbd_conf.o
    0x08005be2   0x08005be2   0x00000012   Code   RO         6728    i.USBD_LL_PrepareReceive  usbd_conf.o
    0x08005bf4   0x08005bf4   0x00000060   Code   RO         6925    i.USBD_LL_Reset     usbd_core.o
    0x08005c54   0x08005c54   0x00000014   Code   RO         6926    i.USBD_LL_Resume    usbd_core.o
    0x08005c68   0x08005c68   0x0000001a   Code   RO         6927    i.USBD_LL_SOF       usbd_core.o
    0x08005c82   0x08005c82   0x00000006   Code   RO         6928    i.USBD_LL_SetSpeed  usbd_core.o
    0x08005c88   0x08005c88   0x00000012   Code   RO         6729    i.USBD_LL_SetUSBAddress  usbd_conf.o
    0x08005c9a   0x08005c9a   0x00000060   Code   RO         6929    i.USBD_LL_SetupStage  usbd_core.o
    0x08005cfa   0x08005cfa   0x00000012   Code   RO         6730    i.USBD_LL_StallEP   usbd_conf.o
    0x08005d0c   0x08005d0c   0x00000010   Code   RO         6930    i.USBD_LL_Suspend   usbd_core.o
    0x08005d1c   0x08005d1c   0x00000012   Code   RO         6733    i.USBD_LL_Transmit  usbd_conf.o
    0x08005d2e   0x08005d2e   0x00000032   Code   RO         7082    i.USBD_ParseSetupRequest  usbd_ctlreq.o
    0x08005d60   0x08005d60   0x00000004   Code   RO         6932    i.USBD_RunTestMode  usbd_core.o
    0x08005d64   0x08005d64   0x00000058   Code   RO         7083    i.USBD_SetAddress   usbd_ctlreq.o
    0x08005dbc   0x08005dbc   0x00000014   Code   RO         6933    i.USBD_SetClassConfig  usbd_core.o
    0x08005dd0   0x08005dd0   0x000000dc   Code   RO         7084    i.USBD_SetConfig    usbd_ctlreq.o
    0x08005eac   0x08005eac   0x00000024   Code   RO         7085    i.USBD_SetFeature   usbd_ctlreq.o
    0x08005ed0   0x08005ed0   0x00000076   Code   RO         7086    i.USBD_StdDevReq    usbd_ctlreq.o
    0x08005f46   0x08005f46   0x00000220   Code   RO         7087    i.USBD_StdEPReq     usbd_ctlreq.o
    0x08006166   0x08006166   0x0000008e   Code   RO         7088    i.USBD_StdItfReq    usbd_ctlreq.o
    0x080061f4   0x080061f4   0x00000084   Code   RO         1502    i.USB_ActivateEndpoint  stm32f4xx_ll_usb.o
    0x08006278   0x08006278   0x0000001c   Code   RO         1504    i.USB_ActivateSetup  stm32f4xx_ll_usb.o
    0x08006294   0x08006294   0x00000118   Code   RO         1517    i.USB_EP0StartXfer  stm32f4xx_ll_usb.o
    0x080063ac   0x080063ac   0x00000054   Code   RO         1518    i.USB_EP0_OutStart  stm32f4xx_ll_usb.o
    0x08006400   0x08006400   0x00000058   Code   RO         1519    i.USB_EPClearStall  stm32f4xx_ll_usb.o
    0x08006458   0x08006458   0x00000058   Code   RO         1520    i.USB_EPSetStall    stm32f4xx_ll_usb.o
    0x080064b0   0x080064b0   0x000001f8   Code   RO         1521    i.USB_EPStartXfer   stm32f4xx_ll_usb.o
    0x080066a8   0x080066a8   0x000000a4   Code   RO         1522    i.USB_EPStopXfer    stm32f4xx_ll_usb.o
    0x0800674c   0x0800674c   0x00000048   Code   RO         1525    i.USB_FlushTxFifo   stm32f4xx_ll_usb.o
    0x08006794   0x08006794   0x00000020   Code   RO         1527    i.USB_GetDevSpeed   stm32f4xx_ll_usb.o
    0x080067b4   0x080067b4   0x00000008   Code   RO         1529    i.USB_GetMode       stm32f4xx_ll_usb.o
    0x080067bc   0x080067bc   0x0000000e   Code   RO         1536    i.USB_ReadDevAllInEpInterrupt  stm32f4xx_ll_usb.o
    0x080067ca   0x080067ca   0x0000000e   Code   RO         1537    i.USB_ReadDevAllOutEpInterrupt  stm32f4xx_ll_usb.o
    0x080067d8   0x080067d8   0x00000024   Code   RO         1538    i.USB_ReadDevInEPInterrupt  stm32f4xx_ll_usb.o
    0x080067fc   0x080067fc   0x00000010   Code   RO         1539    i.USB_ReadDevOutEPInterrupt  stm32f4xx_ll_usb.o
    0x0800680c   0x0800680c   0x00000008   Code   RO         1540    i.USB_ReadInterrupts  stm32f4xx_ll_usb.o
    0x08006814   0x08006814   0x0000003e   Code   RO         1541    i.USB_ReadPacket    stm32f4xx_ll_usb.o
    0x08006852   0x08006852   0x0000001e   Code   RO         1544    i.USB_SetDevAddress  stm32f4xx_ll_usb.o
    0x08006870   0x08006870   0x000000f4   Code   RO         1546    i.USB_SetTurnaroundTime  stm32f4xx_ll_usb.o
    0x08006964   0x08006964   0x00000028   Code   RO         1549    i.USB_WritePacket   stm32f4xx_ll_usb.o
    0x0800698c   0x0800698c   0x00000002   Code   RO          754    i.UsageFault_Handler  stm32f4xx_it.o
    0x0800698e   0x0800698e   0x00000020   Code   RO         2614    i.__NVIC_SetPriority  stm32f4xx_hal_cortex.o
    0x080069ae   0x080069ae   0x0000000e   Code   RO        10602    i.__scatterload_copy  mc_w.l(handlers.o)
    0x080069bc   0x080069bc   0x00000002   Code   RO        10603    i.__scatterload_null  mc_w.l(handlers.o)
    0x080069be   0x080069be   0x0000000e   Code   RO        10604    i.__scatterload_zeroinit  mc_w.l(handlers.o)
    0x080069cc   0x080069cc   0x00000046   Code   RO         9410    i.fifo_alloc        fifo.o
    0x08006a12   0x08006a12   0x00000034   Code   RO         9411    i.fifo_copy_in      fifo.o
    0x08006a46   0x08006a46   0x0000002a   Code   RO         9414    i.fifo_in           fifo.o
    0x08006a70   0x08006a70   0x0000006c   Code   RO           16    i.main              main.o
    0x08006adc   0x08006adc   0x0000006c   Code   RO        10431    i.malloc            mc_w.l(malloc.o)
    0x08006b48   0x08006b48   0x00000028   Code   RO         8498    i.osKernelGetState  cmsis_os2.o
    0x08006b70   0x08006b70   0x00000010   Code   RO         8501    i.osKernelGetTickCount  cmsis_os2.o
    0x08006b80   0x08006b80   0x0000006c   Code   RO         8518    i.osMessageQueueGet  cmsis_os2.o
    0x08006bec   0x08006bec   0x0000007c   Code   RO         8523    i.osMessageQueueNew  cmsis_os2.o
    0x08006c68   0x08006c68   0x00000070   Code   RO         8524    i.osMessageQueuePut  cmsis_os2.o
    0x08006cd8   0x08006cd8   0x00000060   Code   RO         7924    i.prvAddCurrentTaskToDelayedList  tasks.o
    0x08006d38   0x08006d38   0x00000028   Code   RO         7511    i.prvCopyDataFromQueue  queue.o
    0x08006d60   0x08006d60   0x0000006e   Code   RO         7512    i.prvCopyDataToQueue  queue.o
    0x08006dce   0x08006dce   0x00000002   PAD
    0x08006dd0   0x08006dd0   0x0000004c   Code   RO         9012    i.prvHeapInit       heap_4.o
    0x08006e1c   0x08006e1c   0x00000022   Code   RO         7515    i.prvInitialiseNewQueue  queue.o
    0x08006e3e   0x08006e3e   0x00000002   PAD
    0x08006e40   0x08006e40   0x00000054   Code   RO         9013    i.prvInsertBlockIntoFreeList  heap_4.o
    0x08006e94   0x08006e94   0x0000001a   Code   RO         7516    i.prvIsQueueEmpty   queue.o
    0x08006eae   0x08006eae   0x0000001e   Code   RO         7517    i.prvIsQueueFull    queue.o
    0x08006ecc   0x08006ecc   0x00000024   Code   RO         7932    i.prvResetNextTaskUnblockTime  tasks.o
    0x08006ef0   0x08006ef0   0x0000006a   Code   RO         7518    i.prvUnlockQueue    queue.o
    0x08006f5a   0x08006f5a   0x00000002   PAD
    0x08006f5c   0x08006f5c   0x000000dc   Code   RO         9014    i.pvPortMalloc      heap_4.o
    0x08007038   0x08007038   0x00000026   Code   RO         7471    i.uxListRemove      list.o
    0x0800705e   0x0800705e   0x00000016   Code   RO         7472    i.vListInitialise   list.o
    0x08007074   0x08007074   0x00000030   Code   RO         7474    i.vListInsert       list.o
    0x080070a4   0x080070a4   0x00000018   Code   RO         7475    i.vListInsertEnd    list.o
    0x080070bc   0x080070bc   0x00000040   Code   RO         9071    i.vPortEnterCritical  port.o
    0x080070fc   0x080070fc   0x0000002c   Code   RO         9072    i.vPortExitCritical  port.o
    0x08007128   0x08007128   0x00000054   Code   RO         9074    i.vPortValidateInterruptPriority  port.o
    0x0800717c   0x0800717c   0x00000024   Code   RO         7524    i.vQueueAddToRegistry  queue.o
    0x080071a0   0x080071a0   0x00000010   Code   RO         7950    i.vTaskInternalSetTimeOutState  tasks.o
    0x080071b0   0x080071b0   0x0000000c   Code   RO         7951    i.vTaskMissedYield  tasks.o
    0x080071bc   0x080071bc   0x00000034   Code   RO         7953    i.vTaskPlaceOnEventList  tasks.o
    0x080071f0   0x080071f0   0x00000010   Code   RO         7964    i.vTaskSuspendAll   tasks.o
    0x08007200   0x08007200   0x00000068   Code   RO         7965    i.vTaskSwitchContext  tasks.o
    0x08007268   0x08007268   0x0000002c   Code   RO         9076    i.xPortSysTickHandler  port.o
    0x08007294   0x08007294   0x00000044   Code   RO         7533    i.xQueueGenericCreate  queue.o
    0x080072d8   0x080072d8   0x0000006c   Code   RO         7534    i.xQueueGenericCreateStatic  queue.o
    0x08007344   0x08007344   0x0000008c   Code   RO         7535    i.xQueueGenericReset  queue.o
    0x080073d0   0x080073d0   0x00000164   Code   RO         7536    i.xQueueGenericSend  queue.o
    0x08007534   0x08007534   0x000000c0   Code   RO         7537    i.xQueueGenericSendFromISR  queue.o
    0x080075f4   0x080075f4   0x0000013c   Code   RO         7546    i.xQueueReceive     queue.o
    0x08007730   0x08007730   0x0000009c   Code   RO         7547    i.xQueueReceiveFromISR  queue.o
    0x080077cc   0x080077cc   0x0000007c   Code   RO         7967    i.xTaskCheckForTimeOut  tasks.o
    0x08007848   0x08007848   0x0000001c   Code   RO         7973    i.xTaskGetSchedulerState  tasks.o
    0x08007864   0x08007864   0x0000000c   Code   RO         7974    i.xTaskGetTickCount  tasks.o
    0x08007870   0x08007870   0x00000010   Code   RO         7975    i.xTaskGetTickCountFromISR  tasks.o
    0x08007880   0x08007880   0x000000cc   Code   RO         7976    i.xTaskIncrementTick  tasks.o
    0x0800794c   0x0800794c   0x0000007c   Code   RO         7979    i.xTaskPriorityDisinherit  tasks.o
    0x080079c8   0x080079c8   0x00000078   Code   RO         7981    i.xTaskRemoveFromEventList  tasks.o
    0x08007a40   0x08007a40   0x000000c8   Code   RO         7982    i.xTaskResumeAll    tasks.o
    0x08007b08   0x08007b08   0x00000014   Data   RO         1086    .constdata          sd_diskio.o
    0x08007b1c   0x08007b1c   0x00000008   Data   RO         2331    .constdata          stm32f4xx_hal_dma.o
    0x08007b24   0x08007b24   0x00000010   Data   RO         5892    .constdata          system_stm32f4xx.o
    0x08007b34   0x08007b34   0x00000008   Data   RO         5893    .constdata          system_stm32f4xx.o
    0x08007b3c   0x08007b3c   0x00000020   Data   RO        10600    Region$$Table       anon$$obj.o


    Execution Region RW_IRAM1 (Exec base: 0x20000000, Load base: 0x08007b5c, Size: 0x00005580, Max: 0x0001c000, ABSOLUTE)

    Exec Addr    Load Addr    Size         Type   Attr      Idx    E Section Name        Object

    0x20000000   0x08007b5c   0x00000004   Data   RW           19    .data               main.o
    0x20000004   0x08007b60   0x00000004   Data   RW           20    .data               main.o
    0x20000008   0x08007b64   0x00000004   Data   RW           21    .data               main.o
    0x2000000c   0x08007b68   0x00000020   Data   RW          355    .data               freertos.o
    0x2000002c   0x08007b88   0x00000008   Data   RW         1087    .data               sd_diskio.o
    0x20000034   0x08007b90   0x00000005   Data   RW         1182    .data               fatfs.o
    0x20000039   0x08007b95   0x00000003   PAD
    0x2000003c   0x08007b98   0x0000000c   Data   RW         2758    .data               stm32f4xx_hal.o
    0x20000048   0x08007ba4   0x00000004   Data   RW         5894    .data               system_stm32f4xx.o
    0x2000004c   0x08007ba8   0x00000001   Data   RW         7089    .data               usbd_ctlreq.o
    0x2000004d   0x08007ba9   0x00000003   PAD
    0x20000050   0x08007bac   0x0000003c   Data   RW         7985    .data               tasks.o
    0x2000008c   0x08007be8   0x00000004   Data   RW         8563    .data               cmsis_os2.o
    0x20000090   0x08007bec   0x00000020   Data   RW         9021    .data               heap_4.o
    0x200000b0   0x08007c0c   0x0000000c   Data   RW         9077    .data               port.o
    0x200000bc   0x08007c18   0x00000004   Data   RW        10542    .data               mc_w.l(mvars.o)
    0x200000c0   0x08007c1c   0x00000004   Data   RW        10543    .data               mc_w.l(mvars.o)
    0x200000c4        -       0x00000110   Zero   RW           17    .bss                main.o
    0x200001d4        -       0x00000014   Zero   RW          352    .bss                freertos.o
    0x200001e8        -       0x00000048   Zero   RW          423    .bss                adc.o
    0x20000230        -       0x00000020   Zero   RW          490    .bss                rtc.o
    0x20000250        -       0x00000144   Zero   RW          538    .bss                sdio.o
    0x20000394        -       0x00000118   Zero   RW          580    .bss                spi.o
    0x200004ac        -       0x00000048   Zero   RW          624    .bss                tim.o
    0x200004f4        -       0x00000208   Zero   RW          679    .bss                usart.o
    0x200006fc        -       0x00000048   Zero   RW          920    .bss                stm32f4xx_hal_timebase_tim.o
    0x20000744        -       0x0000000c   Zero   RW         6383    .bss                ff_gen_drv.o
    0x20000750        -       0x0000072c   Zero   RW         6736    .bss                usbd_conf.o
    0x20000e7c        -       0x00000040   Zero   RW         7550    .bss                queue.o
    0x20000ebc        -       0x000004c4   Zero   RW         7984    .bss                tasks.o
    0x20001380        -       0x00003c00   Zero   RW         9020    .bss                heap_4.o
    0x20004f80        -       0x00000200   Zero   RW            2    HEAP                startup_stm32f407xx.o
    0x20005180        -       0x00000400   Zero   RW            1    STACK               startup_stm32f407xx.o


    Execution Region RW_IRAM2 (Exec base: 0x2001c000, Load base: 0x08007c20, Size: 0x00000000, Max: 0x00004000, ABSOLUTE)

    **** No section assigned to this execution region ****


==============================================================================

Image component sizes


      Code (inc. data)   RO Data    RW Data    ZI Data      Debug   Object Name

       212         26          0          0         72       1717   adc.o
       188         22          0          0          0       6178   bsp_driver_sd.o
       426         12          0          4          0      34216   cmsis_os2.o
       172          4          0          0          0        870   dma.o
        80         20          0          0          0       2511   esp8266client.o
         0          0          0          0          0      19488   event_groups.o
        28         10          0          5          0       1062   fatfs.o
        24          4          0          0          0        569   fatfs_platform.o
        70          6          0          0         12       1639   ff_gen_drv.o
       164          0          0          0          0       3155   fifo.o
         0          0          0         32         20       1519   freertos.o
       200         16          0          0          0       1039   gpio.o
       380         20          0         32      15360       4043   heap_4.o
       132          0          0          0          0       3024   list.o
       336         36          0         12        272     802805   main.o
       426         48          0         12          0       6368   port.o
      1718         20          0          0         64      19520   queue.o
       456         32          0          0         32       2499   rtc.o
       506         38         20          8          0       7005   sd_diskio.o
       388         34          0          0        324       1911   sdio.o
       288         28          0          0        280       1875   spi.o
        36          8        392          0       1536        840   startup_stm32f407xx.o
       116         18          0         12          0       8742   stm32f4xx_hal.o
      1044         24          0          0          0       5642   stm32f4xx_hal_adc.o
         2          0          0          0          0       1017   stm32f4xx_hal_adc_ex.o
       158         14          0          0          0      33258   stm32f4xx_hal_cortex.o
      1174         14          8          0          0       8133   stm32f4xx_hal_dma.o
       508         44          0          0          0       3664   stm32f4xx_hal_gpio.o
        76          6          0          0          0        878   stm32f4xx_hal_msp.o
      2240         14          0          0          0      11194   stm32f4xx_hal_pcd.o
         2          0          0          0          0        989   stm32f4xx_hal_pcd_ex.o
        24          8          0          0          0       1079   stm32f4xx_hal_pwr.o
      1532         84          0          0          0       7017   stm32f4xx_hal_rcc.o
       328         22          0          0          0       1508   stm32f4xx_hal_rcc_ex.o
      1372         40          0          0          0      10655   stm32f4xx_hal_rtc.o
        26          0          0          0          0       2363   stm32f4xx_hal_rtc_ex.o
      3310         66          0          0          0      20107   stm32f4xx_hal_sd.o
       190          0          0          0          0       1211   stm32f4xx_hal_spi.o
      1130         74          0          0          0       9955   stm32f4xx_hal_tim.o
       148         30          0          0          0       2541   stm32f4xx_hal_tim_ex.o
       152         20          0          0         72       1563   stm32f4xx_hal_timebase_tim.o
      1918         30          0          0          0      15561   stm32f4xx_hal_uart.o
       266        100          0          0          0      11494   stm32f4xx_it.o
      1700         42          0          0          0      24791   stm32f4xx_ll_sdmmc.o
      1944        100          0          0          0      16458   stm32f4xx_ll_usb.o
         0          0          0          0          0        400   stream_buffer.o
        16          4         24          4          0       1139   system_stm32f4xx.o
      1160        112          0         60       1220      18918   tasks.o
       136         10          0          0         72       1670   tim.o
         0          0          0          0          0       4692   timers.o
       572         52          0          0        520       2807   usart.o
       376          4          0          0       1836      13142   usbd_conf.o
       854          0          0          0          0      12843   usbd_core.o
      1820         30          0          1          0      16699   usbd_ctlreq.o
       102          0          0          0          0       3832   usbd_ioreq.o

    ----------------------------------------------------------------------
     30674       1346        476        188      21692    1199815   Object Totals
         0          0         32          0          0          0   (incl. Generated)
        48          0          0          6          0          0   (incl. Padding)

    ----------------------------------------------------------------------

      Code (inc. data)   RO Data    RW Data    ZI Data      Debug   Library Member Name

         0          0          0          0          0          0   entry.o
         0          0          0          0          0          0   entry10a.o
         0          0          0          0          0          0   entry11a.o
         4          0          0          0          0          0   entry12b.o
         8          4          0          0          0          0   entry2.o
         4          0          0          0          0          0   entry5.o
         0          0          0          0          0          0   entry7b.o
         0          0          0          0          0          0   entry8b.o
         8          4          0          0          0          0   entry9a.o
        30          0          0          0          0          0   handlers.o
        36          8          0          0          0         68   init.o
        30          0          0          0          0         68   llshl.o
        32          0          0          0          0         68   llushr.o
       108         16          0          0          0         84   malloc.o
        36          0          0          0          0         68   memcpya.o
        36          0          0          0          0        108   memseta.o
         0          0          0          8          0          0   mvars.o
        98          0          0          0          0         92   uldiv.o

    ----------------------------------------------------------------------
       430         32          0          8          0        556   Library Totals
         0          0          0          0          0          0   (incl. Padding)

    ----------------------------------------------------------------------

      Code (inc. data)   RO Data    RW Data    ZI Data      Debug   Library Name

       430         32          0          8          0        556   mc_w.l

    ----------------------------------------------------------------------
       430         32          0          8          0        556   Library Totals

    ----------------------------------------------------------------------

==============================================================================


      Code (inc. data)   RO Data    RW Data    ZI Data      Debug   

     31104       1378        476        196      21692    1165967   Grand Totals
     31104       1378        476        196      21692    1165967   ELF Image Totals
     31104       1378        476        196          0          0   ROM Totals

==============================================================================

    Total RO  Size (Code + RO Data)                31580 (  30.84kB)
    Total RW  Size (RW Data + ZI Data)             21888 (  21.38kB)
    Total ROM Size (Code + RO Data + RW Data)      31776 (  31.03kB)

==============================================================================

